ARM GAS  C:\Users\YUANFA~1\AppData\Local\Temp\ccHfGBSA.s 			page 1


   1              		.syntax unified
   2              		.cpu cortex-m0plus
   3              		.fpu softvfp
   4              		.eabi_attribute 20, 1
   5              		.eabi_attribute 21, 1
   6              		.eabi_attribute 23, 3
   7              		.eabi_attribute 24, 1
   8              		.eabi_attribute 25, 1
   9              		.eabi_attribute 26, 1
  10              		.eabi_attribute 30, 1
  11              		.eabi_attribute 34, 0
  12              		.eabi_attribute 18, 4
  13              		.thumb
  14              		.syntax unified
  15              		.file	"cyfitter_cfg.c"
  16              		.text
  17              	.Ltext0:
  18              		.cfi_sections	.debug_frame
  19              		.section	.psocinit,"ax",%progbits
  20              		.align	2
  21              		.code	16
  22              		.thumb_func
  23              		.type	ClockSetup, %function
  24              	ClockSetup:
  25              	.LFB4:
  26              		.file 1 "Generated_Source\\PSoC4\\cyfitter_cfg.c"
   1:Generated_Source\PSoC4/cyfitter_cfg.c **** 
   2:Generated_Source\PSoC4/cyfitter_cfg.c **** /*******************************************************************************
   3:Generated_Source\PSoC4/cyfitter_cfg.c **** * File Name: cyfitter_cfg.c
   4:Generated_Source\PSoC4/cyfitter_cfg.c **** * 
   5:Generated_Source\PSoC4/cyfitter_cfg.c **** * PSoC Creator  4.4
   6:Generated_Source\PSoC4/cyfitter_cfg.c **** *
   7:Generated_Source\PSoC4/cyfitter_cfg.c **** * Description:
   8:Generated_Source\PSoC4/cyfitter_cfg.c **** * This file contains device initialization code.
   9:Generated_Source\PSoC4/cyfitter_cfg.c **** * Except for the user defined sections in CyClockStartupError(), this file should not be modified.
  10:Generated_Source\PSoC4/cyfitter_cfg.c **** * This file is automatically generated by PSoC Creator.
  11:Generated_Source\PSoC4/cyfitter_cfg.c **** *
  12:Generated_Source\PSoC4/cyfitter_cfg.c **** ********************************************************************************
  13:Generated_Source\PSoC4/cyfitter_cfg.c **** * Copyright (c) 2007-2020 Cypress Semiconductor.  All rights reserved.
  14:Generated_Source\PSoC4/cyfitter_cfg.c **** * You may use this file only in accordance with the license, terms, conditions, 
  15:Generated_Source\PSoC4/cyfitter_cfg.c **** * disclaimers, and limitations in the end user license agreement accompanying 
  16:Generated_Source\PSoC4/cyfitter_cfg.c **** * the software package with which this file was provided.
  17:Generated_Source\PSoC4/cyfitter_cfg.c **** ********************************************************************************/
  18:Generated_Source\PSoC4/cyfitter_cfg.c **** 
  19:Generated_Source\PSoC4/cyfitter_cfg.c **** #include <string.h>
  20:Generated_Source\PSoC4/cyfitter_cfg.c **** #include "cytypes.h"
  21:Generated_Source\PSoC4/cyfitter_cfg.c **** #include "cydevice_trm.h"
  22:Generated_Source\PSoC4/cyfitter_cfg.c **** #include "cyfitter.h"
  23:Generated_Source\PSoC4/cyfitter_cfg.c **** #include "CyLib.h"
  24:Generated_Source\PSoC4/cyfitter_cfg.c **** #include "CyLFClk.h"
  25:Generated_Source\PSoC4/cyfitter_cfg.c **** #include "cyfitter_cfg.h"
  26:Generated_Source\PSoC4/cyfitter_cfg.c **** #include "cyapicallbacks.h"
  27:Generated_Source\PSoC4/cyfitter_cfg.c **** 
  28:Generated_Source\PSoC4/cyfitter_cfg.c **** 
  29:Generated_Source\PSoC4/cyfitter_cfg.c **** #if defined(__GNUC__) || defined(__ARMCC_VERSION)
  30:Generated_Source\PSoC4/cyfitter_cfg.c ****     #define CYPACKED 
  31:Generated_Source\PSoC4/cyfitter_cfg.c ****     #define CYPACKED_ATTR __attribute__ ((packed))
ARM GAS  C:\Users\YUANFA~1\AppData\Local\Temp\ccHfGBSA.s 			page 2


  32:Generated_Source\PSoC4/cyfitter_cfg.c ****     #define CYALIGNED __attribute__ ((aligned))
  33:Generated_Source\PSoC4/cyfitter_cfg.c ****     #define CY_CFG_UNUSED __attribute__ ((unused))
  34:Generated_Source\PSoC4/cyfitter_cfg.c ****     #ifndef CY_CFG_SECTION
  35:Generated_Source\PSoC4/cyfitter_cfg.c ****         #define CY_CFG_SECTION __attribute__ ((section(".psocinit")))
  36:Generated_Source\PSoC4/cyfitter_cfg.c ****     #endif
  37:Generated_Source\PSoC4/cyfitter_cfg.c ****     
  38:Generated_Source\PSoC4/cyfitter_cfg.c ****     #if defined(__ARMCC_VERSION)
  39:Generated_Source\PSoC4/cyfitter_cfg.c ****         #define CY_CFG_MEMORY_BARRIER() __memory_changed()
  40:Generated_Source\PSoC4/cyfitter_cfg.c ****     #else
  41:Generated_Source\PSoC4/cyfitter_cfg.c ****         #define CY_CFG_MEMORY_BARRIER() __sync_synchronize()
  42:Generated_Source\PSoC4/cyfitter_cfg.c ****     #endif
  43:Generated_Source\PSoC4/cyfitter_cfg.c ****     
  44:Generated_Source\PSoC4/cyfitter_cfg.c **** #elif defined(__ICCARM__)
  45:Generated_Source\PSoC4/cyfitter_cfg.c ****     #include <intrinsics.h>
  46:Generated_Source\PSoC4/cyfitter_cfg.c **** 
  47:Generated_Source\PSoC4/cyfitter_cfg.c ****     #define CYPACKED __packed
  48:Generated_Source\PSoC4/cyfitter_cfg.c ****     #define CYPACKED_ATTR 
  49:Generated_Source\PSoC4/cyfitter_cfg.c ****     #define CYALIGNED _Pragma("data_alignment=4")
  50:Generated_Source\PSoC4/cyfitter_cfg.c ****     #define CY_CFG_UNUSED _Pragma("diag_suppress=Pe177")
  51:Generated_Source\PSoC4/cyfitter_cfg.c ****     #define CY_CFG_SECTION _Pragma("location=\".psocinit\"")
  52:Generated_Source\PSoC4/cyfitter_cfg.c ****     
  53:Generated_Source\PSoC4/cyfitter_cfg.c ****     #define CY_CFG_MEMORY_BARRIER() __DMB()
  54:Generated_Source\PSoC4/cyfitter_cfg.c ****     
  55:Generated_Source\PSoC4/cyfitter_cfg.c **** #else
  56:Generated_Source\PSoC4/cyfitter_cfg.c ****     #error Unsupported toolchain
  57:Generated_Source\PSoC4/cyfitter_cfg.c **** #endif
  58:Generated_Source\PSoC4/cyfitter_cfg.c **** 
  59:Generated_Source\PSoC4/cyfitter_cfg.c **** #ifndef CYCODE
  60:Generated_Source\PSoC4/cyfitter_cfg.c ****     #define CYCODE
  61:Generated_Source\PSoC4/cyfitter_cfg.c **** #endif
  62:Generated_Source\PSoC4/cyfitter_cfg.c **** #ifndef CYDATA
  63:Generated_Source\PSoC4/cyfitter_cfg.c ****     #define CYDATA
  64:Generated_Source\PSoC4/cyfitter_cfg.c **** #endif
  65:Generated_Source\PSoC4/cyfitter_cfg.c **** #ifndef CYFAR
  66:Generated_Source\PSoC4/cyfitter_cfg.c ****     #define CYFAR
  67:Generated_Source\PSoC4/cyfitter_cfg.c **** #endif
  68:Generated_Source\PSoC4/cyfitter_cfg.c **** #ifndef CYXDATA
  69:Generated_Source\PSoC4/cyfitter_cfg.c ****     #define CYXDATA
  70:Generated_Source\PSoC4/cyfitter_cfg.c **** #endif
  71:Generated_Source\PSoC4/cyfitter_cfg.c **** 
  72:Generated_Source\PSoC4/cyfitter_cfg.c **** 
  73:Generated_Source\PSoC4/cyfitter_cfg.c **** CY_CFG_UNUSED
  74:Generated_Source\PSoC4/cyfitter_cfg.c **** static void CYMEMZERO(void *s, size_t n);
  75:Generated_Source\PSoC4/cyfitter_cfg.c **** CY_CFG_UNUSED
  76:Generated_Source\PSoC4/cyfitter_cfg.c **** static void CYMEMZERO(void *s, size_t n)
  77:Generated_Source\PSoC4/cyfitter_cfg.c **** {
  78:Generated_Source\PSoC4/cyfitter_cfg.c **** 	(void)memset(s, 0, n);
  79:Generated_Source\PSoC4/cyfitter_cfg.c **** }
  80:Generated_Source\PSoC4/cyfitter_cfg.c **** CY_CFG_UNUSED
  81:Generated_Source\PSoC4/cyfitter_cfg.c **** static void CYCONFIGCPY(void *dest, const void *src, size_t n);
  82:Generated_Source\PSoC4/cyfitter_cfg.c **** CY_CFG_UNUSED
  83:Generated_Source\PSoC4/cyfitter_cfg.c **** static void CYCONFIGCPY(void *dest, const void *src, size_t n)
  84:Generated_Source\PSoC4/cyfitter_cfg.c **** {
  85:Generated_Source\PSoC4/cyfitter_cfg.c **** 	(void)memcpy(dest, src, n);
  86:Generated_Source\PSoC4/cyfitter_cfg.c **** }
  87:Generated_Source\PSoC4/cyfitter_cfg.c **** CY_CFG_UNUSED
  88:Generated_Source\PSoC4/cyfitter_cfg.c **** static void CYCONFIGCPYCODE(void *dest, const void *src, size_t n);
ARM GAS  C:\Users\YUANFA~1\AppData\Local\Temp\ccHfGBSA.s 			page 3


  89:Generated_Source\PSoC4/cyfitter_cfg.c **** CY_CFG_UNUSED
  90:Generated_Source\PSoC4/cyfitter_cfg.c **** static void CYCONFIGCPYCODE(void *dest, const void *src, size_t n)
  91:Generated_Source\PSoC4/cyfitter_cfg.c **** {
  92:Generated_Source\PSoC4/cyfitter_cfg.c **** 	(void)memcpy(dest, src, n);
  93:Generated_Source\PSoC4/cyfitter_cfg.c **** }
  94:Generated_Source\PSoC4/cyfitter_cfg.c **** 
  95:Generated_Source\PSoC4/cyfitter_cfg.c **** 
  96:Generated_Source\PSoC4/cyfitter_cfg.c **** 
  97:Generated_Source\PSoC4/cyfitter_cfg.c **** 
  98:Generated_Source\PSoC4/cyfitter_cfg.c **** /* Clock startup error codes                                                   */
  99:Generated_Source\PSoC4/cyfitter_cfg.c **** #define CYCLOCKSTART_NO_ERROR    0u
 100:Generated_Source\PSoC4/cyfitter_cfg.c **** #define CYCLOCKSTART_XTAL_ERROR  1u
 101:Generated_Source\PSoC4/cyfitter_cfg.c **** #define CYCLOCKSTART_32KHZ_ERROR 2u
 102:Generated_Source\PSoC4/cyfitter_cfg.c **** #define CYCLOCKSTART_PLL_ERROR   3u
 103:Generated_Source\PSoC4/cyfitter_cfg.c **** #define CYCLOCKSTART_FLL_ERROR   4u
 104:Generated_Source\PSoC4/cyfitter_cfg.c **** #define CYCLOCKSTART_WCO_ERROR   5u
 105:Generated_Source\PSoC4/cyfitter_cfg.c **** 
 106:Generated_Source\PSoC4/cyfitter_cfg.c **** 
 107:Generated_Source\PSoC4/cyfitter_cfg.c **** #ifdef CY_NEED_CYCLOCKSTARTUPERROR
 108:Generated_Source\PSoC4/cyfitter_cfg.c **** /*******************************************************************************
 109:Generated_Source\PSoC4/cyfitter_cfg.c **** * Function Name: CyClockStartupError
 110:Generated_Source\PSoC4/cyfitter_cfg.c **** ********************************************************************************
 111:Generated_Source\PSoC4/cyfitter_cfg.c **** * Summary:
 112:Generated_Source\PSoC4/cyfitter_cfg.c **** *  If an error is encountered during clock configuration (crystal startup error,
 113:Generated_Source\PSoC4/cyfitter_cfg.c **** *  PLL lock error, etc.), the system will end up here.  Unless reimplemented by
 114:Generated_Source\PSoC4/cyfitter_cfg.c **** *  the customer, this function will stop in an infinite loop.
 115:Generated_Source\PSoC4/cyfitter_cfg.c **** *
 116:Generated_Source\PSoC4/cyfitter_cfg.c **** * Parameters:
 117:Generated_Source\PSoC4/cyfitter_cfg.c **** *   void
 118:Generated_Source\PSoC4/cyfitter_cfg.c **** *
 119:Generated_Source\PSoC4/cyfitter_cfg.c **** * Return:
 120:Generated_Source\PSoC4/cyfitter_cfg.c **** *   void
 121:Generated_Source\PSoC4/cyfitter_cfg.c **** *
 122:Generated_Source\PSoC4/cyfitter_cfg.c **** *******************************************************************************/
 123:Generated_Source\PSoC4/cyfitter_cfg.c **** CY_CFG_UNUSED
 124:Generated_Source\PSoC4/cyfitter_cfg.c **** static void CyClockStartupError(uint8 errorCode);
 125:Generated_Source\PSoC4/cyfitter_cfg.c **** CY_CFG_UNUSED
 126:Generated_Source\PSoC4/cyfitter_cfg.c **** static void CyClockStartupError(uint8 errorCode)
 127:Generated_Source\PSoC4/cyfitter_cfg.c **** {
 128:Generated_Source\PSoC4/cyfitter_cfg.c ****     /* To remove the compiler warning if errorCode not used.                */
 129:Generated_Source\PSoC4/cyfitter_cfg.c ****     errorCode = errorCode;
 130:Generated_Source\PSoC4/cyfitter_cfg.c **** 
 131:Generated_Source\PSoC4/cyfitter_cfg.c ****     /* If we have a clock startup error (bad MHz crystal, PLL lock, etc.),  */
 132:Generated_Source\PSoC4/cyfitter_cfg.c ****     /* we will end up here to allow the customer to implement something to  */
 133:Generated_Source\PSoC4/cyfitter_cfg.c ****     /* deal with the clock condition.                                       */
 134:Generated_Source\PSoC4/cyfitter_cfg.c **** 
 135:Generated_Source\PSoC4/cyfitter_cfg.c **** #ifdef CY_CFG_CLOCK_STARTUP_ERROR_CALLBACK
 136:Generated_Source\PSoC4/cyfitter_cfg.c ****     CY_CFG_Clock_Startup_ErrorCallback();
 137:Generated_Source\PSoC4/cyfitter_cfg.c **** #else
 138:Generated_Source\PSoC4/cyfitter_cfg.c ****     /*  If not using CY_CFG_CLOCK_STARTUP_ERROR_CALLBACK, place your clock startup code here. */
 139:Generated_Source\PSoC4/cyfitter_cfg.c ****     /* `#START CyClockStartupError` */
 140:Generated_Source\PSoC4/cyfitter_cfg.c **** 
 141:Generated_Source\PSoC4/cyfitter_cfg.c **** 
 142:Generated_Source\PSoC4/cyfitter_cfg.c **** 
 143:Generated_Source\PSoC4/cyfitter_cfg.c ****     /* `#END` */
 144:Generated_Source\PSoC4/cyfitter_cfg.c **** 
 145:Generated_Source\PSoC4/cyfitter_cfg.c ****     while(1) {}
ARM GAS  C:\Users\YUANFA~1\AppData\Local\Temp\ccHfGBSA.s 			page 4


 146:Generated_Source\PSoC4/cyfitter_cfg.c **** #endif /* CY_CFG_CLOCK_STARTUP_ERROR_CALLBACK */
 147:Generated_Source\PSoC4/cyfitter_cfg.c **** }
 148:Generated_Source\PSoC4/cyfitter_cfg.c **** #endif
 149:Generated_Source\PSoC4/cyfitter_cfg.c **** 
 150:Generated_Source\PSoC4/cyfitter_cfg.c **** 
 151:Generated_Source\PSoC4/cyfitter_cfg.c **** 
 152:Generated_Source\PSoC4/cyfitter_cfg.c **** /*******************************************************************************
 153:Generated_Source\PSoC4/cyfitter_cfg.c **** * Function Name: ClockSetup
 154:Generated_Source\PSoC4/cyfitter_cfg.c **** ********************************************************************************
 155:Generated_Source\PSoC4/cyfitter_cfg.c **** *
 156:Generated_Source\PSoC4/cyfitter_cfg.c **** * Summary:
 157:Generated_Source\PSoC4/cyfitter_cfg.c **** *   Performs the initialization of all of the clocks in the device based on the
 158:Generated_Source\PSoC4/cyfitter_cfg.c **** *   settings in the Clock tab of the DWR.  This includes enabling the requested
 159:Generated_Source\PSoC4/cyfitter_cfg.c **** *   clocks and setting the necessary dividers to produce the desired frequency. 
 160:Generated_Source\PSoC4/cyfitter_cfg.c **** *
 161:Generated_Source\PSoC4/cyfitter_cfg.c **** * Parameters:
 162:Generated_Source\PSoC4/cyfitter_cfg.c **** *   void
 163:Generated_Source\PSoC4/cyfitter_cfg.c **** *
 164:Generated_Source\PSoC4/cyfitter_cfg.c **** * Return:
 165:Generated_Source\PSoC4/cyfitter_cfg.c **** *   void
 166:Generated_Source\PSoC4/cyfitter_cfg.c **** *
 167:Generated_Source\PSoC4/cyfitter_cfg.c **** *******************************************************************************/
 168:Generated_Source\PSoC4/cyfitter_cfg.c **** static void ClockSetup(void);
 169:Generated_Source\PSoC4/cyfitter_cfg.c **** CY_CFG_SECTION
 170:Generated_Source\PSoC4/cyfitter_cfg.c **** static void ClockSetup(void)
 171:Generated_Source\PSoC4/cyfitter_cfg.c **** {
  27              		.loc 1 171 0
  28              		.cfi_startproc
  29              		@ args = 0, pretend = 0, frame = 0
  30              		@ frame_needed = 0, uses_anonymous_args = 0
  31 0000 70B5     		push	{r4, r5, r6, lr}
  32              		.cfi_def_cfa_offset 16
  33              		.cfi_offset 4, -16
  34              		.cfi_offset 5, -12
  35              		.cfi_offset 6, -8
  36              		.cfi_offset 14, -4
 172:Generated_Source\PSoC4/cyfitter_cfg.c **** 
 173:Generated_Source\PSoC4/cyfitter_cfg.c **** 	/* Set Flash Cycles based on max possible frequency in case a glitch occurs during ClockSetup(). *
 174:Generated_Source\PSoC4/cyfitter_cfg.c **** 	CY_SET_REG32((void CYXDATA *)(CYREG_CPUSS_FLASH_CTL), (0x0012u));
  37              		.loc 1 174 0
  38 0002 154C     		ldr	r4, .L2
  39 0004 1223     		movs	r3, #18
  40 0006 2360     		str	r3, [r4]
 175:Generated_Source\PSoC4/cyfitter_cfg.c **** 	/* Update IMO to new clock speed. */
 176:Generated_Source\PSoC4/cyfitter_cfg.c **** 	CySysClkWriteImoFreq(24u);
  41              		.loc 1 176 0
  42 0008 1820     		movs	r0, #24
  43 000a FFF7FEFF 		bl	CySysClkWriteImoFreq
  44              	.LVL0:
 177:Generated_Source\PSoC4/cyfitter_cfg.c **** 
 178:Generated_Source\PSoC4/cyfitter_cfg.c **** 	/* Setup phase aligned clocks */
 179:Generated_Source\PSoC4/cyfitter_cfg.c **** 	CY_SET_REG32((void *)CYREG_PERI_DIV_16_CTL0, 0x0000FE00u);
  45              		.loc 1 179 0
  46 000e FE22     		movs	r2, #254
  47 0010 1202     		lsls	r2, r2, #8
  48 0012 124B     		ldr	r3, .L2+4
  49 0014 1A60     		str	r2, [r3]
ARM GAS  C:\Users\YUANFA~1\AppData\Local\Temp\ccHfGBSA.s 			page 5


 180:Generated_Source\PSoC4/cyfitter_cfg.c **** 	CY_SET_REG32((void *)CYREG_PERI_DIV_CMD, 0x8000FF40u);
  50              		.loc 1 180 0
  51 0016 124B     		ldr	r3, .L2+8
  52 0018 124A     		ldr	r2, .L2+12
  53 001a 1A60     		str	r2, [r3]
 181:Generated_Source\PSoC4/cyfitter_cfg.c **** 	CY_SET_REG32((void *)CYREG_PERI_DIV_16_CTL1, 0x00001000u);
  54              		.loc 1 181 0
  55 001c 8021     		movs	r1, #128
  56 001e 4901     		lsls	r1, r1, #5
  57 0020 114A     		ldr	r2, .L2+16
  58 0022 1160     		str	r1, [r2]
 182:Generated_Source\PSoC4/cyfitter_cfg.c **** 	CY_SET_REG32((void *)CYREG_PERI_DIV_CMD, 0x8000FF41u);
  59              		.loc 1 182 0
  60 0024 114A     		ldr	r2, .L2+20
  61 0026 1A60     		str	r2, [r3]
 183:Generated_Source\PSoC4/cyfitter_cfg.c **** 
 184:Generated_Source\PSoC4/cyfitter_cfg.c **** 	/* CYDEV_CLK_SELECT Starting address: CYDEV_CLK_SELECT */
 185:Generated_Source\PSoC4/cyfitter_cfg.c **** 	CY_SET_REG32((void *)(CYREG_CLK_SELECT), 0x00000000u);
  62              		.loc 1 185 0
  63 0028 0025     		movs	r5, #0
  64 002a 114B     		ldr	r3, .L2+24
  65 002c 1D60     		str	r5, [r3]
 186:Generated_Source\PSoC4/cyfitter_cfg.c **** 
 187:Generated_Source\PSoC4/cyfitter_cfg.c **** 	/* CYDEV_PERI_PCLK_CTL5 Starting address: CYDEV_PERI_PCLK_CTL5 */
 188:Generated_Source\PSoC4/cyfitter_cfg.c **** 	CY_SET_REG32((void *)(CYREG_PERI_PCLK_CTL5), 0x00000040u);
  66              		.loc 1 188 0
  67 002e 4022     		movs	r2, #64
  68 0030 104B     		ldr	r3, .L2+28
  69 0032 1A60     		str	r2, [r3]
 189:Generated_Source\PSoC4/cyfitter_cfg.c **** 
 190:Generated_Source\PSoC4/cyfitter_cfg.c **** 	/* CYDEV_PERI_PCLK_CTL3 Starting address: CYDEV_PERI_PCLK_CTL3 */
 191:Generated_Source\PSoC4/cyfitter_cfg.c **** 	CY_SET_REG32((void *)(CYREG_PERI_PCLK_CTL3), 0x00000041u);
  70              		.loc 1 191 0
  71 0034 0132     		adds	r2, r2, #1
  72 0036 104B     		ldr	r3, .L2+32
  73 0038 1A60     		str	r2, [r3]
 192:Generated_Source\PSoC4/cyfitter_cfg.c **** 
 193:Generated_Source\PSoC4/cyfitter_cfg.c **** 	(void)CyIntSetVector(13u, &CySysTimerIsr);
  74              		.loc 1 193 0
  75 003a 1049     		ldr	r1, .L2+36
  76 003c 0D20     		movs	r0, #13
  77 003e FFF7FEFF 		bl	CyIntSetVector
  78              	.LVL1:
 194:Generated_Source\PSoC4/cyfitter_cfg.c **** 	CyIntEnable(13u);
  79              		.loc 1 194 0
  80 0042 0D20     		movs	r0, #13
  81 0044 FFF7FEFF 		bl	CyIntEnable
  82              	.LVL2:
 195:Generated_Source\PSoC4/cyfitter_cfg.c **** 	CY_SET_REG32((void *)(CYREG_WCO_WDT_CONFIG), 0x00000000u);
  83              		.loc 1 195 0
  84 0048 0D4B     		ldr	r3, .L2+40
  85 004a 1D60     		str	r5, [r3]
 196:Generated_Source\PSoC4/cyfitter_cfg.c **** 	CySysClkSetTimerSource(CY_SYS_CLK_TIMER_SRC_ILO);
  86              		.loc 1 196 0
  87 004c 0020     		movs	r0, #0
  88 004e FFF7FEFF 		bl	CySysClkSetTimerSource
  89              	.LVL3:
ARM GAS  C:\Users\YUANFA~1\AppData\Local\Temp\ccHfGBSA.s 			page 6


 197:Generated_Source\PSoC4/cyfitter_cfg.c **** 	/* Set Flash Cycles based on newly configured 24.00MHz HFCLK. */
 198:Generated_Source\PSoC4/cyfitter_cfg.c **** 	CY_SET_REG32((void CYXDATA *)(CYREG_CPUSS_FLASH_CTL), (0x0011u));
  90              		.loc 1 198 0
  91 0052 1123     		movs	r3, #17
  92 0054 2360     		str	r3, [r4]
 199:Generated_Source\PSoC4/cyfitter_cfg.c **** }
  93              		.loc 1 199 0
  94              		@ sp needed
  95 0056 70BD     		pop	{r4, r5, r6, pc}
  96              	.L3:
  97              		.align	2
  98              	.L2:
  99 0058 30001040 		.word	1074790448
 100 005c 00030140 		.word	1073808128
 101 0060 00000140 		.word	1073807360
 102 0064 40FF0080 		.word	-2147418304
 103 0068 04030140 		.word	1073808132
 104 006c 41FF0080 		.word	-2147418303
 105 0070 28000340 		.word	1073938472
 106 0074 14010140 		.word	1073807636
 107 0078 0C010140 		.word	1073807628
 108 007c 00000000 		.word	CySysTimerIsr
 109 0080 0C022240 		.word	1075970572
 110              		.cfi_endproc
 111              	.LFE4:
 112              		.size	ClockSetup, .-ClockSetup
 113              		.section	.text.SetAnalogRoutingPumps,"ax",%progbits
 114              		.align	2
 115              		.global	SetAnalogRoutingPumps
 116              		.code	16
 117              		.thumb_func
 118              		.type	SetAnalogRoutingPumps, %function
 119              	SetAnalogRoutingPumps:
 120              	.LFB6:
 200:Generated_Source\PSoC4/cyfitter_cfg.c **** 
 201:Generated_Source\PSoC4/cyfitter_cfg.c **** 
 202:Generated_Source\PSoC4/cyfitter_cfg.c **** /* Analog API Functions */
 203:Generated_Source\PSoC4/cyfitter_cfg.c **** 
 204:Generated_Source\PSoC4/cyfitter_cfg.c **** 
 205:Generated_Source\PSoC4/cyfitter_cfg.c **** /*******************************************************************************
 206:Generated_Source\PSoC4/cyfitter_cfg.c **** * Function Name: AnalogSetDefault
 207:Generated_Source\PSoC4/cyfitter_cfg.c **** ********************************************************************************
 208:Generated_Source\PSoC4/cyfitter_cfg.c **** *
 209:Generated_Source\PSoC4/cyfitter_cfg.c **** * Summary:
 210:Generated_Source\PSoC4/cyfitter_cfg.c **** *  Sets up the analog portions of the chip to default values based on chip
 211:Generated_Source\PSoC4/cyfitter_cfg.c **** *  configuration options from the project.
 212:Generated_Source\PSoC4/cyfitter_cfg.c **** *
 213:Generated_Source\PSoC4/cyfitter_cfg.c **** * Parameters:
 214:Generated_Source\PSoC4/cyfitter_cfg.c **** *  void
 215:Generated_Source\PSoC4/cyfitter_cfg.c **** *
 216:Generated_Source\PSoC4/cyfitter_cfg.c **** * Return:
 217:Generated_Source\PSoC4/cyfitter_cfg.c **** *  void
 218:Generated_Source\PSoC4/cyfitter_cfg.c **** *
 219:Generated_Source\PSoC4/cyfitter_cfg.c **** *******************************************************************************/
 220:Generated_Source\PSoC4/cyfitter_cfg.c **** static void AnalogSetDefault(void);
 221:Generated_Source\PSoC4/cyfitter_cfg.c **** static void AnalogSetDefault(void)
 222:Generated_Source\PSoC4/cyfitter_cfg.c **** {
ARM GAS  C:\Users\YUANFA~1\AppData\Local\Temp\ccHfGBSA.s 			page 7


 223:Generated_Source\PSoC4/cyfitter_cfg.c **** 	CY_SET_XTND_REG32((void CYFAR *)CYREG_HSIOM_AMUX_SPLIT_CTL0, 0x00000003u);
 224:Generated_Source\PSoC4/cyfitter_cfg.c **** 	CY_SET_XTND_REG32((void CYFAR *)CYREG_CTBM0_DFT_CTRL, 0x00000003u);
 225:Generated_Source\PSoC4/cyfitter_cfg.c **** 	CY_SET_XTND_REG32((void CYFAR *)CYREG_PASS_DSAB_DSAB_CTRL, 0x00000020u);
 226:Generated_Source\PSoC4/cyfitter_cfg.c **** 	SetAnalogRoutingPumps(1);
 227:Generated_Source\PSoC4/cyfitter_cfg.c **** }
 228:Generated_Source\PSoC4/cyfitter_cfg.c **** 
 229:Generated_Source\PSoC4/cyfitter_cfg.c **** 
 230:Generated_Source\PSoC4/cyfitter_cfg.c **** /*******************************************************************************
 231:Generated_Source\PSoC4/cyfitter_cfg.c **** * Function Name: SetAnalogRoutingPumps
 232:Generated_Source\PSoC4/cyfitter_cfg.c **** ********************************************************************************
 233:Generated_Source\PSoC4/cyfitter_cfg.c **** *
 234:Generated_Source\PSoC4/cyfitter_cfg.c **** * Summary:
 235:Generated_Source\PSoC4/cyfitter_cfg.c **** * Enables or disables the analog pumps feeding analog routing switches.
 236:Generated_Source\PSoC4/cyfitter_cfg.c **** * Intended to be called at startup, based on the Vdda system configuration;
 237:Generated_Source\PSoC4/cyfitter_cfg.c **** * may be called during operation when the user informs us that the Vdda voltage crossed the pump th
 238:Generated_Source\PSoC4/cyfitter_cfg.c **** *
 239:Generated_Source\PSoC4/cyfitter_cfg.c **** * Parameters:
 240:Generated_Source\PSoC4/cyfitter_cfg.c **** *  enabled - 1 to enable the pumps, 0 to disable the pumps
 241:Generated_Source\PSoC4/cyfitter_cfg.c **** *
 242:Generated_Source\PSoC4/cyfitter_cfg.c **** * Return:
 243:Generated_Source\PSoC4/cyfitter_cfg.c **** *  void
 244:Generated_Source\PSoC4/cyfitter_cfg.c **** *
 245:Generated_Source\PSoC4/cyfitter_cfg.c **** *******************************************************************************/
 246:Generated_Source\PSoC4/cyfitter_cfg.c **** void SetAnalogRoutingPumps(uint8 enabled)
 247:Generated_Source\PSoC4/cyfitter_cfg.c **** {
 121              		.loc 1 247 0
 122              		.cfi_startproc
 123              		@ args = 0, pretend = 0, frame = 0
 124              		@ frame_needed = 0, uses_anonymous_args = 0
 125              		@ link register save eliminated.
 126              	.LVL4:
 248:Generated_Source\PSoC4/cyfitter_cfg.c **** 	uint32 regValue = CY_GET_XTND_REG32((void *)(CYREG_SAR_PUMP_CTRL));
 127              		.loc 1 248 0
 128 0000 0B4B     		ldr	r3, .L9
 129 0002 1B68     		ldr	r3, [r3]
 130              	.LVL5:
 249:Generated_Source\PSoC4/cyfitter_cfg.c **** 	if (enabled != 0u)
 131              		.loc 1 249 0
 132 0004 0028     		cmp	r0, #0
 133 0006 03D0     		beq	.L5
 250:Generated_Source\PSoC4/cyfitter_cfg.c **** 	{
 251:Generated_Source\PSoC4/cyfitter_cfg.c **** 		regValue |= 0x80000000u;
 134              		.loc 1 251 0
 135 0008 8022     		movs	r2, #128
 136 000a 1206     		lsls	r2, r2, #24
 137 000c 1343     		orrs	r3, r2
 138              	.LVL6:
 139 000e 01E0     		b	.L6
 140              	.L5:
 252:Generated_Source\PSoC4/cyfitter_cfg.c **** 	}
 253:Generated_Source\PSoC4/cyfitter_cfg.c **** 	else
 254:Generated_Source\PSoC4/cyfitter_cfg.c **** 	{
 255:Generated_Source\PSoC4/cyfitter_cfg.c **** 		regValue &= ~0x80000000u;
 141              		.loc 1 255 0
 142 0010 5B00     		lsls	r3, r3, #1
 143              	.LVL7:
 144 0012 5B08     		lsrs	r3, r3, #1
ARM GAS  C:\Users\YUANFA~1\AppData\Local\Temp\ccHfGBSA.s 			page 8


 145              	.LVL8:
 146              	.L6:
 256:Generated_Source\PSoC4/cyfitter_cfg.c **** 	}
 257:Generated_Source\PSoC4/cyfitter_cfg.c **** 	CY_SET_XTND_REG32((void *)(CYREG_SAR_PUMP_CTRL), regValue);
 147              		.loc 1 257 0
 148 0014 064A     		ldr	r2, .L9
 149 0016 1360     		str	r3, [r2]
 258:Generated_Source\PSoC4/cyfitter_cfg.c **** 	regValue = CY_GET_XTND_REG32((void *)(CYREG_CLK_SELECT));
 150              		.loc 1 258 0
 151 0018 064B     		ldr	r3, .L9+4
 152              	.LVL9:
 153 001a 1B68     		ldr	r3, [r3]
 154              	.LVL10:
 259:Generated_Source\PSoC4/cyfitter_cfg.c **** 	if (enabled != 0u)
 155              		.loc 1 259 0
 156 001c 0028     		cmp	r0, #0
 157 001e 02D0     		beq	.L7
 260:Generated_Source\PSoC4/cyfitter_cfg.c **** 	{
 261:Generated_Source\PSoC4/cyfitter_cfg.c **** 		regValue |= 0x00000020u;
 158              		.loc 1 261 0
 159 0020 2022     		movs	r2, #32
 160 0022 1343     		orrs	r3, r2
 161              	.LVL11:
 162 0024 01E0     		b	.L8
 163              	.L7:
 262:Generated_Source\PSoC4/cyfitter_cfg.c **** 	}
 263:Generated_Source\PSoC4/cyfitter_cfg.c **** 	else
 264:Generated_Source\PSoC4/cyfitter_cfg.c **** 	{
 265:Generated_Source\PSoC4/cyfitter_cfg.c **** 		regValue &= ~0x00000020u;
 164              		.loc 1 265 0
 165 0026 2022     		movs	r2, #32
 166 0028 9343     		bics	r3, r2
 167              	.LVL12:
 168              	.L8:
 266:Generated_Source\PSoC4/cyfitter_cfg.c **** 	}
 267:Generated_Source\PSoC4/cyfitter_cfg.c **** 	CY_SET_XTND_REG32((void *)(CYREG_CLK_SELECT), regValue);
 169              		.loc 1 267 0
 170 002a 024A     		ldr	r2, .L9+4
 171 002c 1360     		str	r3, [r2]
 268:Generated_Source\PSoC4/cyfitter_cfg.c **** }
 172              		.loc 1 268 0
 173              		@ sp needed
 174 002e 7047     		bx	lr
 175              	.L10:
 176              		.align	2
 177              	.L9:
 178 0030 80033A40 		.word	1077543808
 179 0034 28000340 		.word	1073938472
 180              		.cfi_endproc
 181              	.LFE6:
 182              		.size	SetAnalogRoutingPumps, .-SetAnalogRoutingPumps
 183              		.section	.text.AnalogSetDefault,"ax",%progbits
 184              		.align	2
 185              		.code	16
 186              		.thumb_func
 187              		.type	AnalogSetDefault, %function
 188              	AnalogSetDefault:
ARM GAS  C:\Users\YUANFA~1\AppData\Local\Temp\ccHfGBSA.s 			page 9


 189              	.LFB5:
 222:Generated_Source\PSoC4/cyfitter_cfg.c **** 	CY_SET_XTND_REG32((void CYFAR *)CYREG_HSIOM_AMUX_SPLIT_CTL0, 0x00000003u);
 190              		.loc 1 222 0
 191              		.cfi_startproc
 192              		@ args = 0, pretend = 0, frame = 0
 193              		@ frame_needed = 0, uses_anonymous_args = 0
 194 0000 10B5     		push	{r4, lr}
 195              		.cfi_def_cfa_offset 8
 196              		.cfi_offset 4, -8
 197              		.cfi_offset 14, -4
 223:Generated_Source\PSoC4/cyfitter_cfg.c **** 	CY_SET_XTND_REG32((void CYFAR *)CYREG_CTBM0_DFT_CTRL, 0x00000003u);
 198              		.loc 1 223 0
 199 0002 0323     		movs	r3, #3
 200 0004 054A     		ldr	r2, .L12
 201 0006 1360     		str	r3, [r2]
 224:Generated_Source\PSoC4/cyfitter_cfg.c **** 	CY_SET_XTND_REG32((void CYFAR *)CYREG_PASS_DSAB_DSAB_CTRL, 0x00000020u);
 202              		.loc 1 224 0
 203 0008 054A     		ldr	r2, .L12+4
 204 000a 1360     		str	r3, [r2]
 225:Generated_Source\PSoC4/cyfitter_cfg.c **** 	SetAnalogRoutingPumps(1);
 205              		.loc 1 225 0
 206 000c 2022     		movs	r2, #32
 207 000e 054B     		ldr	r3, .L12+8
 208 0010 1A60     		str	r2, [r3]
 226:Generated_Source\PSoC4/cyfitter_cfg.c **** }
 209              		.loc 1 226 0
 210 0012 0120     		movs	r0, #1
 211 0014 FFF7FEFF 		bl	SetAnalogRoutingPumps
 212              	.LVL13:
 227:Generated_Source\PSoC4/cyfitter_cfg.c **** 
 213              		.loc 1 227 0
 214              		@ sp needed
 215 0018 10BD     		pop	{r4, pc}
 216              	.L13:
 217 001a C046     		.align	2
 218              	.L12:
 219 001c 00210240 		.word	1073881344
 220 0020 30003040 		.word	1076887600
 221 0024 000E3F40 		.word	1077874176
 222              		.cfi_endproc
 223              	.LFE5:
 224              		.size	AnalogSetDefault, .-AnalogSetDefault
 225              		.section	.psocinit
 226              		.align	2
 227              		.global	cyfitter_cfg
 228              		.code	16
 229              		.thumb_func
 230              		.type	cyfitter_cfg, %function
 231              	cyfitter_cfg:
 232              	.LFB7:
 269:Generated_Source\PSoC4/cyfitter_cfg.c **** 
 270:Generated_Source\PSoC4/cyfitter_cfg.c **** 
 271:Generated_Source\PSoC4/cyfitter_cfg.c **** 
 272:Generated_Source\PSoC4/cyfitter_cfg.c **** 
 273:Generated_Source\PSoC4/cyfitter_cfg.c **** /*******************************************************************************
 274:Generated_Source\PSoC4/cyfitter_cfg.c **** * Function Name: cyfitter_cfg
 275:Generated_Source\PSoC4/cyfitter_cfg.c **** ********************************************************************************
ARM GAS  C:\Users\YUANFA~1\AppData\Local\Temp\ccHfGBSA.s 			page 10


 276:Generated_Source\PSoC4/cyfitter_cfg.c **** * Summary:
 277:Generated_Source\PSoC4/cyfitter_cfg.c **** *  This function is called by the start-up code for the selected device. It
 278:Generated_Source\PSoC4/cyfitter_cfg.c **** *  performs all of the necessary device configuration based on the design
 279:Generated_Source\PSoC4/cyfitter_cfg.c **** *  settings.  This includes settings from the Design Wide Resources (DWR) such
 280:Generated_Source\PSoC4/cyfitter_cfg.c **** *  as Clocks and Pins as well as any component configuration that is necessary.
 281:Generated_Source\PSoC4/cyfitter_cfg.c **** *
 282:Generated_Source\PSoC4/cyfitter_cfg.c **** * Parameters:
 283:Generated_Source\PSoC4/cyfitter_cfg.c **** *   void
 284:Generated_Source\PSoC4/cyfitter_cfg.c **** *
 285:Generated_Source\PSoC4/cyfitter_cfg.c **** * Return:
 286:Generated_Source\PSoC4/cyfitter_cfg.c **** *   void
 287:Generated_Source\PSoC4/cyfitter_cfg.c **** *
 288:Generated_Source\PSoC4/cyfitter_cfg.c **** *******************************************************************************/
 289:Generated_Source\PSoC4/cyfitter_cfg.c **** CY_CFG_SECTION
 290:Generated_Source\PSoC4/cyfitter_cfg.c **** void cyfitter_cfg(void)
 291:Generated_Source\PSoC4/cyfitter_cfg.c **** {
 233              		.loc 1 291 0
 234              		.cfi_startproc
 235              		@ args = 0, pretend = 0, frame = 0
 236              		@ frame_needed = 0, uses_anonymous_args = 0
 237 0084 10B5     		push	{r4, lr}
 238              		.cfi_def_cfa_offset 8
 239              		.cfi_offset 4, -8
 240              		.cfi_offset 14, -4
 292:Generated_Source\PSoC4/cyfitter_cfg.c **** 	/* Disable interrupts by default. Let user enable if/when they want. */
 293:Generated_Source\PSoC4/cyfitter_cfg.c **** 	CyGlobalIntDisable;
 241              		.loc 1 293 0
 242              		.syntax divided
 243              	@ 293 "Generated_Source\PSoC4\cyfitter_cfg.c" 1
 244 0086 72B6     		CPSID   i
 245              	@ 0 "" 2
 294:Generated_Source\PSoC4/cyfitter_cfg.c **** 
 295:Generated_Source\PSoC4/cyfitter_cfg.c **** 	{
 296:Generated_Source\PSoC4/cyfitter_cfg.c **** 		/* HSIOM Starting address: CYDEV_HSIOM_BASE */
 297:Generated_Source\PSoC4/cyfitter_cfg.c **** 		CY_SET_REG32((void *)(CYREG_HSIOM_PORT_SEL3), 0x0000EE00u);
 246              		.loc 1 297 0
 247              		.thumb
 248              		.syntax unified
 249 0088 EE22     		movs	r2, #238
 250 008a 1202     		lsls	r2, r2, #8
 251 008c 184B     		ldr	r3, .L15
 252 008e 1A60     		str	r2, [r3]
 298:Generated_Source\PSoC4/cyfitter_cfg.c **** 		CY_SET_REG32((void *)(CYREG_HSIOM_PORT_SEL7), 0x00000099u);
 253              		.loc 1 298 0
 254 0090 9922     		movs	r2, #153
 255 0092 184B     		ldr	r3, .L15+4
 256 0094 1A60     		str	r2, [r3]
 299:Generated_Source\PSoC4/cyfitter_cfg.c **** 
 300:Generated_Source\PSoC4/cyfitter_cfg.c **** 	}
 301:Generated_Source\PSoC4/cyfitter_cfg.c **** 
 302:Generated_Source\PSoC4/cyfitter_cfg.c **** 	/* Perform second pass device configuration. These items must be configured in specific order afte
 303:Generated_Source\PSoC4/cyfitter_cfg.c **** 	/* IOPINS0_1 Starting address: CYDEV_GPIO_PRT1_BASE */
 304:Generated_Source\PSoC4/cyfitter_cfg.c **** 	CY_SET_REG32((void *)(CYDEV_GPIO_PRT1_BASE), 0x00000077u);
 257              		.loc 1 304 0
 258 0096 7723     		movs	r3, #119
 259 0098 174A     		ldr	r2, .L15+8
 260 009a 1360     		str	r3, [r2]
ARM GAS  C:\Users\YUANFA~1\AppData\Local\Temp\ccHfGBSA.s 			page 11


 305:Generated_Source\PSoC4/cyfitter_cfg.c **** 	CY_SET_REG32((void *)(CYREG_GPIO_PRT1_PC2), 0x00000077u);
 261              		.loc 1 305 0
 262 009c 174A     		ldr	r2, .L15+12
 263 009e 1360     		str	r3, [r2]
 306:Generated_Source\PSoC4/cyfitter_cfg.c **** 
 307:Generated_Source\PSoC4/cyfitter_cfg.c **** 	/* IOPINS0_2 Starting address: CYDEV_GPIO_PRT2_BASE */
 308:Generated_Source\PSoC4/cyfitter_cfg.c **** 	CY_SET_REG32((void *)(CYDEV_GPIO_PRT2_BASE), 0x000000E3u);
 264              		.loc 1 308 0
 265 00a0 E322     		movs	r2, #227
 266 00a2 174B     		ldr	r3, .L15+16
 267 00a4 1A60     		str	r2, [r3]
 309:Generated_Source\PSoC4/cyfitter_cfg.c **** 	CY_SET_REG32((void *)(CYREG_GPIO_PRT2_PC2), 0x000000E7u);
 268              		.loc 1 309 0
 269 00a6 0432     		adds	r2, r2, #4
 270 00a8 164B     		ldr	r3, .L15+20
 271 00aa 1A60     		str	r2, [r3]
 310:Generated_Source\PSoC4/cyfitter_cfg.c **** 
 311:Generated_Source\PSoC4/cyfitter_cfg.c **** 	/* IOPINS0_3 Starting address: CYDEV_GPIO_PRT3_BASE */
 312:Generated_Source\PSoC4/cyfitter_cfg.c **** 	CY_SET_REG32((void *)(CYREG_GPIO_PRT3_PC), 0x00000D80u);
 272              		.loc 1 312 0
 273 00ac D822     		movs	r2, #216
 274 00ae 1201     		lsls	r2, r2, #4
 275 00b0 154B     		ldr	r3, .L15+24
 276 00b2 1A60     		str	r2, [r3]
 313:Generated_Source\PSoC4/cyfitter_cfg.c **** 
 314:Generated_Source\PSoC4/cyfitter_cfg.c **** 	/* IOPINS0_4 Starting address: CYDEV_GPIO_PRT4_BASE */
 315:Generated_Source\PSoC4/cyfitter_cfg.c **** 	CY_SET_REG32((void *)(CYDEV_GPIO_PRT4_BASE), 0x000000F0u);
 277              		.loc 1 315 0
 278 00b4 F022     		movs	r2, #240
 279 00b6 154B     		ldr	r3, .L15+28
 280 00b8 1A60     		str	r2, [r3]
 316:Generated_Source\PSoC4/cyfitter_cfg.c **** 	CY_SET_REG32((void *)(CYREG_GPIO_PRT4_PC2), 0x000000F2u);
 281              		.loc 1 316 0
 282 00ba 0232     		adds	r2, r2, #2
 283 00bc 144B     		ldr	r3, .L15+32
 284 00be 1A60     		str	r2, [r3]
 317:Generated_Source\PSoC4/cyfitter_cfg.c **** 
 318:Generated_Source\PSoC4/cyfitter_cfg.c **** 	/* IOPINS0_5 Starting address: CYDEV_GPIO_PRT5_BASE */
 319:Generated_Source\PSoC4/cyfitter_cfg.c **** 	CY_SET_REG32((void *)(CYDEV_GPIO_PRT5_BASE), 0x000000C0u);
 285              		.loc 1 319 0
 286 00c0 C023     		movs	r3, #192
 287 00c2 144A     		ldr	r2, .L15+36
 288 00c4 1360     		str	r3, [r2]
 320:Generated_Source\PSoC4/cyfitter_cfg.c **** 	CY_SET_REG32((void *)(CYREG_GPIO_PRT5_PC2), 0x000000C0u);
 289              		.loc 1 320 0
 290 00c6 144A     		ldr	r2, .L15+40
 291 00c8 1360     		str	r3, [r2]
 321:Generated_Source\PSoC4/cyfitter_cfg.c **** 
 322:Generated_Source\PSoC4/cyfitter_cfg.c **** 	/* IOPINS0_6 Starting address: CYDEV_GPIO_PRT6_BASE */
 323:Generated_Source\PSoC4/cyfitter_cfg.c **** 	CY_SET_REG32((void *)(CYDEV_GPIO_PRT6_BASE), 0x00000010u);
 292              		.loc 1 323 0
 293 00ca B03B     		subs	r3, r3, #176
 294 00cc 134A     		ldr	r2, .L15+44
 295 00ce 1360     		str	r3, [r2]
 324:Generated_Source\PSoC4/cyfitter_cfg.c **** 	CY_SET_REG32((void *)(CYREG_GPIO_PRT6_PC2), 0x00000010u);
 296              		.loc 1 324 0
 297 00d0 134A     		ldr	r2, .L15+48
ARM GAS  C:\Users\YUANFA~1\AppData\Local\Temp\ccHfGBSA.s 			page 12


 298 00d2 1360     		str	r3, [r2]
 325:Generated_Source\PSoC4/cyfitter_cfg.c **** 
 326:Generated_Source\PSoC4/cyfitter_cfg.c **** 	/* IOPINS0_7 Starting address: CYDEV_GPIO_PRT7_BASE */
 327:Generated_Source\PSoC4/cyfitter_cfg.c **** 	CY_SET_REG32((void *)(CYDEV_GPIO_PRT7_BASE), 0x00000002u);
 299              		.loc 1 327 0
 300 00d4 0E3B     		subs	r3, r3, #14
 301 00d6 134A     		ldr	r2, .L15+52
 302 00d8 1360     		str	r3, [r2]
 328:Generated_Source\PSoC4/cyfitter_cfg.c **** 	CY_SET_REG32((void *)(CYREG_GPIO_PRT7_PC), 0x00000031u);
 303              		.loc 1 328 0
 304 00da 3121     		movs	r1, #49
 305 00dc 124A     		ldr	r2, .L15+56
 306 00de 1160     		str	r1, [r2]
 329:Generated_Source\PSoC4/cyfitter_cfg.c **** 	CY_SET_REG32((void *)(CYREG_GPIO_PRT7_PC2), 0x00000002u);
 307              		.loc 1 329 0
 308 00e0 124A     		ldr	r2, .L15+60
 309 00e2 1360     		str	r3, [r2]
 330:Generated_Source\PSoC4/cyfitter_cfg.c **** 
 331:Generated_Source\PSoC4/cyfitter_cfg.c **** 
 332:Generated_Source\PSoC4/cyfitter_cfg.c **** 	/* Setup clocks based on selections from Clock DWR */
 333:Generated_Source\PSoC4/cyfitter_cfg.c **** 	ClockSetup();
 310              		.loc 1 333 0
 311 00e4 FFF78CFF 		bl	ClockSetup
 312              	.LVL14:
 334:Generated_Source\PSoC4/cyfitter_cfg.c **** 
 335:Generated_Source\PSoC4/cyfitter_cfg.c **** 	/* Perform basic analog initialization to defaults */
 336:Generated_Source\PSoC4/cyfitter_cfg.c **** 	AnalogSetDefault();
 313              		.loc 1 336 0
 314 00e8 FFF7FEFF 		bl	AnalogSetDefault
 315              	.LVL15:
 337:Generated_Source\PSoC4/cyfitter_cfg.c **** 
 338:Generated_Source\PSoC4/cyfitter_cfg.c **** }
 316              		.loc 1 338 0
 317              		@ sp needed
 318 00ec 10BD     		pop	{r4, pc}
 319              	.L16:
 320 00ee C046     		.align	2
 321              	.L15:
 322 00f0 00030240 		.word	1073873664
 323 00f4 00070240 		.word	1073874688
 324 00f8 00010440 		.word	1074004224
 325 00fc 18010440 		.word	1074004248
 326 0100 00020440 		.word	1074004480
 327 0104 18020440 		.word	1074004504
 328 0108 08030440 		.word	1074004744
 329 010c 00040440 		.word	1074004992
 330 0110 18040440 		.word	1074005016
 331 0114 00050440 		.word	1074005248
 332 0118 18050440 		.word	1074005272
 333 011c 00060440 		.word	1074005504
 334 0120 18060440 		.word	1074005528
 335 0124 00070440 		.word	1074005760
 336 0128 08070440 		.word	1074005768
 337 012c 18070440 		.word	1074005784
 338              		.cfi_endproc
 339              	.LFE7:
 340              		.size	cyfitter_cfg, .-cyfitter_cfg
ARM GAS  C:\Users\YUANFA~1\AppData\Local\Temp\ccHfGBSA.s 			page 13


 341              		.text
 342              	.Letext0:
 343              		.file 2 "Generated_Source\\PSoC4\\cytypes.h"
 344              		.file 3 "Generated_Source\\PSoC4\\CyLib.h"
 345              		.file 4 "Generated_Source\\PSoC4\\CyLFClk.h"
 346              		.section	.debug_info,"",%progbits
 347              	.Ldebug_info0:
 348 0000 BF010000 		.4byte	0x1bf
 349 0004 0400     		.2byte	0x4
 350 0006 00000000 		.4byte	.Ldebug_abbrev0
 351 000a 04       		.byte	0x4
 352 000b 01       		.uleb128 0x1
 353 000c 86010000 		.4byte	.LASF25
 354 0010 0C       		.byte	0xc
 355 0011 24020000 		.4byte	.LASF26
 356 0015 5B000000 		.4byte	.LASF27
 357 0019 00000000 		.4byte	.Ldebug_ranges0+0
 358 001d 00000000 		.4byte	0
 359 0021 00000000 		.4byte	.Ldebug_line0
 360 0025 02       		.uleb128 0x2
 361 0026 04       		.byte	0x4
 362 0027 05       		.byte	0x5
 363 0028 696E7400 		.ascii	"int\000"
 364 002c 03       		.uleb128 0x3
 365 002d 04       		.byte	0x4
 366 002e 07       		.byte	0x7
 367 002f 0A010000 		.4byte	.LASF0
 368 0033 03       		.uleb128 0x3
 369 0034 08       		.byte	0x8
 370 0035 05       		.byte	0x5
 371 0036 37010000 		.4byte	.LASF1
 372 003a 03       		.uleb128 0x3
 373 003b 08       		.byte	0x8
 374 003c 04       		.byte	0x4
 375 003d 7A010000 		.4byte	.LASF2
 376 0041 03       		.uleb128 0x3
 377 0042 01       		.byte	0x1
 378 0043 06       		.byte	0x6
 379 0044 18020000 		.4byte	.LASF3
 380 0048 03       		.uleb128 0x3
 381 0049 01       		.byte	0x1
 382 004a 08       		.byte	0x8
 383 004b A7000000 		.4byte	.LASF4
 384 004f 03       		.uleb128 0x3
 385 0050 02       		.byte	0x2
 386 0051 05       		.byte	0x5
 387 0052 52010000 		.4byte	.LASF5
 388 0056 03       		.uleb128 0x3
 389 0057 02       		.byte	0x2
 390 0058 07       		.byte	0x7
 391 0059 48000000 		.4byte	.LASF6
 392 005d 03       		.uleb128 0x3
 393 005e 04       		.byte	0x4
 394 005f 05       		.byte	0x5
 395 0060 71010000 		.4byte	.LASF7
 396 0064 03       		.uleb128 0x3
 397 0065 04       		.byte	0x4
ARM GAS  C:\Users\YUANFA~1\AppData\Local\Temp\ccHfGBSA.s 			page 14


 398 0066 07       		.byte	0x7
 399 0067 B5000000 		.4byte	.LASF8
 400 006b 03       		.uleb128 0x3
 401 006c 08       		.byte	0x8
 402 006d 07       		.byte	0x7
 403 006e 17010000 		.4byte	.LASF9
 404 0072 03       		.uleb128 0x3
 405 0073 04       		.byte	0x4
 406 0074 07       		.byte	0x7
 407 0075 2E010000 		.4byte	.LASF10
 408 0079 03       		.uleb128 0x3
 409 007a 01       		.byte	0x1
 410 007b 08       		.byte	0x8
 411 007c 45010000 		.4byte	.LASF11
 412 0080 04       		.uleb128 0x4
 413 0081 C7000000 		.4byte	.LASF12
 414 0085 02       		.byte	0x2
 415 0086 FB01     		.2byte	0x1fb
 416 0088 48000000 		.4byte	0x48
 417 008c 04       		.uleb128 0x4
 418 008d 03010000 		.4byte	.LASF13
 419 0091 02       		.byte	0x2
 420 0092 FD01     		.2byte	0x1fd
 421 0094 64000000 		.4byte	0x64
 422 0098 03       		.uleb128 0x3
 423 0099 04       		.byte	0x4
 424 009a 04       		.byte	0x4
 425 009b A1000000 		.4byte	.LASF14
 426 009f 03       		.uleb128 0x3
 427 00a0 08       		.byte	0x8
 428 00a1 04       		.byte	0x4
 429 00a2 F0000000 		.4byte	.LASF15
 430 00a6 04       		.uleb128 0x4
 431 00a7 00000000 		.4byte	.LASF16
 432 00ab 02       		.byte	0x2
 433 00ac A702     		.2byte	0x2a7
 434 00ae B2000000 		.4byte	0xb2
 435 00b2 05       		.uleb128 0x5
 436 00b3 8C000000 		.4byte	0x8c
 437 00b7 06       		.uleb128 0x6
 438 00b8 3D000000 		.4byte	.LASF17
 439 00bc 01       		.byte	0x1
 440 00bd AA       		.byte	0xaa
 441 00be 00000000 		.4byte	.LFB4
 442 00c2 84000000 		.4byte	.LFE4-.LFB4
 443 00c6 01       		.uleb128 0x1
 444 00c7 9C       		.byte	0x9c
 445 00c8 16010000 		.4byte	0x116
 446 00cc 07       		.uleb128 0x7
 447 00cd 0E000000 		.4byte	.LVL0
 448 00d1 96010000 		.4byte	0x196
 449 00d5 DF000000 		.4byte	0xdf
 450 00d9 08       		.uleb128 0x8
 451 00da 01       		.uleb128 0x1
 452 00db 50       		.byte	0x50
 453 00dc 01       		.uleb128 0x1
 454 00dd 48       		.byte	0x48
ARM GAS  C:\Users\YUANFA~1\AppData\Local\Temp\ccHfGBSA.s 			page 15


 455 00de 00       		.byte	0
 456 00df 07       		.uleb128 0x7
 457 00e0 42000000 		.4byte	.LVL1
 458 00e4 A1010000 		.4byte	0x1a1
 459 00e8 F2000000 		.4byte	0xf2
 460 00ec 08       		.uleb128 0x8
 461 00ed 01       		.uleb128 0x1
 462 00ee 50       		.byte	0x50
 463 00ef 01       		.uleb128 0x1
 464 00f0 3D       		.byte	0x3d
 465 00f1 00       		.byte	0
 466 00f2 07       		.uleb128 0x7
 467 00f3 48000000 		.4byte	.LVL2
 468 00f7 AC010000 		.4byte	0x1ac
 469 00fb 05010000 		.4byte	0x105
 470 00ff 08       		.uleb128 0x8
 471 0100 01       		.uleb128 0x1
 472 0101 50       		.byte	0x50
 473 0102 01       		.uleb128 0x1
 474 0103 3D       		.byte	0x3d
 475 0104 00       		.byte	0
 476 0105 09       		.uleb128 0x9
 477 0106 52000000 		.4byte	.LVL3
 478 010a B7010000 		.4byte	0x1b7
 479 010e 08       		.uleb128 0x8
 480 010f 01       		.uleb128 0x1
 481 0110 50       		.byte	0x50
 482 0111 02       		.uleb128 0x2
 483 0112 75       		.byte	0x75
 484 0113 00       		.sleb128 0
 485 0114 00       		.byte	0
 486 0115 00       		.byte	0
 487 0116 0A       		.uleb128 0xa
 488 0117 DA000000 		.4byte	.LASF19
 489 011b 01       		.byte	0x1
 490 011c F6       		.byte	0xf6
 491 011d 00000000 		.4byte	.LFB6
 492 0121 38000000 		.4byte	.LFE6-.LFB6
 493 0125 01       		.uleb128 0x1
 494 0126 9C       		.byte	0x9c
 495 0127 48010000 		.4byte	0x148
 496 012b 0B       		.uleb128 0xb
 497 012c 4A010000 		.4byte	.LASF28
 498 0130 01       		.byte	0x1
 499 0131 F6       		.byte	0xf6
 500 0132 80000000 		.4byte	0x80
 501 0136 01       		.uleb128 0x1
 502 0137 50       		.byte	0x50
 503 0138 0C       		.uleb128 0xc
 504 0139 4A020000 		.4byte	.LASF29
 505 013d 01       		.byte	0x1
 506 013e F8       		.byte	0xf8
 507 013f 8C000000 		.4byte	0x8c
 508 0143 00000000 		.4byte	.LLST0
 509 0147 00       		.byte	0
 510 0148 06       		.uleb128 0x6
 511 0149 06000000 		.4byte	.LASF18
ARM GAS  C:\Users\YUANFA~1\AppData\Local\Temp\ccHfGBSA.s 			page 16


 512 014d 01       		.byte	0x1
 513 014e DD       		.byte	0xdd
 514 014f 00000000 		.4byte	.LFB5
 515 0153 28000000 		.4byte	.LFE5-.LFB5
 516 0157 01       		.uleb128 0x1
 517 0158 9C       		.byte	0x9c
 518 0159 6D010000 		.4byte	0x16d
 519 015d 09       		.uleb128 0x9
 520 015e 18000000 		.4byte	.LVL13
 521 0162 16010000 		.4byte	0x116
 522 0166 08       		.uleb128 0x8
 523 0167 01       		.uleb128 0x1
 524 0168 50       		.byte	0x50
 525 0169 01       		.uleb128 0x1
 526 016a 31       		.byte	0x31
 527 016b 00       		.byte	0
 528 016c 00       		.byte	0
 529 016d 0D       		.uleb128 0xd
 530 016e CD000000 		.4byte	.LASF20
 531 0172 01       		.byte	0x1
 532 0173 2201     		.2byte	0x122
 533 0175 84000000 		.4byte	.LFB7
 534 0179 AC000000 		.4byte	.LFE7-.LFB7
 535 017d 01       		.uleb128 0x1
 536 017e 9C       		.byte	0x9c
 537 017f 96010000 		.4byte	0x196
 538 0183 0E       		.uleb128 0xe
 539 0184 E8000000 		.4byte	.LVL14
 540 0188 B7000000 		.4byte	0xb7
 541 018c 0E       		.uleb128 0xe
 542 018d EC000000 		.4byte	.LVL15
 543 0191 48010000 		.4byte	0x148
 544 0195 00       		.byte	0
 545 0196 0F       		.uleb128 0xf
 546 0197 5C010000 		.4byte	.LASF21
 547 019b 5C010000 		.4byte	.LASF21
 548 019f 03       		.byte	0x3
 549 01a0 6C       		.byte	0x6c
 550 01a1 0F       		.uleb128 0xf
 551 01a2 2E000000 		.4byte	.LASF22
 552 01a6 2E000000 		.4byte	.LASF22
 553 01aa 03       		.byte	0x3
 554 01ab D0       		.byte	0xd0
 555 01ac 0F       		.uleb128 0xf
 556 01ad F7000000 		.4byte	.LASF23
 557 01b1 F7000000 		.4byte	.LASF23
 558 01b5 03       		.byte	0x3
 559 01b6 D6       		.byte	0xd6
 560 01b7 0F       		.uleb128 0xf
 561 01b8 17000000 		.4byte	.LASF24
 562 01bc 17000000 		.4byte	.LASF24
 563 01c0 04       		.byte	0x4
 564 01c1 9F       		.byte	0x9f
 565 01c2 00       		.byte	0
 566              		.section	.debug_abbrev,"",%progbits
 567              	.Ldebug_abbrev0:
 568 0000 01       		.uleb128 0x1
ARM GAS  C:\Users\YUANFA~1\AppData\Local\Temp\ccHfGBSA.s 			page 17


 569 0001 11       		.uleb128 0x11
 570 0002 01       		.byte	0x1
 571 0003 25       		.uleb128 0x25
 572 0004 0E       		.uleb128 0xe
 573 0005 13       		.uleb128 0x13
 574 0006 0B       		.uleb128 0xb
 575 0007 03       		.uleb128 0x3
 576 0008 0E       		.uleb128 0xe
 577 0009 1B       		.uleb128 0x1b
 578 000a 0E       		.uleb128 0xe
 579 000b 55       		.uleb128 0x55
 580 000c 17       		.uleb128 0x17
 581 000d 11       		.uleb128 0x11
 582 000e 01       		.uleb128 0x1
 583 000f 10       		.uleb128 0x10
 584 0010 17       		.uleb128 0x17
 585 0011 00       		.byte	0
 586 0012 00       		.byte	0
 587 0013 02       		.uleb128 0x2
 588 0014 24       		.uleb128 0x24
 589 0015 00       		.byte	0
 590 0016 0B       		.uleb128 0xb
 591 0017 0B       		.uleb128 0xb
 592 0018 3E       		.uleb128 0x3e
 593 0019 0B       		.uleb128 0xb
 594 001a 03       		.uleb128 0x3
 595 001b 08       		.uleb128 0x8
 596 001c 00       		.byte	0
 597 001d 00       		.byte	0
 598 001e 03       		.uleb128 0x3
 599 001f 24       		.uleb128 0x24
 600 0020 00       		.byte	0
 601 0021 0B       		.uleb128 0xb
 602 0022 0B       		.uleb128 0xb
 603 0023 3E       		.uleb128 0x3e
 604 0024 0B       		.uleb128 0xb
 605 0025 03       		.uleb128 0x3
 606 0026 0E       		.uleb128 0xe
 607 0027 00       		.byte	0
 608 0028 00       		.byte	0
 609 0029 04       		.uleb128 0x4
 610 002a 16       		.uleb128 0x16
 611 002b 00       		.byte	0
 612 002c 03       		.uleb128 0x3
 613 002d 0E       		.uleb128 0xe
 614 002e 3A       		.uleb128 0x3a
 615 002f 0B       		.uleb128 0xb
 616 0030 3B       		.uleb128 0x3b
 617 0031 05       		.uleb128 0x5
 618 0032 49       		.uleb128 0x49
 619 0033 13       		.uleb128 0x13
 620 0034 00       		.byte	0
 621 0035 00       		.byte	0
 622 0036 05       		.uleb128 0x5
 623 0037 35       		.uleb128 0x35
 624 0038 00       		.byte	0
 625 0039 49       		.uleb128 0x49
ARM GAS  C:\Users\YUANFA~1\AppData\Local\Temp\ccHfGBSA.s 			page 18


 626 003a 13       		.uleb128 0x13
 627 003b 00       		.byte	0
 628 003c 00       		.byte	0
 629 003d 06       		.uleb128 0x6
 630 003e 2E       		.uleb128 0x2e
 631 003f 01       		.byte	0x1
 632 0040 03       		.uleb128 0x3
 633 0041 0E       		.uleb128 0xe
 634 0042 3A       		.uleb128 0x3a
 635 0043 0B       		.uleb128 0xb
 636 0044 3B       		.uleb128 0x3b
 637 0045 0B       		.uleb128 0xb
 638 0046 27       		.uleb128 0x27
 639 0047 19       		.uleb128 0x19
 640 0048 11       		.uleb128 0x11
 641 0049 01       		.uleb128 0x1
 642 004a 12       		.uleb128 0x12
 643 004b 06       		.uleb128 0x6
 644 004c 40       		.uleb128 0x40
 645 004d 18       		.uleb128 0x18
 646 004e 9742     		.uleb128 0x2117
 647 0050 19       		.uleb128 0x19
 648 0051 01       		.uleb128 0x1
 649 0052 13       		.uleb128 0x13
 650 0053 00       		.byte	0
 651 0054 00       		.byte	0
 652 0055 07       		.uleb128 0x7
 653 0056 898201   		.uleb128 0x4109
 654 0059 01       		.byte	0x1
 655 005a 11       		.uleb128 0x11
 656 005b 01       		.uleb128 0x1
 657 005c 31       		.uleb128 0x31
 658 005d 13       		.uleb128 0x13
 659 005e 01       		.uleb128 0x1
 660 005f 13       		.uleb128 0x13
 661 0060 00       		.byte	0
 662 0061 00       		.byte	0
 663 0062 08       		.uleb128 0x8
 664 0063 8A8201   		.uleb128 0x410a
 665 0066 00       		.byte	0
 666 0067 02       		.uleb128 0x2
 667 0068 18       		.uleb128 0x18
 668 0069 9142     		.uleb128 0x2111
 669 006b 18       		.uleb128 0x18
 670 006c 00       		.byte	0
 671 006d 00       		.byte	0
 672 006e 09       		.uleb128 0x9
 673 006f 898201   		.uleb128 0x4109
 674 0072 01       		.byte	0x1
 675 0073 11       		.uleb128 0x11
 676 0074 01       		.uleb128 0x1
 677 0075 31       		.uleb128 0x31
 678 0076 13       		.uleb128 0x13
 679 0077 00       		.byte	0
 680 0078 00       		.byte	0
 681 0079 0A       		.uleb128 0xa
 682 007a 2E       		.uleb128 0x2e
ARM GAS  C:\Users\YUANFA~1\AppData\Local\Temp\ccHfGBSA.s 			page 19


 683 007b 01       		.byte	0x1
 684 007c 3F       		.uleb128 0x3f
 685 007d 19       		.uleb128 0x19
 686 007e 03       		.uleb128 0x3
 687 007f 0E       		.uleb128 0xe
 688 0080 3A       		.uleb128 0x3a
 689 0081 0B       		.uleb128 0xb
 690 0082 3B       		.uleb128 0x3b
 691 0083 0B       		.uleb128 0xb
 692 0084 27       		.uleb128 0x27
 693 0085 19       		.uleb128 0x19
 694 0086 11       		.uleb128 0x11
 695 0087 01       		.uleb128 0x1
 696 0088 12       		.uleb128 0x12
 697 0089 06       		.uleb128 0x6
 698 008a 40       		.uleb128 0x40
 699 008b 18       		.uleb128 0x18
 700 008c 9742     		.uleb128 0x2117
 701 008e 19       		.uleb128 0x19
 702 008f 01       		.uleb128 0x1
 703 0090 13       		.uleb128 0x13
 704 0091 00       		.byte	0
 705 0092 00       		.byte	0
 706 0093 0B       		.uleb128 0xb
 707 0094 05       		.uleb128 0x5
 708 0095 00       		.byte	0
 709 0096 03       		.uleb128 0x3
 710 0097 0E       		.uleb128 0xe
 711 0098 3A       		.uleb128 0x3a
 712 0099 0B       		.uleb128 0xb
 713 009a 3B       		.uleb128 0x3b
 714 009b 0B       		.uleb128 0xb
 715 009c 49       		.uleb128 0x49
 716 009d 13       		.uleb128 0x13
 717 009e 02       		.uleb128 0x2
 718 009f 18       		.uleb128 0x18
 719 00a0 00       		.byte	0
 720 00a1 00       		.byte	0
 721 00a2 0C       		.uleb128 0xc
 722 00a3 34       		.uleb128 0x34
 723 00a4 00       		.byte	0
 724 00a5 03       		.uleb128 0x3
 725 00a6 0E       		.uleb128 0xe
 726 00a7 3A       		.uleb128 0x3a
 727 00a8 0B       		.uleb128 0xb
 728 00a9 3B       		.uleb128 0x3b
 729 00aa 0B       		.uleb128 0xb
 730 00ab 49       		.uleb128 0x49
 731 00ac 13       		.uleb128 0x13
 732 00ad 02       		.uleb128 0x2
 733 00ae 17       		.uleb128 0x17
 734 00af 00       		.byte	0
 735 00b0 00       		.byte	0
 736 00b1 0D       		.uleb128 0xd
 737 00b2 2E       		.uleb128 0x2e
 738 00b3 01       		.byte	0x1
 739 00b4 3F       		.uleb128 0x3f
ARM GAS  C:\Users\YUANFA~1\AppData\Local\Temp\ccHfGBSA.s 			page 20


 740 00b5 19       		.uleb128 0x19
 741 00b6 03       		.uleb128 0x3
 742 00b7 0E       		.uleb128 0xe
 743 00b8 3A       		.uleb128 0x3a
 744 00b9 0B       		.uleb128 0xb
 745 00ba 3B       		.uleb128 0x3b
 746 00bb 05       		.uleb128 0x5
 747 00bc 27       		.uleb128 0x27
 748 00bd 19       		.uleb128 0x19
 749 00be 11       		.uleb128 0x11
 750 00bf 01       		.uleb128 0x1
 751 00c0 12       		.uleb128 0x12
 752 00c1 06       		.uleb128 0x6
 753 00c2 40       		.uleb128 0x40
 754 00c3 18       		.uleb128 0x18
 755 00c4 9742     		.uleb128 0x2117
 756 00c6 19       		.uleb128 0x19
 757 00c7 01       		.uleb128 0x1
 758 00c8 13       		.uleb128 0x13
 759 00c9 00       		.byte	0
 760 00ca 00       		.byte	0
 761 00cb 0E       		.uleb128 0xe
 762 00cc 898201   		.uleb128 0x4109
 763 00cf 00       		.byte	0
 764 00d0 11       		.uleb128 0x11
 765 00d1 01       		.uleb128 0x1
 766 00d2 31       		.uleb128 0x31
 767 00d3 13       		.uleb128 0x13
 768 00d4 00       		.byte	0
 769 00d5 00       		.byte	0
 770 00d6 0F       		.uleb128 0xf
 771 00d7 2E       		.uleb128 0x2e
 772 00d8 00       		.byte	0
 773 00d9 3F       		.uleb128 0x3f
 774 00da 19       		.uleb128 0x19
 775 00db 3C       		.uleb128 0x3c
 776 00dc 19       		.uleb128 0x19
 777 00dd 6E       		.uleb128 0x6e
 778 00de 0E       		.uleb128 0xe
 779 00df 03       		.uleb128 0x3
 780 00e0 0E       		.uleb128 0xe
 781 00e1 3A       		.uleb128 0x3a
 782 00e2 0B       		.uleb128 0xb
 783 00e3 3B       		.uleb128 0x3b
 784 00e4 0B       		.uleb128 0xb
 785 00e5 00       		.byte	0
 786 00e6 00       		.byte	0
 787 00e7 00       		.byte	0
 788              		.section	.debug_loc,"",%progbits
 789              	.Ldebug_loc0:
 790              	.LLST0:
 791 0000 04000000 		.4byte	.LVL5
 792 0004 12000000 		.4byte	.LVL7
 793 0008 0100     		.2byte	0x1
 794 000a 53       		.byte	0x53
 795 000b 14000000 		.4byte	.LVL8
 796 000f 1A000000 		.4byte	.LVL9
ARM GAS  C:\Users\YUANFA~1\AppData\Local\Temp\ccHfGBSA.s 			page 21


 797 0013 0100     		.2byte	0x1
 798 0015 53       		.byte	0x53
 799 0016 1A000000 		.4byte	.LVL9
 800 001a 1C000000 		.4byte	.LVL10
 801 001e 0200     		.2byte	0x2
 802 0020 72       		.byte	0x72
 803 0021 00       		.sleb128 0
 804 0022 1C000000 		.4byte	.LVL10
 805 0026 38000000 		.4byte	.LFE6
 806 002a 0100     		.2byte	0x1
 807 002c 53       		.byte	0x53
 808 002d 00000000 		.4byte	0
 809 0031 00000000 		.4byte	0
 810              		.section	.debug_aranges,"",%progbits
 811 0000 34000000 		.4byte	0x34
 812 0004 0200     		.2byte	0x2
 813 0006 00000000 		.4byte	.Ldebug_info0
 814 000a 04       		.byte	0x4
 815 000b 00       		.byte	0
 816 000c 0000     		.2byte	0
 817 000e 0000     		.2byte	0
 818 0010 00000000 		.4byte	.LFB4
 819 0014 84000000 		.4byte	.LFE4-.LFB4
 820 0018 00000000 		.4byte	.LFB6
 821 001c 38000000 		.4byte	.LFE6-.LFB6
 822 0020 00000000 		.4byte	.LFB5
 823 0024 28000000 		.4byte	.LFE5-.LFB5
 824 0028 84000000 		.4byte	.LFB7
 825 002c AC000000 		.4byte	.LFE7-.LFB7
 826 0030 00000000 		.4byte	0
 827 0034 00000000 		.4byte	0
 828              		.section	.debug_ranges,"",%progbits
 829              	.Ldebug_ranges0:
 830 0000 00000000 		.4byte	.LFB4
 831 0004 84000000 		.4byte	.LFE4
 832 0008 00000000 		.4byte	.LFB6
 833 000c 38000000 		.4byte	.LFE6
 834 0010 00000000 		.4byte	.LFB5
 835 0014 28000000 		.4byte	.LFE5
 836 0018 84000000 		.4byte	.LFB7
 837 001c 30010000 		.4byte	.LFE7
 838 0020 00000000 		.4byte	0
 839 0024 00000000 		.4byte	0
 840              		.section	.debug_line,"",%progbits
 841              	.Ldebug_line0:
 842 0000 CF000000 		.section	.debug_str,"MS",%progbits,1
 842      02006100 
 842      00000201 
 842      FB0E0D00 
 842      01010101 
 843              	.LASF16:
 844 0000 72656733 		.ascii	"reg32\000"
 844      3200
 845              	.LASF18:
 846 0006 416E616C 		.ascii	"AnalogSetDefault\000"
 846      6F675365 
 846      74446566 
ARM GAS  C:\Users\YUANFA~1\AppData\Local\Temp\ccHfGBSA.s 			page 22


 846      61756C74 
 846      00
 847              	.LASF24:
 848 0017 43795379 		.ascii	"CySysClkSetTimerSource\000"
 848      73436C6B 
 848      53657454 
 848      696D6572 
 848      536F7572 
 849              	.LASF22:
 850 002e 4379496E 		.ascii	"CyIntSetVector\000"
 850      74536574 
 850      56656374 
 850      6F7200
 851              	.LASF17:
 852 003d 436C6F63 		.ascii	"ClockSetup\000"
 852      6B536574 
 852      757000
 853              	.LASF6:
 854 0048 73686F72 		.ascii	"short unsigned int\000"
 854      7420756E 
 854      7369676E 
 854      65642069 
 854      6E7400
 855              	.LASF27:
 856 005b 5C5C4D61 		.ascii	"\\\\Mac\\Home\\Documents\\PSoC Creator\\touch-panel"
 856      635C486F 
 856      6D655C44 
 856      6F63756D 
 856      656E7473 
 857 0088 5C434330 		.ascii	"\\CC03\\CC03_CSD\\wk1.cydsn\000"
 857      335C4343 
 857      30335F43 
 857      53445C77 
 857      6B312E63 
 858              	.LASF14:
 859 00a1 666C6F61 		.ascii	"float\000"
 859      7400
 860              	.LASF4:
 861 00a7 756E7369 		.ascii	"unsigned char\000"
 861      676E6564 
 861      20636861 
 861      7200
 862              	.LASF8:
 863 00b5 6C6F6E67 		.ascii	"long unsigned int\000"
 863      20756E73 
 863      69676E65 
 863      6420696E 
 863      7400
 864              	.LASF12:
 865 00c7 75696E74 		.ascii	"uint8\000"
 865      3800
 866              	.LASF20:
 867 00cd 63796669 		.ascii	"cyfitter_cfg\000"
 867      74746572 
 867      5F636667 
 867      00
 868              	.LASF19:
ARM GAS  C:\Users\YUANFA~1\AppData\Local\Temp\ccHfGBSA.s 			page 23


 869 00da 53657441 		.ascii	"SetAnalogRoutingPumps\000"
 869      6E616C6F 
 869      67526F75 
 869      74696E67 
 869      50756D70 
 870              	.LASF15:
 871 00f0 646F7562 		.ascii	"double\000"
 871      6C6500
 872              	.LASF23:
 873 00f7 4379496E 		.ascii	"CyIntEnable\000"
 873      74456E61 
 873      626C6500 
 874              	.LASF13:
 875 0103 75696E74 		.ascii	"uint32\000"
 875      333200
 876              	.LASF0:
 877 010a 756E7369 		.ascii	"unsigned int\000"
 877      676E6564 
 877      20696E74 
 877      00
 878              	.LASF9:
 879 0117 6C6F6E67 		.ascii	"long long unsigned int\000"
 879      206C6F6E 
 879      6720756E 
 879      7369676E 
 879      65642069 
 880              	.LASF10:
 881 012e 73697A65 		.ascii	"sizetype\000"
 881      74797065 
 881      00
 882              	.LASF1:
 883 0137 6C6F6E67 		.ascii	"long long int\000"
 883      206C6F6E 
 883      6720696E 
 883      7400
 884              	.LASF11:
 885 0145 63686172 		.ascii	"char\000"
 885      00
 886              	.LASF28:
 887 014a 656E6162 		.ascii	"enabled\000"
 887      6C656400 
 888              	.LASF5:
 889 0152 73686F72 		.ascii	"short int\000"
 889      7420696E 
 889      7400
 890              	.LASF21:
 891 015c 43795379 		.ascii	"CySysClkWriteImoFreq\000"
 891      73436C6B 
 891      57726974 
 891      65496D6F 
 891      46726571 
 892              	.LASF7:
 893 0171 6C6F6E67 		.ascii	"long int\000"
 893      20696E74 
 893      00
 894              	.LASF2:
 895 017a 6C6F6E67 		.ascii	"long double\000"
ARM GAS  C:\Users\YUANFA~1\AppData\Local\Temp\ccHfGBSA.s 			page 24


 895      20646F75 
 895      626C6500 
 896              	.LASF25:
 897 0186 474E5520 		.ascii	"GNU C11 5.4.1 20160609 (release) [ARM/embedded-5-br"
 897      43313120 
 897      352E342E 
 897      31203230 
 897      31363036 
 898 01b9 616E6368 		.ascii	"anch revision 237715] -mcpu=cortex-m0plus -mthumb -"
 898      20726576 
 898      6973696F 
 898      6E203233 
 898      37373135 
 899 01ec 67202D4F 		.ascii	"g -Og -ffunction-sections -ffat-lto-objects\000"
 899      67202D66 
 899      66756E63 
 899      74696F6E 
 899      2D736563 
 900              	.LASF3:
 901 0218 7369676E 		.ascii	"signed char\000"
 901      65642063 
 901      68617200 
 902              	.LASF26:
 903 0224 47656E65 		.ascii	"Generated_Source\\PSoC4\\cyfitter_cfg.c\000"
 903      72617465 
 903      645F536F 
 903      75726365 
 903      5C50536F 
 904              	.LASF29:
 905 024a 72656756 		.ascii	"regValue\000"
 905      616C7565 
 905      00
 906              		.ident	"GCC: (GNU Tools for ARM Embedded Processors) 5.4.1 20160609 (release) [ARM/embedded-5-bran
