Archive member included to satisfy reference by file (symbol)

.\CortexM0p\ARM_GCC_541\Debug\wk1.a(CyLib.o)
                              .\CortexM0p\ARM_GCC_541\Debug\cyfitter_cfg.o (CyIntEnable)
.\CortexM0p\ARM_GCC_541\Debug\wk1.a(CyLFClk.o)
                              .\CortexM0p\ARM_GCC_541\Debug\wk1.a(CyLib.o) (CySysClkWcoEnabled)
.\CortexM0p\ARM_GCC_541\Debug\wk1.a(CapSense_Control.o)
                              .\CortexM0p\ARM_GCC_541\Debug\main.o (CapSense_Start)
.\CortexM0p\ARM_GCC_541\Debug\wk1.a(CapSense_Processing.o)
                              .\CortexM0p\ARM_GCC_541\Debug\wk1.a(CapSense_Control.o) (CapSense_DpInitialize)
.\CortexM0p\ARM_GCC_541\Debug\wk1.a(CapSense_Structure.o)
                              .\CortexM0p\ARM_GCC_541\Debug\wk1.a(CapSense_Control.o) (CapSense_DsInitialize)
.\CortexM0p\ARM_GCC_541\Debug\wk1.a(CapSense_Tuner.o)
                              .\CortexM0p\ARM_GCC_541\Debug\wk1.a(CapSense_Control.o) (CapSense_TuInitialize)
.\CortexM0p\ARM_GCC_541\Debug\wk1.a(CapSense_Filter.o)
                              .\CortexM0p\ARM_GCC_541\Debug\wk1.a(CapSense_Control.o) (CapSense_FtInitialize)
.\CortexM0p\ARM_GCC_541\Debug\wk1.a(CapSense_Sensing.o)
                              .\CortexM0p\ARM_GCC_541\Debug\wk1.a(CapSense_Control.o) (CapSense_IsBusy)
.\CortexM0p\ARM_GCC_541\Debug\wk1.a(CapSense_SensingCSD_LL.o)
                              .\CortexM0p\ARM_GCC_541\Debug\wk1.a(CapSense_Sensing.o) (CapSense_SsCSDInitialize)
.\CortexM0p\ARM_GCC_541\Debug\wk1.a(CapSense_SelfTest.o)
                              .\CortexM0p\ARM_GCC_541\Debug\wk1.a(CapSense_Sensing.o) (CapSense_BistDisableMode)
.\CortexM0p\ARM_GCC_541\Debug\wk1.a(UART.o)
                              .\CortexM0p\ARM_GCC_541\Debug\main.o (UART_Start)
.\CortexM0p\ARM_GCC_541\Debug\wk1.a(UART_UART.o)
                              .\CortexM0p\ARM_GCC_541\Debug\wk1.a(UART.o) (UART_UartInit)
.\CortexM0p\ARM_GCC_541\Debug\wk1.a(CapSense_ISR.o)
                              .\CortexM0p\ARM_GCC_541\Debug\wk1.a(CapSense_Sensing.o) (CapSense_ISR_StartEx)
.\CortexM0p\ARM_GCC_541\Debug\wk1.a(CyBootAsmGnu.o)
                              .\CortexM0p\ARM_GCC_541\Debug\wk1.a(CyLib.o) (CyDelayCycles)
.\CortexM0p\ARM_GCC_541\Debug\wk1.a(CyFlash.o)
                              .\CortexM0p\ARM_GCC_541\Debug\wk1.a(CyLib.o) (CySysFlashSetWaitCycles)
.\CortexM0p\ARM_GCC_541\Debug\wk1.a(CapSense_INT.o)
                              .\CortexM0p\ARM_GCC_541\Debug\wk1.a(CapSense_SensingCSD_LL.o) (CapSense_CSDPostSingleScan)
.\CortexM0p\ARM_GCC_541\Debug\wk1.a(UART_SPI_UART.o)
                              .\CortexM0p\ARM_GCC_541\Debug\wk1.a(UART_UART.o) (UART_SpiUartReadRxData)
C:\Program Files (x86)\Cypress\PSoC Creator\4.4\PSoC Creator\psoc\content\CyComponentLibrary\CyComponentLibrary.cylib\CapSense_P4_v7_0\PSoC4\Library\Capsense_P4Library_GCCp.a(CapSense_SmartSense_LL.o)
                              .\CortexM0p\ARM_GCC_541\Debug\wk1.a(CapSense_Sensing.o) (SmartSense_TunePrescalers)
c:/program files (x86)/cypress/psoc creator/4.4/psoc creator/import/gnu/arm/5.4.1/bin/../lib/gcc/arm-none-eabi/5.4.1/armv6-m\libgcc.a(_udivsi3.o)
                              .\CortexM0p\ARM_GCC_541\Debug\wk1.a(CyLib.o) (__aeabi_uidiv)
c:/program files (x86)/cypress/psoc creator/4.4/psoc creator/import/gnu/arm/5.4.1/bin/../lib/gcc/arm-none-eabi/5.4.1/armv6-m\libgcc.a(_divsi3.o)
                              .\CortexM0p\ARM_GCC_541\Debug\wk1.a(CyLib.o) (__aeabi_idiv)
c:/program files (x86)/cypress/psoc creator/4.4/psoc creator/import/gnu/arm/5.4.1/bin/../lib/gcc/arm-none-eabi/5.4.1/armv6-m\libgcc.a(_dvmd_tls.o)
                              c:/program files (x86)/cypress/psoc creator/4.4/psoc creator/import/gnu/arm/5.4.1/bin/../lib/gcc/arm-none-eabi/5.4.1/armv6-m\libgcc.a(_udivsi3.o) (__aeabi_idiv0)
c:/program files (x86)/cypress/psoc creator/4.4/psoc creator/import/gnu/arm/5.4.1/bin/../lib/gcc/arm-none-eabi/5.4.1/armv6-m\libgcc.a(_aeabi_uldivmod.o)
                              .\CortexM0p\ARM_GCC_541\Debug\wk1.a(CapSense_SelfTest.o) (__aeabi_uldivmod)
c:/program files (x86)/cypress/psoc creator/4.4/psoc creator/import/gnu/arm/5.4.1/bin/../lib/gcc/arm-none-eabi/5.4.1/armv6-m\libgcc.a(_muldi3.o)
                              .\CortexM0p\ARM_GCC_541\Debug\wk1.a(CapSense_SelfTest.o) (__aeabi_lmul)
c:/program files (x86)/cypress/psoc creator/4.4/psoc creator/import/gnu/arm/5.4.1/bin/../lib/gcc/arm-none-eabi/5.4.1/armv6-m\libgcc.a(_udivmoddi4.o)
                              c:/program files (x86)/cypress/psoc creator/4.4/psoc creator/import/gnu/arm/5.4.1/bin/../lib/gcc/arm-none-eabi/5.4.1/armv6-m\libgcc.a(_aeabi_uldivmod.o) (__udivmoddi4)
c:/program files (x86)/cypress/psoc creator/4.4/psoc creator/import/gnu/arm/5.4.1/bin/../lib/gcc/arm-none-eabi/5.4.1/armv6-m\libgcc.a(_clzdi2.o)
[...]
Memory Configuration

Name             Origin             Length             Attributes
rom              0x00000000         0x00020000         xr
ram              0x20000000         0x00004000         xrw
*default*        0x00000000         0xffffffff

Linker script and memory map

LOAD c:/program files (x86)/cypress/psoc creator/4.4/psoc creator/import/gnu/arm/5.4.1/bin/../lib/gcc/arm-none-eabi/5.4.1/armv6-m/crti.o
LOAD c:/program files (x86)/cypress/psoc creator/4.4/psoc creator/import/gnu/arm/5.4.1/bin/../lib/gcc/arm-none-eabi/5.4.1/armv6-m/crtbegin.o
LOAD c:/program files (x86)/cypress/psoc creator/4.4/psoc creator/import/gnu/arm/5.4.1/bin/../lib/gcc/arm-none-eabi/5.4.1/../../../../arm-none-eabi/lib/armv6-m/crt0.o
START GROUP
LOAD .\CortexM0p\ARM_GCC_541\Debug\main.o
LOAD .\CortexM0p\ARM_GCC_541\Debug\cyfitter_cfg.o
LOAD .\CortexM0p\ARM_GCC_541\Debug\cymetadata.o
LOAD .\CortexM0p\ARM_GCC_541\Debug\Cm0plusStart.o
LOAD .\CortexM0p\ARM_GCC_541\Debug\wk1.a
LOAD C:\Program Files (x86)\Cypress\PSoC Creator\4.4\PSoC Creator\psoc\content\CyComponentLibrary\CyComponentLibrary.cylib\CapSense_P4_v7_0\PSoC4\Library\Capsense_P4Library_GCCp.a
END GROUP
START GROUP
LOAD c:/program files (x86)/cypress/psoc creator/4.4/psoc creator/import/gnu/arm/5.4.1/bin/../lib/gcc/arm-none-eabi/5.4.1/armv6-m\libgcc.a
LOAD c:/program files (x86)/cypress/psoc creator/4.4/psoc creator/import/gnu/arm/5.4.1/bin/../lib/gcc/arm-none-eabi/5.4.1/../../../../arm-none-eabi/lib/armv6-m\libg_nano.a
LOAD c:/program files (x86)/cypress/psoc creator/4.4/psoc creator/import/gnu/arm/5.4.1/bin/../lib/gcc/arm-none-eabi/5.4.1/../../../../arm-none-eabi/lib/armv6-m\libc_nano.a
END GROUP
START GROUP
LOAD c:/program files (x86)/cypress/psoc creator/4.4/psoc creator/import/gnu/arm/5.4.1/bin/../lib/gcc/arm-none-eabi/5.4.1/armv6-m\libgcc.a
LOAD c:/program files (x86)/cypress/psoc creator/4.4/psoc creator/import/gnu/arm/5.4.1/bin/../lib/gcc/arm-none-eabi/5.4.1/../../../../arm-none-eabi/lib/armv6-m\libc_nano.a
END GROUP
LOAD c:/program files (x86)/cypress/psoc creator/4.4/psoc creator/import/gnu/arm/5.4.1/bin/../lib/gcc/arm-none-eabi/5.4.1/armv6-m/crtend.o
LOAD c:/program files (x86)/cypress/psoc creator/4.4/psoc creator/import/gnu/arm/5.4.1/bin/../lib/gcc/arm-none-eabi/5.4.1/armv6-m/crtn.o
START GROUP
LOAD c:/program files (x86)/cypress/psoc creator/4.4/psoc creator/import/gnu/arm/5.4.1/bin/../lib/gcc/arm-none-eabi/5.4.1/armv6-m\libgcc.a
LOAD c:/program files (x86)/cypress/psoc creator/4.4/psoc creator/import/gnu/arm/5.4.1/bin/../lib/gcc/arm-none-eabi/5.4.1/../../../../arm-none-eabi/lib/armv6-m\libc.a
LOAD c:/program files (x86)/cypress/psoc creator/4.4/psoc creator/import/gnu/arm/5.4.1/bin/../lib/gcc/arm-none-eabi/5.4.1/../../../../arm-none-eabi/lib/armv6-m\libnosys.a
END GROUP
                0x00000000                CY_APPL_ORIGIN = 0x0
                0x00000100                CY_FLASH_ROW_SIZE = 0x100
                0x00000001                CY_APPL_NUM = 0x1
                0x00000001                CY_APPL_MAX = 0x1
                0x00000040                CY_METADATA_SIZE = 0x40
                0x00000000                CY_APPL_LOADABLE = 0x0
                0x00000000                CY_CHECKSUM_EXCLUDE_SIZE = ALIGN (0x0, CY_FLASH_ROW_SIZE)
                0x00000000                CY_APP_FOR_STACK_AND_COPIER = 0x0
                [!provide]                PROVIDE (__cy_heap_start, _end)
                0x00000001                PROVIDE (__cy_region_num, ((__cy_regions_end - __cy_regions) / 0x10))
                0x20004000                PROVIDE (__cy_stack, (ORIGIN (ram) + LENGTH (ram)))
                [!provide]                PROVIDE (__cy_heap_end, (__cy_stack - 0x800))

.cybootloader   0x00000000        0x0
 *(.cybootloader)
                0x00000000                appl1_start = CY_APPL_ORIGIN?CY_APPL_ORIGIN:ALIGN (CY_FLASH_ROW_SIZE)
                0x0000ff00                appl2_start = (appl1_start + ALIGN ((((LENGTH (rom) - appl1_start) - (0x2 * CY_FLASH_ROW_SIZE)) / 0x2), CY_FLASH_ROW_SIZE))
                0x00000000                appl_start = (CY_APPL_NUM == 0x1)?appl1_start:appl2_start
                0x00000001                cy_project_type_bootloader = (appl_start == 0x0)?0x1:0x0
                0x00000000                cy_project_type_app_for_stack_and_copier = (CY_APP_FOR_STACK_AND_COPIER == 0x1)?0x1:0x0

.text           0x00000000     0x38ba
 CREATE_OBJECT_SYMBOLS
                0x00000000                PROVIDE (__cy_interrupt_vector, RomVectors)
 *(.romvectors)
 .romvectors    0x00000000       0x10 .\CortexM0p\ARM_GCC_541\Debug\Cm0plusStart.o
                0x00000000                RomVectors
                0x00000001                ASSERT ((. != __cy_interrupt_vector), No interrupt vector)
                0x00000001                ASSERT (CY_APPL_ORIGIN?(SIZEOF (.cybootloader) <= CY_APPL_ORIGIN):0x1, Wrong image location)
                0x00000010                PROVIDE (__cy_reset, Reset)
 *(.text.Reset)
 .text.Reset    0x00000010        0xc .\CortexM0p\ARM_GCC_541\Debug\Cm0plusStart.o
                0x00000010                Reset
                0x00000001                ASSERT ((. != __cy_reset), No reset code)
 *(.psocinit)
 .psocinit      0x0000001c      0x130 .\CortexM0p\ARM_GCC_541\Debug\cyfitter_cfg.o
                0x000000a0                cyfitter_cfg
                0x0000014c                . = MAX (., 0x100)
 *(.text .text.* .gnu.linkonce.t.*)
 .text          0x0000014c       0x60 c:/program files (x86)/cypress/psoc creator/4.4/psoc creator/import/gnu/arm/5.4.1/bin/../lib/gcc/arm-none-eabi/5.4.1/armv6-m/crtbegin.o
 .text.print    0x000001ac       0x14 .\CortexM0p\ARM_GCC_541\Debug\main.o
                0x000001ac                print
 .text.getCapacitanceValueCSD
                0x000001c0       0x30 .\CortexM0p\ARM_GCC_541\Debug\main.o
                0x000001c0                getCapacitanceValueCSD
 .text.PrintAll
                0x000001f0       0xa8 .\CortexM0p\ARM_GCC_541\Debug\main.o
                0x000001f0                PrintAll
 .text.main     0x00000298       0x2c .\CortexM0p\ARM_GCC_541\Debug\main.o
                0x00000298                main
 .text.SetAnalogRoutingPumps
                0x000002c4       0x38 .\CortexM0p\ARM_GCC_541\Debug\cyfitter_cfg.o
                0x000002c4                SetAnalogRoutingPumps
 .text.AnalogSetDefault
                0x000002fc       0x28 .\CortexM0p\ARM_GCC_541\Debug\cyfitter_cfg.o
 .text.IntDefaultHandler
                0x00000324       0x10 .\CortexM0p\ARM_GCC_541\Debug\Cm0plusStart.o
                0x00000324                IntDefaultHandler
 .text._sbrk    0x00000334       0x30 .\CortexM0p\ARM_GCC_541\Debug\Cm0plusStart.o
                0x00000334                _sbrk
 .text.Start_c  0x00000364       0x48 .\CortexM0p\ARM_GCC_541\Debug\Cm0plusStart.o
                0x00000364                Start_c
 .text.initialize_psoc
                0x000003ac       0x40 .\CortexM0p\ARM_GCC_541\Debug\Cm0plusStart.o
                0x000003ac                initialize_psoc
 .text.CySysClkImoDisableWcoLock
                0x000003ec       0x4c .\CortexM0p\ARM_GCC_541\Debug\wk1.a(CyLib.o)
                0x000003ec                CySysClkImoDisableWcoLock
 .text.CySysClkImoGetWcoLock
                0x00000438       0x14 .\CortexM0p\ARM_GCC_541\Debug\wk1.a(CyLib.o)
                0x00000438                CySysClkImoGetWcoLock
 .text.CyIntEnable
                0x0000044c       0x14 .\CortexM0p\ARM_GCC_541\Debug\wk1.a(CyLib.o)
                0x0000044c                CyIntEnable
 .text.CyIntDisable
                0x00000460       0x14 .\CortexM0p\ARM_GCC_541\Debug\wk1.a(CyLib.o)
                0x00000460                CyIntDisable
 .text.CyIntClearPending
                0x00000474       0x14 .\CortexM0p\ARM_GCC_541\Debug\wk1.a(CyLib.o)
                0x00000474                CyIntClearPending
 .text.CyHalt   0x00000488        0x4 .\CortexM0p\ARM_GCC_541\Debug\wk1.a(CyLib.o)
                0x00000488                CyHalt
 .text.CyIntSetVector
                0x0000048c       0x24 .\CortexM0p\ARM_GCC_541\Debug\wk1.a(CyLib.o)
                0x0000048c                CyIntSetVector
 .text.CyDelay  0x000004b0       0x30 .\CortexM0p\ARM_GCC_541\Debug\wk1.a(CyLib.o)
                0x000004b0                CyDelay
 .text.CySysClkImoEnableWcoLock
                0x000004e0       0xd0 .\CortexM0p\ARM_GCC_541\Debug\wk1.a(CyLib.o)
                0x000004e0                CySysClkImoEnableWcoLock
 .text.CySysClkWriteImoFreq
                0x000005b0       0xd8 .\CortexM0p\ARM_GCC_541\Debug\wk1.a(CyLib.o)
                0x000005b0                CySysClkWriteImoFreq
 .text.CyDelayUs
                0x00000688       0x14 .\CortexM0p\ARM_GCC_541\Debug\wk1.a(CyLib.o)
                0x00000688                CyDelayUs
 .text.CySysClkGetTimerSource
                0x0000069c       0x10 .\CortexM0p\ARM_GCC_541\Debug\wk1.a(CyLFClk.o)
 .text.CySysClkWcoEnabled
                0x000006ac       0x14 .\CortexM0p\ARM_GCC_541\Debug\wk1.a(CyLFClk.o)
                0x000006ac                CySysClkWcoEnabled
 .text.CySysWdtDisable
                0x000006c0       0x10 .\CortexM0p\ARM_GCC_541\Debug\wk1.a(CyLFClk.o)
                0x000006c0                CySysWdtDisable
 .text.CySysClkSetTimerSource
                0x000006d0       0x68 .\CortexM0p\ARM_GCC_541\Debug\wk1.a(CyLFClk.o)
                0x000006d0                CySysClkSetTimerSource
 .text.CySysTimerClearInterrupt
                0x00000738       0x2c .\CortexM0p\ARM_GCC_541\Debug\wk1.a(CyLFClk.o)
                0x00000738                CySysTimerClearInterrupt
 .text.CySysTimerIsr
                0x00000764       0xa4 .\CortexM0p\ARM_GCC_541\Debug\wk1.a(CyLFClk.o)
                0x00000764                CySysTimerIsr
 .text.CapSense_Initialize
                0x00000808       0x28 .\CortexM0p\ARM_GCC_541\Debug\wk1.a(CapSense_Control.o)
                0x00000808                CapSense_Initialize
 .text.CapSense_Start
                0x00000830       0x48 .\CortexM0p\ARM_GCC_541\Debug\wk1.a(CapSense_Control.o)
                0x00000830                CapSense_Start
 .text.CapSense_ProcessAllWidgets
                0x00000878       0x5c .\CortexM0p\ARM_GCC_541\Debug\wk1.a(CapSense_Control.o)
                0x00000878                CapSense_ProcessAllWidgets
 .text.CapSense_DpInitialize
                0x000008d4       0x5c .\CortexM0p\ARM_GCC_541\Debug\wk1.a(CapSense_Processing.o)
                0x000008d4                CapSense_DpInitialize
 .text.CapSense_DpUpdateDifferences
                0x00000930       0x18 .\CortexM0p\ARM_GCC_541\Debug\wk1.a(CapSense_Processing.o)
                0x00000930                CapSense_DpUpdateDifferences
 .text.CapSense_DpProcessCsdWidgetRawCounts
                0x00000948       0x48 .\CortexM0p\ARM_GCC_541\Debug\wk1.a(CapSense_Processing.o)
                0x00000948                CapSense_DpProcessCsdWidgetRawCounts
 .text.CapSense_DpProcessButton
                0x00000990       0x64 .\CortexM0p\ARM_GCC_541\Debug\wk1.a(CapSense_Processing.o)
                0x00000990                CapSense_DpProcessButton
 .text.CapSense_DpProcessCsdWidgetStatus
                0x000009f4       0x54 .\CortexM0p\ARM_GCC_541\Debug\wk1.a(CapSense_Processing.o)
                0x000009f4                CapSense_DpProcessCsdWidgetStatus
 .text.CapSense_DsInitialize
                0x00000a48      0x118 .\CortexM0p\ARM_GCC_541\Debug\wk1.a(CapSense_Structure.o)
                0x00000a48                CapSense_DsInitialize
 .text.CapSense_TuInitialize
                0x00000b60       0x14 .\CortexM0p\ARM_GCC_541\Debug\wk1.a(CapSense_Tuner.o)
                0x00000b60                CapSense_TuInitialize
 .text.CapSense_FtInitialize
                0x00000b74        0x4 .\CortexM0p\ARM_GCC_541\Debug\wk1.a(CapSense_Filter.o)
                0x00000b74                CapSense_FtInitialize
 .text.CapSense_FtInitializeBaselineChannel
                0x00000b78       0x24 .\CortexM0p\ARM_GCC_541\Debug\wk1.a(CapSense_Filter.o)
                0x00000b78                CapSense_FtInitializeBaselineChannel
 .text.CapSense_FtInitializeBaseline
                0x00000b9c       0x20 .\CortexM0p\ARM_GCC_541\Debug\wk1.a(CapSense_Filter.o)
                0x00000b9c                CapSense_FtInitializeBaseline
 .text.CapSense_InitializeSensorBaseline
                0x00000bbc       0x20 .\CortexM0p\ARM_GCC_541\Debug\wk1.a(CapSense_Filter.o)
                0x00000bbc                CapSense_InitializeSensorBaseline
 .text.CapSense_InitializeWidgetBaseline
                0x00000bdc       0x24 .\CortexM0p\ARM_GCC_541\Debug\wk1.a(CapSense_Filter.o)
                0x00000bdc                CapSense_InitializeWidgetBaseline
 .text.CapSense_InitializeAllBaselines
                0x00000c00       0x18 .\CortexM0p\ARM_GCC_541\Debug\wk1.a(CapSense_Filter.o)
                0x00000c00                CapSense_InitializeAllBaselines
 .text.CapSense_FtIIR1stOrder
                0x00000c18       0x14 .\CortexM0p\ARM_GCC_541\Debug\wk1.a(CapSense_Filter.o)
                0x00000c18                CapSense_FtIIR1stOrder
 .text.CapSense_FtUpdateBaseline
                0x00000c2c       0xb4 .\CortexM0p\ARM_GCC_541\Debug\wk1.a(CapSense_Filter.o)
                0x00000c2c                CapSense_FtUpdateBaseline
 .text.CapSense_SsCalcLfsrSize
                0x00000ce0       0x84 .\CortexM0p\ARM_GCC_541\Debug\wk1.a(CapSense_Sensing.o)
 .text.CapSense_SsCalcLfsrScale
                0x00000d64       0x44 .\CortexM0p\ARM_GCC_541\Debug\wk1.a(CapSense_Sensing.o)
 .text.CapSense_IsBusy
                0x00000da8       0x10 .\CortexM0p\ARM_GCC_541\Debug\wk1.a(CapSense_Sensing.o)
                0x00000da8                CapSense_IsBusy
 .text.CapSense_SetupWidget
                0x00000db8       0x4c .\CortexM0p\ARM_GCC_541\Debug\wk1.a(CapSense_Sensing.o)
                0x00000db8                CapSense_SetupWidget
 .text.CapSense_Scan
                0x00000e04       0x2c .\CortexM0p\ARM_GCC_541\Debug\wk1.a(CapSense_Sensing.o)
                0x00000e04                CapSense_Scan
 .text.CapSense_ScanAllWidgets
                0x00000e30       0x48 .\CortexM0p\ARM_GCC_541\Debug\wk1.a(CapSense_Sensing.o)
                0x00000e30                CapSense_ScanAllWidgets
 .text.CapSense_SsSetAllIOsState
                0x00000e78       0x80 .\CortexM0p\ARM_GCC_541\Debug\wk1.a(CapSense_Sensing.o)
                0x00000e78                CapSense_SsSetAllIOsState
 .text.CapSense_SsPostAllWidgetsScan
                0x00000ef8       0x78 .\CortexM0p\ARM_GCC_541\Debug\wk1.a(CapSense_Sensing.o)
                0x00000ef8                CapSense_SsPostAllWidgetsScan
 .text.CapSense_SsSetModClkClockDivider
                0x00000f70       0x30 .\CortexM0p\ARM_GCC_541\Debug\wk1.a(CapSense_Sensing.o)
                0x00000f70                CapSense_SsSetModClkClockDivider
 .text.CapSense_SsCSDGetColSnsClkDivider
                0x00000fa0       0x10 .\CortexM0p\ARM_GCC_541\Debug\wk1.a(CapSense_Sensing.o)
                0x00000fa0                CapSense_SsCSDGetColSnsClkDivider
 .text.CapSense_SsCSDCalcPrsSize
                0x00000fb0       0x24 .\CortexM0p\ARM_GCC_541\Debug\wk1.a(CapSense_Sensing.o)
                0x00000fb0                CapSense_SsCSDCalcPrsSize
 .text.CapSense_SsSetWidgetSenseClkSrc
                0x00000fd4       0x3c .\CortexM0p\ARM_GCC_541\Debug\wk1.a(CapSense_Sensing.o)
 .text.CapSense_SsAutoTuneWidget
                0x00001010      0x168 .\CortexM0p\ARM_GCC_541\Debug\wk1.a(CapSense_Sensing.o)
                0x00001010                CapSense_SsAutoTuneWidget
 .text.CapSense_SsAutoTune
                0x00001178       0x1c .\CortexM0p\ARM_GCC_541\Debug\wk1.a(CapSense_Sensing.o)
                0x00001178                CapSense_SsAutoTune
 .text.CapSense_SsInitializeSourceSenseClk
                0x00001194       0x28 .\CortexM0p\ARM_GCC_541\Debug\wk1.a(CapSense_Sensing.o)
                0x00001194                CapSense_SsInitializeSourceSenseClk
 .text.CapSense_DischargeExtCapacitors
                0x000011bc       0xc0 .\CortexM0p\ARM_GCC_541\Debug\wk1.a(CapSense_Sensing.o)
                0x000011bc                CapSense_DischargeExtCapacitors
 .text.CapSense_WriteBitsSafe
                0x0000127c       0x1c .\CortexM0p\ARM_GCC_541\Debug\wk1.a(CapSense_Sensing.o)
                0x0000127c                CapSense_WriteBitsSafe
 .text.CapSense_SsCSDDisableMode
                0x00001298       0x24 .\CortexM0p\ARM_GCC_541\Debug\wk1.a(CapSense_Sensing.o)
 .text.CapSense_SsSwitchSensingMode
                0x000012bc       0x5c .\CortexM0p\ARM_GCC_541\Debug\wk1.a(CapSense_Sensing.o)
                0x000012bc                CapSense_SsSwitchSensingMode
 .text.CapSense_SsInitialize
                0x00001318       0x28 .\CortexM0p\ARM_GCC_541\Debug\wk1.a(CapSense_Sensing.o)
                0x00001318                CapSense_SsInitialize
 .text.CapSense_SsCSDSetModeSnsClockDivider
                0x00001340       0x10 .\CortexM0p\ARM_GCC_541\Debug\wk1.a(CapSense_SensingCSD_LL.o)
 .text.CapSense_SsCSDSetFilterDelay
                0x00001350       0x54 .\CortexM0p\ARM_GCC_541\Debug\wk1.a(CapSense_SensingCSD_LL.o)
 .text.CapSense_SsCSDConfigIDACs
                0x000013a4       0x1c .\CortexM0p\ARM_GCC_541\Debug\wk1.a(CapSense_SensingCSD_LL.o)
 .text.CapSense_SsCSDCalibrateCheck
                0x000013c0       0x98 .\CortexM0p\ARM_GCC_541\Debug\wk1.a(CapSense_SensingCSD_LL.o)
 .text.CapSense_SsCSDSwitchIdacGain
                0x00001458       0x9c .\CortexM0p\ARM_GCC_541\Debug\wk1.a(CapSense_SensingCSD_LL.o)
 .text.CapSense_SsCSDNormalizeIdac
                0x000014f4       0xcc .\CortexM0p\ARM_GCC_541\Debug\wk1.a(CapSense_SensingCSD_LL.o)
 .text.CapSense_SsCSDInitialize
                0x000015c0      0x144 .\CortexM0p\ARM_GCC_541\Debug\wk1.a(CapSense_SensingCSD_LL.o)
                0x000015c0                CapSense_SsCSDInitialize
 .text.CapSense_SsCSDSetUpIdacs
                0x00001704       0x60 .\CortexM0p\ARM_GCC_541\Debug\wk1.a(CapSense_SensingCSD_LL.o)
                0x00001704                CapSense_SsCSDSetUpIdacs
 .text.CapSense_SsCSDGetNumberOfConversions
                0x00001764       0x2c .\CortexM0p\ARM_GCC_541\Debug\wk1.a(CapSense_SensingCSD_LL.o)
                0x00001764                CapSense_SsCSDGetNumberOfConversions
 .text.CapSense_SsCSDConfigClock
                0x00001790       0x3c .\CortexM0p\ARM_GCC_541\Debug\wk1.a(CapSense_SensingCSD_LL.o)
                0x00001790                CapSense_SsCSDConfigClock
 .text.CapSense_SsCSDCalculateScanDuration
                0x000017cc       0x1c .\CortexM0p\ARM_GCC_541\Debug\wk1.a(CapSense_SensingCSD_LL.o)
                0x000017cc                CapSense_SsCSDCalculateScanDuration
 .text.CapSense_SsCSDStartSample
                0x000017e8       0xf0 .\CortexM0p\ARM_GCC_541\Debug\wk1.a(CapSense_SensingCSD_LL.o)
                0x000017e8                CapSense_SsCSDStartSample
 .text.CapSense_CSDScanExt
                0x000018d8       0x20 .\CortexM0p\ARM_GCC_541\Debug\wk1.a(CapSense_SensingCSD_LL.o)
                0x000018d8                CapSense_CSDScanExt
 .text.CapSense_CSDConnectSns
                0x000018f8       0x34 .\CortexM0p\ARM_GCC_541\Debug\wk1.a(CapSense_SensingCSD_LL.o)
                0x000018f8                CapSense_CSDConnectSns
 .text.CapSense_CSDScan
                0x0000192c       0x98 .\CortexM0p\ARM_GCC_541\Debug\wk1.a(CapSense_SensingCSD_LL.o)
                0x0000192c                CapSense_CSDScan
 .text.CapSense_SsCSDConnectSensorExt
                0x000019c4       0x20 .\CortexM0p\ARM_GCC_541\Debug\wk1.a(CapSense_SensingCSD_LL.o)
                0x000019c4                CapSense_SsCSDConnectSensorExt
 .text.CapSense_CSDDisconnectSns
                0x000019e4       0x68 .\CortexM0p\ARM_GCC_541\Debug\wk1.a(CapSense_SensingCSD_LL.o)
                0x000019e4                CapSense_CSDDisconnectSns
 .text.CapSense_SsCSDElectrodeCheck
                0x00001a4c       0x24 .\CortexM0p\ARM_GCC_541\Debug\wk1.a(CapSense_SensingCSD_LL.o)
                0x00001a4c                CapSense_SsCSDElectrodeCheck
 .text.CapSense_CSDSetupWidget
                0x00001a70       0x54 .\CortexM0p\ARM_GCC_541\Debug\wk1.a(CapSense_SensingCSD_LL.o)
                0x00001a70                CapSense_CSDSetupWidget
 .text.CapSense_CSDSetupWidgetExt
                0x00001ac4       0x64 .\CortexM0p\ARM_GCC_541\Debug\wk1.a(CapSense_SensingCSD_LL.o)
                0x00001ac4                CapSense_CSDSetupWidgetExt
 .text.CapSense_SsCSDCalibrate
                0x00001b28      0x160 .\CortexM0p\ARM_GCC_541\Debug\wk1.a(CapSense_SensingCSD_LL.o)
 .text.CapSense_CSDCalibrateWidget
                0x00001c88       0x7c .\CortexM0p\ARM_GCC_541\Debug\wk1.a(CapSense_SensingCSD_LL.o)
                0x00001c88                CapSense_CSDCalibrateWidget
 .text.CapSense_DsCalculateCrc16
                0x00001d04       0x50 .\CortexM0p\ARM_GCC_541\Debug\wk1.a(CapSense_SelfTest.o)
 .text.CapSense_BistSetScanDuration
                0x00001d54       0x40 .\CortexM0p\ARM_GCC_541\Debug\wk1.a(CapSense_SelfTest.o)
 .text.CapSense_BistPostSingleScan
                0x00001d94       0x34 .\CortexM0p\ARM_GCC_541\Debug\wk1.a(CapSense_SelfTest.o)
                0x00001d94                CapSense_BistPostSingleScan
 .text.CapSense_BistConfigClock
                0x00001dc8       0x10 .\CortexM0p\ARM_GCC_541\Debug\wk1.a(CapSense_SelfTest.o)
 .text.CapSense_BistSetIdac
                0x00001dd8       0x20 .\CortexM0p\ARM_GCC_541\Debug\wk1.a(CapSense_SelfTest.o)
 .text.CapSense_BistCmodPrecharge
                0x00001df8       0x9c .\CortexM0p\ARM_GCC_541\Debug\wk1.a(CapSense_SelfTest.o)
 .text.CapSense_WaitEndOfScan
                0x00001e94       0x28 .\CortexM0p\ARM_GCC_541\Debug\wk1.a(CapSense_SelfTest.o)
 .text.CapSense_BistSetIdacGain
                0x00001ebc       0x2c .\CortexM0p\ARM_GCC_541\Debug\wk1.a(CapSense_SelfTest.o)
 .text.CapSense_IscToBistIOConfig
                0x00001ee8       0x28 .\CortexM0p\ARM_GCC_541\Debug\wk1.a(CapSense_SelfTest.o)
 .text.CapSense_BistDisableHwSnsShort
                0x00001f10       0x4c .\CortexM0p\ARM_GCC_541\Debug\wk1.a(CapSense_SelfTest.o)
 .text.CapSense_BistDisableHwSnsCap
                0x00001f5c       0x1c .\CortexM0p\ARM_GCC_541\Debug\wk1.a(CapSense_SelfTest.o)
 .text.CapSense_BistEnableHwSnsShort
                0x00001f78       0x20 .\CortexM0p\ARM_GCC_541\Debug\wk1.a(CapSense_SelfTest.o)
 .text.CapSense_SetSnsPc
                0x00001f98       0x24 .\CortexM0p\ARM_GCC_541\Debug\wk1.a(CapSense_SelfTest.o)
 .text.CapSense_SetAllSnsPcState
                0x00001fbc       0x20 .\CortexM0p\ARM_GCC_541\Debug\wk1.a(CapSense_SelfTest.o)
 .text.CapSense_SetSnsHsiom
                0x00001fdc       0x20 .\CortexM0p\ARM_GCC_541\Debug\wk1.a(CapSense_SelfTest.o)
 .text.CapSense_SetAllSnsHsiomState
                0x00001ffc       0x20 .\CortexM0p\ARM_GCC_541\Debug\wk1.a(CapSense_SelfTest.o)
 .text.CapSense_SwitchAllIOState
                0x0000201c       0x4c .\CortexM0p\ARM_GCC_541\Debug\wk1.a(CapSense_SelfTest.o)
 .text.CapSense_BistConnectSensor
                0x00002068       0x54 .\CortexM0p\ARM_GCC_541\Debug\wk1.a(CapSense_SelfTest.o)
 .text.CapSense_BistSetInactiveSensorConnection
                0x000020bc       0x88 .\CortexM0p\ARM_GCC_541\Debug\wk1.a(CapSense_SelfTest.o)
 .text.CapSense_SetSnsDr
                0x00002144       0x20 .\CortexM0p\ARM_GCC_541\Debug\wk1.a(CapSense_SelfTest.o)
 .text.CapSense_SetAllSnsDrState
                0x00002164       0x20 .\CortexM0p\ARM_GCC_541\Debug\wk1.a(CapSense_SelfTest.o)
 .text.CapSense_BistEnableVddaMeasurement
                0x00002184      0x120 .\CortexM0p\ARM_GCC_541\Debug\wk1.a(CapSense_SelfTest.o)
 .text.CapSense_BistEnableHwSnsCap
                0x000022a4      0x1b4 .\CortexM0p\ARM_GCC_541\Debug\wk1.a(CapSense_SelfTest.o)
 .text.CapSense_BistSwitchHwConfig
                0x00002458       0x58 .\CortexM0p\ARM_GCC_541\Debug\wk1.a(CapSense_SelfTest.o)
 .text.CapSense_BistTriggerScan
                0x000024b0       0xe0 .\CortexM0p\ARM_GCC_541\Debug\wk1.a(CapSense_SelfTest.o)
 .text.CapSense_BistStartSample
                0x00002590       0x34 .\CortexM0p\ARM_GCC_541\Debug\wk1.a(CapSense_SelfTest.o)
 .text.CapSense_GetCapacitanceExt
                0x000025c4      0x124 .\CortexM0p\ARM_GCC_541\Debug\wk1.a(CapSense_SelfTest.o)
 .text.CapSense_GetSensorCapacitanceExt
                0x000026e8       0x34 .\CortexM0p\ARM_GCC_541\Debug\wk1.a(CapSense_SelfTest.o)
 .text.CapSense_BistDisableMode
                0x0000271c       0x1c .\CortexM0p\ARM_GCC_541\Debug\wk1.a(CapSense_SelfTest.o)
                0x0000271c                CapSense_BistDisableMode
 .text.CapSense_BistInitialize
                0x00002738       0x14 .\CortexM0p\ARM_GCC_541\Debug\wk1.a(CapSense_SelfTest.o)
                0x00002738                CapSense_BistInitialize
 .text.CapSense_DsUpdateWidgetCrc
                0x0000274c       0x20 .\CortexM0p\ARM_GCC_541\Debug\wk1.a(CapSense_SelfTest.o)
                0x0000274c                CapSense_DsUpdateWidgetCrc
 .text.CapSense_UpdateTestResultBaselineDuplication
                0x0000276c       0x48 .\CortexM0p\ARM_GCC_541\Debug\wk1.a(CapSense_SelfTest.o)
                0x0000276c                CapSense_UpdateTestResultBaselineDuplication
 .text.CapSense_GetSensorCapacitance
                0x000027b4       0x60 .\CortexM0p\ARM_GCC_541\Debug\wk1.a(CapSense_SelfTest.o)
                0x000027b4                CapSense_GetSensorCapacitance
 .text.UART_ScbModePostEnable
                0x00002814        0x8 .\CortexM0p\ARM_GCC_541\Debug\wk1.a(UART.o)
 .text.UART_Init
                0x0000281c        0x8 .\CortexM0p\ARM_GCC_541\Debug\wk1.a(UART.o)
                0x0000281c                UART_Init
 .text.UART_Enable
                0x00002824       0x18 .\CortexM0p\ARM_GCC_541\Debug\wk1.a(UART.o)
                0x00002824                UART_Enable
 .text.UART_Start
                0x0000283c       0x20 .\CortexM0p\ARM_GCC_541\Debug\wk1.a(UART.o)
                0x0000283c                UART_Start
 .text.UART_UartInit
                0x0000285c       0xa8 .\CortexM0p\ARM_GCC_541\Debug\wk1.a(UART_UART.o)
                0x0000285c                UART_UartInit
 .text.UART_UartPostEnable
                0x00002904       0x24 .\CortexM0p\ARM_GCC_541\Debug\wk1.a(UART_UART.o)
                0x00002904                UART_UartPostEnable
 .text.UART_UartPutString
                0x00002928       0x18 .\CortexM0p\ARM_GCC_541\Debug\wk1.a(UART_UART.o)
                0x00002928                UART_UartPutString
 .text.CapSense_ISR_SetVector
                0x00002940        0xc .\CortexM0p\ARM_GCC_541\Debug\wk1.a(CapSense_ISR.o)
                0x00002940                CapSense_ISR_SetVector
 .text.CapSense_ISR_SetPriority
                0x0000294c       0x20 .\CortexM0p\ARM_GCC_541\Debug\wk1.a(CapSense_ISR.o)
                0x0000294c                CapSense_ISR_SetPriority
 .text.CapSense_ISR_Enable
                0x0000296c       0x10 .\CortexM0p\ARM_GCC_541\Debug\wk1.a(CapSense_ISR.o)
                0x0000296c                CapSense_ISR_Enable
 .text.CapSense_ISR_Disable
                0x0000297c       0x10 .\CortexM0p\ARM_GCC_541\Debug\wk1.a(CapSense_ISR.o)
                0x0000297c                CapSense_ISR_Disable
 .text.CapSense_ISR_StartEx
                0x0000298c       0x1c .\CortexM0p\ARM_GCC_541\Debug\wk1.a(CapSense_ISR.o)
                0x0000298c                CapSense_ISR_StartEx
 .text          0x000029a8       0x20 .\CortexM0p\ARM_GCC_541\Debug\wk1.a(CyBootAsmGnu.o)
                0x000029a8                CyDelayCycles
                0x000029ba                CyEnterCriticalSection
                0x000029c2                CyExitCriticalSection
 .text.CySysFlashSetWaitCycles
                0x000029c8       0x54 .\CortexM0p\ARM_GCC_541\Debug\wk1.a(CyFlash.o)
                0x000029c8                CySysFlashSetWaitCycles
 .text.CapSense_SsCSDPostScan
                0x00002a1c       0x50 .\CortexM0p\ARM_GCC_541\Debug\wk1.a(CapSense_INT.o)
 .text.CapSense_SsCSDInitNextScan
                0x00002a6c       0xa8 .\CortexM0p\ARM_GCC_541\Debug\wk1.a(CapSense_INT.o)
 .text.CapSense_CSDPostSingleScan
                0x00002b14       0x2c .\CortexM0p\ARM_GCC_541\Debug\wk1.a(CapSense_INT.o)
                0x00002b14                CapSense_CSDPostSingleScan
 .text.CapSense_CSDPostMultiScan
                0x00002b40       0x3c .\CortexM0p\ARM_GCC_541\Debug\wk1.a(CapSense_INT.o)
                0x00002b40                CapSense_CSDPostMultiScan
 .text.UART_SpiUartWriteTxData
                0x00002b7c       0x1c .\CortexM0p\ARM_GCC_541\Debug\wk1.a(UART_SPI_UART.o)
                0x00002b7c                UART_SpiUartWriteTxData
 .text.SmartSense_TunePrescalers
                0x00002b98       0x60 C:\Program Files (x86)\Cypress\PSoC Creator\4.4\PSoC Creator\psoc\content\CyComponentLibrary\CyComponentLibrary.cylib\CapSense_P4_v7_0\PSoC4\Library\Capsense_P4Library_GCCp.a(CapSense_SmartSense_LL.o)
                0x00002b98                SmartSense_TunePrescalers
 .text.SmartSense_TuneSensitivity
                0x00002bf8       0x7c C:\Program Files (x86)\Cypress\PSoC Creator\4.4\PSoC Creator\psoc\content\CyComponentLibrary\CyComponentLibrary.cylib\CapSense_P4_v7_0\PSoC4\Library\Capsense_P4Library_GCCp.a(CapSense_SmartSense_LL.o)
                0x00002bf8                SmartSense_TuneSensitivity
 .text          0x00002c74      0x114 c:/program files (x86)/cypress/psoc creator/4.4/psoc creator/import/gnu/arm/5.4.1/bin/../lib/gcc/arm-none-eabi/5.4.1/armv6-m\libgcc.a(_udivsi3.o)
                0x00002c74                __aeabi_uidiv
                0x00002c74                __udivsi3
                0x00002d80                __aeabi_uidivmod
 .text          0x00002d88        0x4 c:/program files (x86)/cypress/psoc creator/4.4/psoc creator/import/gnu/arm/5.4.1/bin/../lib/gcc/arm-none-eabi/5.4.1/armv6-m\libgcc.a(_dvmd_tls.o)
                0x00002d88                __aeabi_idiv0
                0x00002d88                __aeabi_ldiv0
 .text          0x00002d8c       0x40 c:/program files (x86)/cypress/psoc creator/4.4/psoc creator/import/gnu/arm/5.4.1/bin/../lib/gcc/arm-none-eabi/5.4.1/armv6-m\libgcc.a(_aeabi_uldivmod.o)
                0x00002d8c                __aeabi_uldivmod
 .text          0x00002dcc       0x58 c:/program files (x86)/cypress/psoc creator/4.4/psoc creator/import/gnu/arm/5.4.1/bin/../lib/gcc/arm-none-eabi/5.4.1/armv6-m\libgcc.a(_muldi3.o)
                0x00002dcc                __muldi3
                0x00002dcc                __aeabi_lmul
 .text          0x00002e24      0x180 c:/program files (x86)/cypress/psoc creator/4.4/psoc creator/import/gnu/arm/5.4.1/bin/../lib/gcc/arm-none-eabi/5.4.1/armv6-m\libgcc.a(_udivmoddi4.o)
                0x00002e24                __udivmoddi4
 .text          0x00002fa4       0x18 c:/program files (x86)/cypress/psoc creator/4.4/psoc creator/import/gnu/arm/5.4.1/bin/../lib/gcc/arm-none-eabi/5.4.1/armv6-m\libgcc.a(_clzdi2.o)
                0x00002fa4                __clzdi2
 .text          0x00002fbc       0x3c c:/program files (x86)/cypress/psoc creator/4.4/psoc creator/import/gnu/arm/5.4.1/bin/../lib/gcc/arm-none-eabi/5.4.1/armv6-m\libgcc.a(_clzsi2.o)
                0x00002fbc                __clzsi2
 .text.__errno  0x00002ff8        0xc c:/program files (x86)/cypress/psoc creator/4.4/psoc creator/import/gnu/arm/5.4.1/bin/../lib/gcc/arm-none-eabi/5.4.1/../../../../arm-none-eabi/lib/armv6-m\libg_nano.a(lib_a-errno.o)
                0x00002ff8                __errno
 .text.__libc_init_array
                0x00003004       0x4c c:/program files (x86)/cypress/psoc creator/4.4/psoc creator/import/gnu/arm/5.4.1/bin/../lib/gcc/arm-none-eabi/5.4.1/../../../../arm-none-eabi/lib/armv6-m\libg_nano.a(lib_a-init.o)
                0x00003004                __libc_init_array
 .text.memcpy   0x00003050       0x12 c:/program files (x86)/cypress/psoc creator/4.4/psoc creator/import/gnu/arm/5.4.1/bin/../lib/gcc/arm-none-eabi/5.4.1/../../../../arm-none-eabi/lib/armv6-m\libg_nano.a(lib_a-memcpy-stub.o)
                0x00003050                memcpy
 .text.memset   0x00003062       0x10 c:/program files (x86)/cypress/psoc creator/4.4/psoc creator/import/gnu/arm/5.4.1/bin/../lib/gcc/arm-none-eabi/5.4.1/../../../../arm-none-eabi/lib/armv6-m\libg_nano.a(lib_a-memset.o)
                0x00003062                memset
 *fill*         0x00003072        0x2 
 .text.sprintf  0x00003074       0x44 c:/program files (x86)/cypress/psoc creator/4.4/psoc creator/import/gnu/arm/5.4.1/bin/../lib/gcc/arm-none-eabi/5.4.1/../../../../arm-none-eabi/lib/armv6-m\libg_nano.a(lib_a-sprintf.o)
                0x00003074                siprintf
                0x00003074                sprintf
 .text.__ssputs_r
                0x000030b8       0xc4 c:/program files (x86)/cypress/psoc creator/4.4/psoc creator/import/gnu/arm/5.4.1/bin/../lib/gcc/arm-none-eabi/5.4.1/../../../../arm-none-eabi/lib/armv6-m\libg_nano.a(lib_a-nano-svfprintf.o)
                0x000030b8                __ssputs_r
 .text._svfprintf_r
                0x0000317c      0x1fc c:/program files (x86)/cypress/psoc creator/4.4/psoc creator/import/gnu/arm/5.4.1/bin/../lib/gcc/arm-none-eabi/5.4.1/../../../../arm-none-eabi/lib/armv6-m\libg_nano.a(lib_a-nano-svfprintf.o)
                0x0000317c                _svfiprintf_r
                0x0000317c                _svfprintf_r
 .text._printf_common
                0x00003378       0xdc c:/program files (x86)/cypress/psoc creator/4.4/psoc creator/import/gnu/arm/5.4.1/bin/../lib/gcc/arm-none-eabi/5.4.1/../../../../arm-none-eabi/lib/armv6-m\libg_nano.a(lib_a-nano-vfprintf_i.o)
                0x00003378                _printf_common
 .text._printf_i
                0x00003454      0x244 c:/program files (x86)/cypress/psoc creator/4.4/psoc creator/import/gnu/arm/5.4.1/bin/../lib/gcc/arm-none-eabi/5.4.1/../../../../arm-none-eabi/lib/armv6-m\libg_nano.a(lib_a-nano-vfprintf_i.o)
                0x00003454                _printf_i
 .text.memchr   0x00003698       0x16 c:/program files (x86)/cypress/psoc creator/4.4/psoc creator/import/gnu/arm/5.4.1/bin/../lib/gcc/arm-none-eabi/5.4.1/../../../../arm-none-eabi/lib/armv6-m\libg_nano.a(lib_a-memchr-stub.o)
                0x00003698                memchr
 .text.memmove  0x000036ae       0x2a c:/program files (x86)/cypress/psoc creator/4.4/psoc creator/import/gnu/arm/5.4.1/bin/../lib/gcc/arm-none-eabi/5.4.1/../../../../arm-none-eabi/lib/armv6-m\libg_nano.a(lib_a-memmove.o)
                0x000036ae                memmove
 .text._free_r  0x000036d8       0x98 c:/program files (x86)/cypress/psoc creator/4.4/psoc creator/import/gnu/arm/5.4.1/bin/../lib/gcc/arm-none-eabi/5.4.1/../../../../arm-none-eabi/lib/armv6-m\libg_nano.a(lib_a-nano-freer.o)
                0x000036d8                _free_r
 .text._malloc_r
                0x00003770       0xc0 c:/program files (x86)/cypress/psoc creator/4.4/psoc creator/import/gnu/arm/5.4.1/bin/../lib/gcc/arm-none-eabi/5.4.1/../../../../arm-none-eabi/lib/armv6-m\libg_nano.a(lib_a-nano-mallocr.o)
                0x00003770                _malloc_r
 .text._realloc_r
                0x00003830       0x4c c:/program files (x86)/cypress/psoc creator/4.4/psoc creator/import/gnu/arm/5.4.1/bin/../lib/gcc/arm-none-eabi/5.4.1/../../../../arm-none-eabi/lib/armv6-m\libg_nano.a(lib_a-nano-reallocr.o)
                0x00003830                _realloc_r
 .text._sbrk_r  0x0000387c       0x24 c:/program files (x86)/cypress/psoc creator/4.4/psoc creator/import/gnu/arm/5.4.1/bin/../lib/gcc/arm-none-eabi/5.4.1/../../../../arm-none-eabi/lib/armv6-m\libg_nano.a(lib_a-sbrkr.o)
                0x0000387c                _sbrk_r
 .text.__malloc_lock
                0x000038a0        0x2 c:/program files (x86)/cypress/psoc creator/4.4/psoc creator/import/gnu/arm/5.4.1/bin/../lib/gcc/arm-none-eabi/5.4.1/../../../../arm-none-eabi/lib/armv6-m\libg_nano.a(lib_a-mlock.o)
                0x000038a0                __malloc_lock
 .text.__malloc_unlock
                0x000038a2        0x2 c:/program files (x86)/cypress/psoc creator/4.4/psoc creator/import/gnu/arm/5.4.1/bin/../lib/gcc/arm-none-eabi/5.4.1/../../../../arm-none-eabi/lib/armv6-m\libg_nano.a(lib_a-mlock.o)
                0x000038a2                __malloc_unlock
 .text._malloc_usable_size_r
                0x000038a4       0x16 c:/program files (x86)/cypress/psoc creator/4.4/psoc creator/import/gnu/arm/5.4.1/bin/../lib/gcc/arm-none-eabi/5.4.1/../../../../arm-none-eabi/lib/armv6-m\libg_nano.a(lib_a-nano-msizer.o)
                0x000038a4                _malloc_usable_size_r
 *(.plt)
 *(.gnu.warning)
 *(.glue_7t)
 .glue_7t       0x000038ba        0x0 linker stubs
 *(.glue_7)
 .glue_7        0x000038ba        0x0 linker stubs
 *(.vfp11_veneer)
 .vfp11_veneer  0x000038ba        0x0 linker stubs
 *(.bootloader)
 *(.ARM.extab* .gnu.linkonce.armextab.*)
 *(.gcc_except_table)

.v4_bx          0x000038bc        0x0
 .v4_bx         0x000038bc        0x0 linker stubs

.iplt           0x000038bc        0x0
 .iplt          0x000038bc        0x0 c:/program files (x86)/cypress/psoc creator/4.4/psoc creator/import/gnu/arm/5.4.1/bin/../lib/gcc/arm-none-eabi/5.4.1/armv6-m/crtbegin.o

.eh_frame_hdr
 *(.eh_frame_hdr)

.eh_frame       0x000038bc        0x4
 *(.eh_frame)
 .eh_frame      0x000038bc        0x0 c:/program files (x86)/cypress/psoc creator/4.4/psoc creator/import/gnu/arm/5.4.1/bin/../lib/gcc/arm-none-eabi/5.4.1/armv6-m/crtbegin.o
 .eh_frame      0x000038bc        0x4 c:/program files (x86)/cypress/psoc creator/4.4/psoc creator/import/gnu/arm/5.4.1/bin/../lib/gcc/arm-none-eabi/5.4.1/armv6-m/crtend.o
                [!provide]                PROVIDE (__exidx_start, .)

.ARM.exidx      0x000038c0        0x8
 *(.ARM.exidx* .gnu.linkonce.armexidx.*)
 .ARM.exidx     0x000038c0        0x8 c:/program files (x86)/cypress/psoc creator/4.4/psoc creator/import/gnu/arm/5.4.1/bin/../lib/gcc/arm-none-eabi/5.4.1/armv6-m\libgcc.a(_udivmoddi4.o)
                0x000038c8                __exidx_end = .

.rodata         0x000038c8      0x7d0
 *(.rodata .rodata.* .gnu.linkonce.r.*)
 .rodata.str1.4
                0x000038c8       0x5c .\CortexM0p\ARM_GCC_541\Debug\main.o
                                 0x5b (size before relaxing)
 .rodata        0x00003924      0x68c .\CortexM0p\ARM_GCC_541\Debug\wk1.a(CapSense_Structure.o)
                0x00003934                CapSense_ramIdacInit
                0x00003948                CapSense_dsFlash
                0x00003ba8                CapSense_ramWidgetInit
                0x00003d4c                CapSense_extCapMap
                0x00003d50                CapSense_ioList
 .rodata        0x00003fb0       0x39 .\CortexM0p\ARM_GCC_541\Debug\wk1.a(CapSense_Sensing.o)
                0x00003fb0                CapSense_idacGainTable
                0x00003fe8                CapSense_scanFreqIndex
 *fill*         0x00003fe9        0x3 
 .rodata        0x00003fec       0x40 .\CortexM0p\ARM_GCC_541\Debug\wk1.a(CapSense_SelfTest.o)
                0x0000400c                CapSense_BistIdacTable
 .rodata.str1.1
                0x0000402c        0x2 c:/program files (x86)/cypress/psoc creator/4.4/psoc creator/import/gnu/arm/5.4.1/bin/../lib/gcc/arm-none-eabi/5.4.1/../../../../arm-none-eabi/lib/armv6-m\libg_nano.a(lib_a-impure.o)
 .rodata.str1.1
                0x0000402e       0x11 c:/program files (x86)/cypress/psoc creator/4.4/psoc creator/import/gnu/arm/5.4.1/bin/../lib/gcc/arm-none-eabi/5.4.1/../../../../arm-none-eabi/lib/armv6-m\libg_nano.a(lib_a-nano-svfprintf.o)
 .rodata.str1.1
                0x0000403f       0x22 c:/program files (x86)/cypress/psoc creator/4.4/psoc creator/import/gnu/arm/5.4.1/bin/../lib/gcc/arm-none-eabi/5.4.1/../../../../arm-none-eabi/lib/armv6-m\libg_nano.a(lib_a-nano-vfprintf_i.o)
                0x00004064                . = ALIGN (0x4)
 *fill*         0x00004061        0x3 
 *(.init)
 .init          0x00004064        0x4 c:/program files (x86)/cypress/psoc creator/4.4/psoc creator/import/gnu/arm/5.4.1/bin/../lib/gcc/arm-none-eabi/5.4.1/armv6-m/crti.o
                0x00004064                _init
 .init          0x00004068        0x8 c:/program files (x86)/cypress/psoc creator/4.4/psoc creator/import/gnu/arm/5.4.1/bin/../lib/gcc/arm-none-eabi/5.4.1/armv6-m/crtn.o
                0x00004070                . = ALIGN (0x4)
                0x00004070                __preinit_array_start = .
 *(.preinit_array)
                0x00004070                __preinit_array_end = .
                0x00004070                . = ALIGN (0x4)
                0x00004070                __init_array_start = .
 *(SORT(.init_array.*))
 *(.init_array)
 .init_array    0x00004070        0x4 c:/program files (x86)/cypress/psoc creator/4.4/psoc creator/import/gnu/arm/5.4.1/bin/../lib/gcc/arm-none-eabi/5.4.1/armv6-m/crtbegin.o
 .init_array    0x00004074        0x4 .\CortexM0p\ARM_GCC_541\Debug\Cm0plusStart.o
                0x00004078                __init_array_end = .
                0x00004078                . = ALIGN (0x4)
 *(.fini)
 .fini          0x00004078        0x4 c:/program files (x86)/cypress/psoc creator/4.4/psoc creator/import/gnu/arm/5.4.1/bin/../lib/gcc/arm-none-eabi/5.4.1/armv6-m/crti.o
                0x00004078                _fini
 .fini          0x0000407c        0x8 c:/program files (x86)/cypress/psoc creator/4.4/psoc creator/import/gnu/arm/5.4.1/bin/../lib/gcc/arm-none-eabi/5.4.1/armv6-m/crtn.o
                0x00004084                . = ALIGN (0x4)
                0x00004084                __fini_array_start = .
 *(.fini_array)
 .fini_array    0x00004084        0x4 c:/program files (x86)/cypress/psoc creator/4.4/psoc creator/import/gnu/arm/5.4.1/bin/../lib/gcc/arm-none-eabi/5.4.1/armv6-m/crtbegin.o
 *(SORT(.fini_array.*))
                0x00004088                __fini_array_end = .
                0x00004088                . = ALIGN (0x4)
 *crtbegin.o(.ctors)
 *(EXCLUDE_FILE(*crtend.o) .ctors)
 *(SORT(.ctors.*))
 *crtend.o(.ctors)
                0x00004088                . = ALIGN (0x4)
 *crtbegin.o(.dtors)
 *(EXCLUDE_FILE(*crtend.o) .dtors)
 *(SORT(.dtors.*))
 *crtend.o(.dtors)
                0x00004088                . = ALIGN (0x4)
                0x00004088                __cy_regions = .
                0x00004088        0x4 LONG 0x4098 __cy_region_init_ram
                0x0000408c        0x4 LONG 0x200000b0 __cy_region_start_data
                0x00004090        0x4 LONG 0x90 __cy_region_init_size_ram
                0x00004094        0x4 LONG 0x3f0 __cy_region_zero_size_ram
                0x00004098                __cy_regions_end = .
                0x00004098                . = ALIGN (0x8)
                0x00004098                _etext = .

.cy_checksum_exclude
                0x00004098        0x0
 *(.cy_checksum_exclude)

.ramvectors     0x20000000       0xb0
                0x20000000                __cy_region_start_ram = .
 *(.ramvectors)
 .ramvectors    0x20000000       0xb0 .\CortexM0p\ARM_GCC_541\Debug\Cm0plusStart.o
                0x20000000                CyRamVectors

.noinit
 *(.noinit)

.data           0x200000b0       0x90 load address 0x00004098
                0x200000b0                __cy_region_start_data = .
 *(.jcr)
 .jcr           0x200000b0        0x0 c:/program files (x86)/cypress/psoc creator/4.4/psoc creator/import/gnu/arm/5.4.1/bin/../lib/gcc/arm-none-eabi/5.4.1/armv6-m/crtbegin.o
 .jcr           0x200000b0        0x4 c:/program files (x86)/cypress/psoc creator/4.4/psoc creator/import/gnu/arm/5.4.1/bin/../lib/gcc/arm-none-eabi/5.4.1/armv6-m/crtend.o
 *(.got.plt)
 *(.got)
 *(.shdata)
 *(.data .data.* .gnu.linkonce.d.*)
 .data          0x200000b4        0x4 .\CortexM0p\ARM_GCC_541\Debug\Cm0plusStart.o
 .data          0x200000b8       0x14 .\CortexM0p\ARM_GCC_541\Debug\wk1.a(CyLib.o)
                0x200000b8                CySysClkPumpConfig
                0x200000bc                cydelay32kMs
                0x200000c0                cydelayFreqKhz
                0x200000c4                cydelayFreqMhz
                0x200000c8                cydelayFreqHz
 .data          0x200000cc        0x4 .\CortexM0p\ARM_GCC_541\Debug\wk1.a(CyLFClk.o)
 .data          0x200000d0        0x4 .\CortexM0p\ARM_GCC_541\Debug\wk1.a(CapSense_SensingCSD_LL.o)
                0x200000d0                CapSense_configCsd
 .data          0x200000d4        0x4 .\CortexM0p\ARM_GCC_541\Debug\wk1.a(CapSense_SelfTest.o)
 .data.impure_data
                0x200000d8       0x60 c:/program files (x86)/cypress/psoc creator/4.4/psoc creator/import/gnu/arm/5.4.1/bin/../lib/gcc/arm-none-eabi/5.4.1/../../../../arm-none-eabi/lib/armv6-m\libg_nano.a(lib_a-impure.o)
 .data._impure_ptr
                0x20000138        0x4 c:/program files (x86)/cypress/psoc creator/4.4/psoc creator/import/gnu/arm/5.4.1/bin/../lib/gcc/arm-none-eabi/5.4.1/../../../../arm-none-eabi/lib/armv6-m\libg_nano.a(lib_a-impure.o)
                0x20000138                _impure_ptr
                0x20000140                . = ALIGN (0x8)
 *fill*         0x2000013c        0x4 
 *(.ram)
                0x20000140                _edata = .

.igot.plt       0x20000140        0x0 load address 0x00004128
 .igot.plt      0x20000140        0x0 c:/program files (x86)/cypress/psoc creator/4.4/psoc creator/import/gnu/arm/5.4.1/bin/../lib/gcc/arm-none-eabi/5.4.1/armv6-m/crtbegin.o

.bss            0x20000140      0x3f0 load address 0x00004128
                0x20000140                PROVIDE (__bss_start__, .)
 *(.shbss)
 *(.bss .bss.* .gnu.linkonce.b.*)
 .bss           0x20000140       0x1c c:/program files (x86)/cypress/psoc creator/4.4/psoc creator/import/gnu/arm/5.4.1/bin/../lib/gcc/arm-none-eabi/5.4.1/armv6-m/crtbegin.o
 .bss           0x2000015c       0x18 .\CortexM0p\ARM_GCC_541\Debug\wk1.a(CyLFClk.o)
 .bss           0x20000174        0x1 .\CortexM0p\ARM_GCC_541\Debug\wk1.a(CapSense_Control.o)
 *fill*         0x20000175        0x3 
 .bss           0x20000178       0x49 .\CortexM0p\ARM_GCC_541\Debug\wk1.a(CapSense_Structure.o)
 *fill*         0x200001c1        0x3 
 .bss           0x200001c4        0x4 .\CortexM0p\ARM_GCC_541\Debug\wk1.a(CapSense_Tuner.o)
 .bss           0x200001c8        0x4 .\CortexM0p\ARM_GCC_541\Debug\wk1.a(CapSense_Sensing.o)
                0x200001c8                CapSense_currentSenseMethod
                0x200001c9                CapSense_requestScanAllWidget
                0x200001ca                CapSense_widgetIndex
                0x200001cb                CapSense_sensorIndex
 .bss           0x200001cc        0x1 .\CortexM0p\ARM_GCC_541\Debug\wk1.a(CapSense_SensingCSD_LL.o)
 *fill*         0x200001cd        0x1 
 .bss           0x200001ce        0x5 .\CortexM0p\ARM_GCC_541\Debug\wk1.a(CapSense_SelfTest.o)
 *fill*         0x200001d3        0x1 
 .bss           0x200001d4        0x4 .\CortexM0p\ARM_GCC_541\Debug\wk1.a(UART.o)
                0x200001d4                UART_initVar
                0x200001d6                UART_IntrTxMask
 .bss.__malloc_sbrk_start
                0x200001d8        0x4 c:/program files (x86)/cypress/psoc creator/4.4/psoc creator/import/gnu/arm/5.4.1/bin/../lib/gcc/arm-none-eabi/5.4.1/../../../../arm-none-eabi/lib/armv6-m\libg_nano.a(lib_a-nano-mallocr.o)
                0x200001d8                __malloc_sbrk_start
 .bss.__malloc_free_list
                0x200001dc        0x4 c:/program files (x86)/cypress/psoc creator/4.4/psoc creator/import/gnu/arm/5.4.1/bin/../lib/gcc/arm-none-eabi/5.4.1/../../../../arm-none-eabi/lib/armv6-m\libg_nano.a(lib_a-nano-mallocr.o)
                0x200001dc                __malloc_free_list
 *(COMMON)
 COMMON         0x200001e0      0x344 .\CortexM0p\ARM_GCC_541\Debug\wk1.a(CapSense_Structure.o)
                0x200001e0                CapSense_dsRam
 COMMON         0x20000524        0x8 .\CortexM0p\ARM_GCC_541\Debug\wk1.a(CapSense_Sensing.o)
                0x20000524                CapSense_curRamSnsPtr
                0x20000528                CapSense_curSnsIOPtr
 COMMON         0x2000052c        0x4 c:/program files (x86)/cypress/psoc creator/4.4/psoc creator/import/gnu/arm/5.4.1/bin/../lib/gcc/arm-none-eabi/5.4.1/../../../../arm-none-eabi/lib/armv6-m\libg_nano.a(lib_a-reent.o)
                0x2000052c                errno
                0x20000530                . = ALIGN (0x8)
 *(.ram.b)
                0x20000530                _end = .
                0x20000530                __end = .
                0x20000530                PROVIDE (end, .)
                0x20000530                PROVIDE (__bss_end__, .)
                0x00004098                __cy_region_init_ram = LOADADDR (.data)
                0x00000090                __cy_region_init_size_ram = (_edata - ADDR (.data))
                0x000003f0                __cy_region_zero_size_ram = (_end - _edata)

.heap           0x20000530       0x80 load address 0x00004128
                0x20000530                . = _end
                0x200005b0                . = (. + 0x80)
 *fill*         0x20000530       0x80 
                0x200005b0                __cy_heap_limit = .

.stack          0x20003800      0x800
                0x20003800                __cy_stack_limit = .
                0x20004000                . = (. + 0x800)
 *fill*         0x20003800      0x800 
                0x00000001                ASSERT ((__cy_stack_limit >= __cy_heap_limit), region RAM overflowed with stack)
                0x00000000                cy_checksum_exclude_size = (CY_APPL_LOADABLE == 0x1)?SIZEOF (.cy_checksum_exclude):0x0
                0x00000001                ASSERT ((cy_checksum_exclude_size <= CY_CHECKSUM_EXCLUDE_SIZE), CY_BOOT: Section .cy_checksum_exclude size exceedes specified limit.)
                0x0001ffc0                cyloadermeta_start = (cy_project_type_bootloader || cy_project_type_app_for_stack_and_copier)?(LENGTH (rom) - CY_METADATA_SIZE):0xf0000000

.cyloadermeta
 *(.cyloadermeta)
                0x0001ffc0                cyloadablemeta_start = cy_project_type_app_for_stack_and_copier?((LENGTH (rom) - CY_FLASH_ROW_SIZE) - CY_METADATA_SIZE):((LENGTH (rom) - (CY_FLASH_ROW_SIZE * (CY_APPL_NUM - 0x1))) - CY_METADATA_SIZE)

.cyloadablemeta
 *(.cyloadablemeta)

.cyflashprotect
                0x90400000       0x40
 *(.cyflashprotect)
 .cyflashprotect
                0x90400000       0x40 .\CortexM0p\ARM_GCC_541\Debug\cymetadata.o
                0x90400000                cy_meta_flashprotect

.cymeta         0x90500000        0xc
 *(.cymeta)
 .cymeta        0x90500000        0xc .\CortexM0p\ARM_GCC_541\Debug\cymetadata.o
                0x90500000                cy_metadata

.cychipprotect  0x90600000        0x1
 *(.cychipprotect)
 .cychipprotect
                0x90600000        0x1 .\CortexM0p\ARM_GCC_541\Debug\cymetadata.o
                0x90600000                cy_meta_chipprotect

.rel.dyn        0x00004128        0x0 load address 0x90600004
 .rel.iplt      0x00004128        0x0 c:/program files (x86)/cypress/psoc creator/4.4/psoc creator/import/gnu/arm/5.4.1/bin/../lib/gcc/arm-none-eabi/5.4.1/armv6-m/crtbegin.o

.stab
 *(.stab)

.stabstr
 *(.stabstr)

.debug
 *(.debug)

.line
 *(.line)

.debug_srcinfo
 *(.debug_srcinfo)

.debug_sfnames
 *(.debug_sfnames)

.debug_aranges  0x00000000      0xc98
 *(.debug_aranges)
 .debug_aranges
                0x00000000       0x48 .\CortexM0p\ARM_GCC_541\Debug\main.o
 .debug_aranges
                0x00000048       0x38 .\CortexM0p\ARM_GCC_541\Debug\cyfitter_cfg.o
 .debug_aranges
                0x00000080       0x18 .\CortexM0p\ARM_GCC_541\Debug\cymetadata.o
 .debug_aranges
                0x00000098       0x48 .\CortexM0p\ARM_GCC_541\Debug\Cm0plusStart.o
 .debug_aranges
                0x000000e0      0x230 .\CortexM0p\ARM_GCC_541\Debug\wk1.a(CyLib.o)
 .debug_aranges
                0x00000310      0x1a8 .\CortexM0p\ARM_GCC_541\Debug\wk1.a(CyLFClk.o)
 .debug_aranges
                0x000004b8       0x68 .\CortexM0p\ARM_GCC_541\Debug\wk1.a(CapSense_Control.o)
 .debug_aranges
                0x00000520       0x48 .\CortexM0p\ARM_GCC_541\Debug\wk1.a(CapSense_Processing.o)
 .debug_aranges
                0x00000568       0x50 .\CortexM0p\ARM_GCC_541\Debug\wk1.a(CapSense_Structure.o)
 .debug_aranges
                0x000005b8       0x28 .\CortexM0p\ARM_GCC_541\Debug\wk1.a(CapSense_Tuner.o)
 .debug_aranges
                0x000005e0       0x70 .\CortexM0p\ARM_GCC_541\Debug\wk1.a(CapSense_Filter.o)
 .debug_aranges
                0x00000650      0x100 .\CortexM0p\ARM_GCC_541\Debug\wk1.a(CapSense_Sensing.o)
 .debug_aranges
                0x00000750       0xd0 .\CortexM0p\ARM_GCC_541\Debug\wk1.a(CapSense_SensingCSD_LL.o)
 .debug_aranges
                0x00000820      0x1e8 .\CortexM0p\ARM_GCC_541\Debug\wk1.a(CapSense_SelfTest.o)
 .debug_aranges
                0x00000a08       0x58 .\CortexM0p\ARM_GCC_541\Debug\wk1.a(UART.o)
 .debug_aranges
                0x00000a60       0x90 .\CortexM0p\ARM_GCC_541\Debug\wk1.a(UART_UART.o)
 .debug_aranges
                0x00000af0       0x80 .\CortexM0p\ARM_GCC_541\Debug\wk1.a(CapSense_ISR.o)
 .debug_aranges
                0x00000b70       0x20 .\CortexM0p\ARM_GCC_541\Debug\wk1.a(CyBootAsmGnu.o)
 .debug_aranges
                0x00000b90       0x48 .\CortexM0p\ARM_GCC_541\Debug\wk1.a(CyFlash.o)
 .debug_aranges
                0x00000bd8       0x38 .\CortexM0p\ARM_GCC_541\Debug\wk1.a(CapSense_INT.o)
 .debug_aranges
                0x00000c10       0x60 .\CortexM0p\ARM_GCC_541\Debug\wk1.a(UART_SPI_UART.o)
 .debug_aranges
                0x00000c70       0x28 C:\Program Files (x86)\Cypress\PSoC Creator\4.4\PSoC Creator\psoc\content\CyComponentLibrary\CyComponentLibrary.cylib\CapSense_P4_v7_0\PSoC4\Library\Capsense_P4Library_GCCp.a(CapSense_SmartSense_LL.o)

.debug_pubnames
 *(.debug_pubnames)

.debug_info     0x00000000     0xee58
 *(.debug_info .gnu.linkonce.wi.*)
 .debug_info    0x00000000      0x6b1 .\CortexM0p\ARM_GCC_541\Debug\main.o
 .debug_info    0x000006b1      0x1c3 .\CortexM0p\ARM_GCC_541\Debug\cyfitter_cfg.o
 .debug_info    0x00000874       0xf8 .\CortexM0p\ARM_GCC_541\Debug\cymetadata.o
 .debug_info    0x0000096c      0x3a5 .\CortexM0p\ARM_GCC_541\Debug\Cm0plusStart.o
 .debug_info    0x00000d11     0x15ea .\CortexM0p\ARM_GCC_541\Debug\wk1.a(CyLib.o)
 .debug_info    0x000022fb      0xd06 .\CortexM0p\ARM_GCC_541\Debug\wk1.a(CyLFClk.o)
 .debug_info    0x00003001      0xf7b .\CortexM0p\ARM_GCC_541\Debug\wk1.a(CapSense_Control.o)
 .debug_info    0x00003f7c      0xf04 .\CortexM0p\ARM_GCC_541\Debug\wk1.a(CapSense_Processing.o)
 .debug_info    0x00004e80     0x1172 .\CortexM0p\ARM_GCC_541\Debug\wk1.a(CapSense_Structure.o)
 .debug_info    0x00005ff2      0xb3d .\CortexM0p\ARM_GCC_541\Debug\wk1.a(CapSense_Tuner.o)
 .debug_info    0x00006b2f      0x7e2 .\CortexM0p\ARM_GCC_541\Debug\wk1.a(CapSense_Filter.o)
 .debug_info    0x00007311     0x1a0e .\CortexM0p\ARM_GCC_541\Debug\wk1.a(CapSense_Sensing.o)
 .debug_info    0x00008d1f     0x180f .\CortexM0p\ARM_GCC_541\Debug\wk1.a(CapSense_SensingCSD_LL.o)
 .debug_info    0x0000a52e     0x2a4e .\CortexM0p\ARM_GCC_541\Debug\wk1.a(CapSense_SelfTest.o)
 .debug_info    0x0000cf7c      0x23a .\CortexM0p\ARM_GCC_541\Debug\wk1.a(UART.o)
 .debug_info    0x0000d1b6      0x3b5 .\CortexM0p\ARM_GCC_541\Debug\wk1.a(UART_UART.o)
 .debug_info    0x0000d56b      0x305 .\CortexM0p\ARM_GCC_541\Debug\wk1.a(CapSense_ISR.o)
 .debug_info    0x0000d870       0x94 .\CortexM0p\ARM_GCC_541\Debug\wk1.a(CyBootAsmGnu.o)
 .debug_info    0x0000d904      0x419 .\CortexM0p\ARM_GCC_541\Debug\wk1.a(CyFlash.o)
 .debug_info    0x0000dd1d      0xcbf .\CortexM0p\ARM_GCC_541\Debug\wk1.a(CapSense_INT.o)
 .debug_info    0x0000e9dc      0x220 .\CortexM0p\ARM_GCC_541\Debug\wk1.a(UART_SPI_UART.o)
 .debug_info    0x0000ebfc      0x25c C:\Program Files (x86)\Cypress\PSoC Creator\4.4\PSoC Creator\psoc\content\CyComponentLibrary\CyComponentLibrary.cylib\CapSense_P4_v7_0\PSoC4\Library\Capsense_P4Library_GCCp.a(CapSense_SmartSense_LL.o)

.debug_abbrev   0x00000000     0x23da
 *(.debug_abbrev)
 .debug_abbrev  0x00000000      0x1a8 .\CortexM0p\ARM_GCC_541\Debug\main.o
 .debug_abbrev  0x000001a8       0xe8 .\CortexM0p\ARM_GCC_541\Debug\cyfitter_cfg.o
 .debug_abbrev  0x00000290       0x5d .\CortexM0p\ARM_GCC_541\Debug\cymetadata.o
 .debug_abbrev  0x000002ed      0x1d0 .\CortexM0p\ARM_GCC_541\Debug\Cm0plusStart.o
 .debug_abbrev  0x000004bd      0x265 .\CortexM0p\ARM_GCC_541\Debug\wk1.a(CyLib.o)
 .debug_abbrev  0x00000722      0x207 .\CortexM0p\ARM_GCC_541\Debug\wk1.a(CyLFClk.o)
 .debug_abbrev  0x00000929      0x218 .\CortexM0p\ARM_GCC_541\Debug\wk1.a(CapSense_Control.o)
 .debug_abbrev  0x00000b41      0x1ed .\CortexM0p\ARM_GCC_541\Debug\wk1.a(CapSense_Processing.o)
 .debug_abbrev  0x00000d2e      0x21d .\CortexM0p\ARM_GCC_541\Debug\wk1.a(CapSense_Structure.o)
 .debug_abbrev  0x00000f4b      0x166 .\CortexM0p\ARM_GCC_541\Debug\wk1.a(CapSense_Tuner.o)
 .debug_abbrev  0x000010b1      0x211 .\CortexM0p\ARM_GCC_541\Debug\wk1.a(CapSense_Filter.o)
 .debug_abbrev  0x000012c2      0x266 .\CortexM0p\ARM_GCC_541\Debug\wk1.a(CapSense_Sensing.o)
 .debug_abbrev  0x00001528      0x2a5 .\CortexM0p\ARM_GCC_541\Debug\wk1.a(CapSense_SensingCSD_LL.o)
 .debug_abbrev  0x000017cd      0x2a4 .\CortexM0p\ARM_GCC_541\Debug\wk1.a(CapSense_SelfTest.o)
 .debug_abbrev  0x00001a71       0xd5 .\CortexM0p\ARM_GCC_541\Debug\wk1.a(UART.o)
 .debug_abbrev  0x00001b46      0x132 .\CortexM0p\ARM_GCC_541\Debug\wk1.a(UART_UART.o)
 .debug_abbrev  0x00001c78      0x19a .\CortexM0p\ARM_GCC_541\Debug\wk1.a(CapSense_ISR.o)
 .debug_abbrev  0x00001e12       0x14 .\CortexM0p\ARM_GCC_541\Debug\wk1.a(CyBootAsmGnu.o)
 .debug_abbrev  0x00001e26      0x19e .\CortexM0p\ARM_GCC_541\Debug\wk1.a(CyFlash.o)
 .debug_abbrev  0x00001fc4      0x1a3 .\CortexM0p\ARM_GCC_541\Debug\wk1.a(CapSense_INT.o)
 .debug_abbrev  0x00002167      0x14f .\CortexM0p\ARM_GCC_541\Debug\wk1.a(UART_SPI_UART.o)
 .debug_abbrev  0x000022b6      0x124 C:\Program Files (x86)\Cypress\PSoC Creator\4.4\PSoC Creator\psoc\content\CyComponentLibrary\CyComponentLibrary.cylib\CapSense_P4_v7_0\PSoC4\Library\Capsense_P4Library_GCCp.a(CapSense_SmartSense_LL.o)

.debug_line     0x00000000     0x3ccc
 *(.debug_line)
 .debug_line    0x00000000      0x190 .\CortexM0p\ARM_GCC_541\Debug\main.o
 .debug_line    0x00000190       0xd3 .\CortexM0p\ARM_GCC_541\Debug\cyfitter_cfg.o
 .debug_line    0x00000263      0x141 .\CortexM0p\ARM_GCC_541\Debug\cymetadata.o
 .debug_line    0x000003a4      0x247 .\CortexM0p\ARM_GCC_541\Debug\Cm0plusStart.o
 .debug_line    0x000005eb      0x837 .\CortexM0p\ARM_GCC_541\Debug\wk1.a(CyLib.o)
 .debug_line    0x00000e22      0x5c1 .\CortexM0p\ARM_GCC_541\Debug\wk1.a(CyLFClk.o)
 .debug_line    0x000013e3      0x23b .\CortexM0p\ARM_GCC_541\Debug\wk1.a(CapSense_Control.o)
 .debug_line    0x0000161e      0x2e5 .\CortexM0p\ARM_GCC_541\Debug\wk1.a(CapSense_Processing.o)
 .debug_line    0x00001903      0x217 .\CortexM0p\ARM_GCC_541\Debug\wk1.a(CapSense_Structure.o)
 .debug_line    0x00001b1a      0x11c .\CortexM0p\ARM_GCC_541\Debug\wk1.a(CapSense_Tuner.o)
 .debug_line    0x00001c36      0x1d1 .\CortexM0p\ARM_GCC_541\Debug\wk1.a(CapSense_Filter.o)
 .debug_line    0x00001e07      0x69a .\CortexM0p\ARM_GCC_541\Debug\wk1.a(CapSense_Sensing.o)
 .debug_line    0x000024a1      0x4e3 .\CortexM0p\ARM_GCC_541\Debug\wk1.a(CapSense_SensingCSD_LL.o)
 .debug_line    0x00002984      0x9e1 .\CortexM0p\ARM_GCC_541\Debug\wk1.a(CapSense_SelfTest.o)
 .debug_line    0x00003365      0x108 .\CortexM0p\ARM_GCC_541\Debug\wk1.a(UART.o)
 .debug_line    0x0000346d      0x1cf .\CortexM0p\ARM_GCC_541\Debug\wk1.a(UART_UART.o)
 .debug_line    0x0000363c      0x158 .\CortexM0p\ARM_GCC_541\Debug\wk1.a(CapSense_ISR.o)
 .debug_line    0x00003794       0x68 .\CortexM0p\ARM_GCC_541\Debug\wk1.a(CyBootAsmGnu.o)
 .debug_line    0x000037fc      0x1e1 .\CortexM0p\ARM_GCC_541\Debug\wk1.a(CyFlash.o)
 .debug_line    0x000039dd      0x135 .\CortexM0p\ARM_GCC_541\Debug\wk1.a(CapSense_INT.o)
 .debug_line    0x00003b12      0x11a .\CortexM0p\ARM_GCC_541\Debug\wk1.a(UART_SPI_UART.o)
 .debug_line    0x00003c2c       0xa0 C:\Program Files (x86)\Cypress\PSoC Creator\4.4\PSoC Creator\psoc\content\CyComponentLibrary\CyComponentLibrary.cylib\CapSense_P4_v7_0\PSoC4\Library\Capsense_P4Library_GCCp.a(CapSense_SmartSense_LL.o)

.debug_frame    0x00000000     0x27f4
 *(.debug_frame)
 .debug_frame   0x00000000       0xc0 .\CortexM0p\ARM_GCC_541\Debug\main.o
 .debug_frame   0x000000c0       0x78 .\CortexM0p\ARM_GCC_541\Debug\cyfitter_cfg.o
 .debug_frame   0x00000138       0xbc .\CortexM0p\ARM_GCC_541\Debug\Cm0plusStart.o
 .debug_frame   0x000001f4      0x678 .\CortexM0p\ARM_GCC_541\Debug\wk1.a(CyLib.o)
 .debug_frame   0x0000086c      0x484 .\CortexM0p\ARM_GCC_541\Debug\wk1.a(CyLFClk.o)
 .debug_frame   0x00000cf0      0x124 .\CortexM0p\ARM_GCC_541\Debug\wk1.a(CapSense_Control.o)
 .debug_frame   0x00000e14       0xe0 .\CortexM0p\ARM_GCC_541\Debug\wk1.a(CapSense_Processing.o)
 .debug_frame   0x00000ef4       0xd0 .\CortexM0p\ARM_GCC_541\Debug\wk1.a(CapSense_Structure.o)
 .debug_frame   0x00000fc4       0x40 .\CortexM0p\ARM_GCC_541\Debug\wk1.a(CapSense_Tuner.o)
 .debug_frame   0x00001004      0x144 .\CortexM0p\ARM_GCC_541\Debug\wk1.a(CapSense_Filter.o)
 .debug_frame   0x00001148      0x360 .\CortexM0p\ARM_GCC_541\Debug\wk1.a(CapSense_Sensing.o)
 .debug_frame   0x000014a8      0x308 .\CortexM0p\ARM_GCC_541\Debug\wk1.a(CapSense_SensingCSD_LL.o)
 .debug_frame   0x000017b0      0x6d4 .\CortexM0p\ARM_GCC_541\Debug\wk1.a(CapSense_SelfTest.o)
 .debug_frame   0x00001e84       0xd8 .\CortexM0p\ARM_GCC_541\Debug\wk1.a(UART.o)
 .debug_frame   0x00001f5c      0x144 .\CortexM0p\ARM_GCC_541\Debug\wk1.a(UART_UART.o)
 .debug_frame   0x000020a0      0x110 .\CortexM0p\ARM_GCC_541\Debug\wk1.a(CapSense_ISR.o)
 .debug_frame   0x000021b0       0xa8 .\CortexM0p\ARM_GCC_541\Debug\wk1.a(CyFlash.o)
 .debug_frame   0x00002258       0x78 .\CortexM0p\ARM_GCC_541\Debug\wk1.a(CapSense_INT.o)
 .debug_frame   0x000022d0       0xb0 .\CortexM0p\ARM_GCC_541\Debug\wk1.a(UART_SPI_UART.o)
 .debug_frame   0x00002380       0x5c C:\Program Files (x86)\Cypress\PSoC Creator\4.4\PSoC Creator\psoc\content\CyComponentLibrary\CyComponentLibrary.cylib\CapSense_P4_v7_0\PSoC4\Library\Capsense_P4Library_GCCp.a(CapSense_SmartSense_LL.o)
 .debug_frame   0x000023dc       0x20 c:/program files (x86)/cypress/psoc creator/4.4/psoc creator/import/gnu/arm/5.4.1/bin/../lib/gcc/arm-none-eabi/5.4.1/armv6-m\libgcc.a(_udivsi3.o)
 .debug_frame   0x000023fc       0x20 c:/program files (x86)/cypress/psoc creator/4.4/psoc creator/import/gnu/arm/5.4.1/bin/../lib/gcc/arm-none-eabi/5.4.1/armv6-m\libgcc.a(_divsi3.o)
 .debug_frame   0x0000241c       0x34 c:/program files (x86)/cypress/psoc creator/4.4/psoc creator/import/gnu/arm/5.4.1/bin/../lib/gcc/arm-none-eabi/5.4.1/armv6-m\libgcc.a(_muldi3.o)
 .debug_frame   0x00002450       0x3c c:/program files (x86)/cypress/psoc creator/4.4/psoc creator/import/gnu/arm/5.4.1/bin/../lib/gcc/arm-none-eabi/5.4.1/armv6-m\libgcc.a(_udivmoddi4.o)
 .debug_frame   0x0000248c       0x20 c:/program files (x86)/cypress/psoc creator/4.4/psoc creator/import/gnu/arm/5.4.1/bin/../lib/gcc/arm-none-eabi/5.4.1/../../../../arm-none-eabi/lib/armv6-m\libg_nano.a(lib_a-errno.o)
 .debug_frame   0x000024ac       0x28 c:/program files (x86)/cypress/psoc creator/4.4/psoc creator/import/gnu/arm/5.4.1/bin/../lib/gcc/arm-none-eabi/5.4.1/../../../../arm-none-eabi/lib/armv6-m\libg_nano.a(lib_a-exit.o)
 .debug_frame   0x000024d4       0x2c c:/program files (x86)/cypress/psoc creator/4.4/psoc creator/import/gnu/arm/5.4.1/bin/../lib/gcc/arm-none-eabi/5.4.1/../../../../arm-none-eabi/lib/armv6-m\libg_nano.a(lib_a-init.o)
 .debug_frame   0x00002500       0x28 c:/program files (x86)/cypress/psoc creator/4.4/psoc creator/import/gnu/arm/5.4.1/bin/../lib/gcc/arm-none-eabi/5.4.1/../../../../arm-none-eabi/lib/armv6-m\libg_nano.a(lib_a-memcpy-stub.o)
 .debug_frame   0x00002528       0x20 c:/program files (x86)/cypress/psoc creator/4.4/psoc creator/import/gnu/arm/5.4.1/bin/../lib/gcc/arm-none-eabi/5.4.1/../../../../arm-none-eabi/lib/armv6-m\libg_nano.a(lib_a-memset.o)
 .debug_frame   0x00002548       0x50 c:/program files (x86)/cypress/psoc creator/4.4/psoc creator/import/gnu/arm/5.4.1/bin/../lib/gcc/arm-none-eabi/5.4.1/../../../../arm-none-eabi/lib/armv6-m\libg_nano.a(lib_a-sprintf.o)
 .debug_frame   0x00002598       0x74 c:/program files (x86)/cypress/psoc creator/4.4/psoc creator/import/gnu/arm/5.4.1/bin/../lib/gcc/arm-none-eabi/5.4.1/../../../../arm-none-eabi/lib/armv6-m\libg_nano.a(lib_a-nano-svfprintf.o)
 .debug_frame   0x0000260c       0x54 c:/program files (x86)/cypress/psoc creator/4.4/psoc creator/import/gnu/arm/5.4.1/bin/../lib/gcc/arm-none-eabi/5.4.1/../../../../arm-none-eabi/lib/armv6-m\libg_nano.a(lib_a-nano-vfprintf_i.o)
 .debug_frame   0x00002660       0x20 c:/program files (x86)/cypress/psoc creator/4.4/psoc creator/import/gnu/arm/5.4.1/bin/../lib/gcc/arm-none-eabi/5.4.1/../../../../arm-none-eabi/lib/armv6-m\libg_nano.a(lib_a-memchr-stub.o)
 .debug_frame   0x00002680       0x28 c:/program files (x86)/cypress/psoc creator/4.4/psoc creator/import/gnu/arm/5.4.1/bin/../lib/gcc/arm-none-eabi/5.4.1/../../../../arm-none-eabi/lib/armv6-m\libg_nano.a(lib_a-memmove.o)
 .debug_frame   0x000026a8       0x2c c:/program files (x86)/cypress/psoc creator/4.4/psoc creator/import/gnu/arm/5.4.1/bin/../lib/gcc/arm-none-eabi/5.4.1/../../../../arm-none-eabi/lib/armv6-m\libg_nano.a(lib_a-nano-freer.o)
 .debug_frame   0x000026d4       0x2c c:/program files (x86)/cypress/psoc creator/4.4/psoc creator/import/gnu/arm/5.4.1/bin/../lib/gcc/arm-none-eabi/5.4.1/../../../../arm-none-eabi/lib/armv6-m\libg_nano.a(lib_a-nano-mallocr.o)
 .debug_frame   0x00002700       0x30 c:/program files (x86)/cypress/psoc creator/4.4/psoc creator/import/gnu/arm/5.4.1/bin/../lib/gcc/arm-none-eabi/5.4.1/../../../../arm-none-eabi/lib/armv6-m\libg_nano.a(lib_a-nano-reallocr.o)
 .debug_frame   0x00002730       0x2c c:/program files (x86)/cypress/psoc creator/4.4/psoc creator/import/gnu/arm/5.4.1/bin/../lib/gcc/arm-none-eabi/5.4.1/../../../../arm-none-eabi/lib/armv6-m\libg_nano.a(lib_a-sbrkr.o)
 .debug_frame   0x0000275c       0x30 c:/program files (x86)/cypress/psoc creator/4.4/psoc creator/import/gnu/arm/5.4.1/bin/../lib/gcc/arm-none-eabi/5.4.1/../../../../arm-none-eabi/lib/armv6-m\libg_nano.a(lib_a-mlock.o)
 .debug_frame   0x0000278c       0x20 c:/program files (x86)/cypress/psoc creator/4.4/psoc creator/import/gnu/arm/5.4.1/bin/../lib/gcc/arm-none-eabi/5.4.1/../../../../arm-none-eabi/lib/armv6-m\libg_nano.a(lib_a-nano-msizer.o)
 .debug_frame   0x000027ac       0x48 c:/program files (x86)/cypress/psoc creator/4.4/psoc creator/import/gnu/arm/5.4.1/bin/../lib/gcc/arm-none-eabi/5.4.1/../../../../arm-none-eabi/lib/armv6-m\libg_nano.a(lib_a-reent.o)

.debug_str      0x00000000     0x4593
 *(.debug_str)
 .debug_str     0x00000000      0x3a8 .\CortexM0p\ARM_GCC_541\Debug\main.o
                                0x3e8 (size before relaxing)
 .debug_str     0x000003a8       0xc9 .\CortexM0p\ARM_GCC_541\Debug\cyfitter_cfg.o
                                0x253 (size before relaxing)
 .debug_str     0x00000471       0x98 .\CortexM0p\ARM_GCC_541\Debug\cymetadata.o
                                0x1bf (size before relaxing)
 .debug_str     0x00000509      0x155 .\CortexM0p\ARM_GCC_541\Debug\Cm0plusStart.o
                                0x317 (size before relaxing)
 .debug_str     0x0000065e      0x81f .\CortexM0p\ARM_GCC_541\Debug\wk1.a(CyLib.o)
                                0xa27 (size before relaxing)
 .debug_str     0x00000e7d      0x639 .\CortexM0p\ARM_GCC_541\Debug\wk1.a(CyLFClk.o)
                                0x8a1 (size before relaxing)
 .debug_str     0x000014b6      0xa4c .\CortexM0p\ARM_GCC_541\Debug\wk1.a(CapSense_Control.o)
                                0xc3a (size before relaxing)
 .debug_str     0x00001f02      0x141 .\CortexM0p\ARM_GCC_541\Debug\wk1.a(CapSense_Processing.o)
                                0xaf1 (size before relaxing)
 .debug_str     0x00002043      0x3f6 .\CortexM0p\ARM_GCC_541\Debug\wk1.a(CapSense_Structure.o)
                                0xcc6 (size before relaxing)
 .debug_str     0x00002439      0x135 .\CortexM0p\ARM_GCC_541\Debug\wk1.a(CapSense_Tuner.o)
                                0x944 (size before relaxing)
 .debug_str     0x0000256e      0x1ba .\CortexM0p\ARM_GCC_541\Debug\wk1.a(CapSense_Filter.o)
                                0x69c (size before relaxing)
 .debug_str     0x00002728      0x840 .\CortexM0p\ARM_GCC_541\Debug\wk1.a(CapSense_Sensing.o)
                               0x11f8 (size before relaxing)
 .debug_str     0x00002f68      0x354 .\CortexM0p\ARM_GCC_541\Debug\wk1.a(CapSense_SensingCSD_LL.o)
                                0xf66 (size before relaxing)
 .debug_str     0x000032bc      0xaaa .\CortexM0p\ARM_GCC_541\Debug\wk1.a(CapSense_SelfTest.o)
                               0x181c (size before relaxing)
 .debug_str     0x00003d66       0xf7 .\CortexM0p\ARM_GCC_541\Debug\wk1.a(UART.o)
                                0x29f (size before relaxing)
 .debug_str     0x00003e5d      0x1d8 .\CortexM0p\ARM_GCC_541\Debug\wk1.a(UART_UART.o)
                                0x3d0 (size before relaxing)
 .debug_str     0x00004035      0x142 .\CortexM0p\ARM_GCC_541\Debug\wk1.a(CapSense_ISR.o)
                                0x354 (size before relaxing)
 .debug_str     0x00004177      0x11d .\CortexM0p\ARM_GCC_541\Debug\wk1.a(CyFlash.o)
                                0x32a (size before relaxing)
 .debug_str     0x00004294       0x99 .\CortexM0p\ARM_GCC_541\Debug\wk1.a(CapSense_INT.o)
                                0x9ce (size before relaxing)
 .debug_str     0x0000432d       0xe3 .\CortexM0p\ARM_GCC_541\Debug\wk1.a(UART_SPI_UART.o)
                                0x2d6 (size before relaxing)
 .debug_str     0x00004410      0x183 C:\Program Files (x86)\Cypress\PSoC Creator\4.4\PSoC Creator\psoc\content\CyComponentLibrary\CyComponentLibrary.cylib\CapSense_P4_v7_0\PSoC4\Library\Capsense_P4Library_GCCp.a(CapSense_SmartSense_LL.o)
                                0x2c8 (size before relaxing)

.debug_loc      0x00000000     0x7b93
 *(.debug_loc)
 .debug_loc     0x00000000      0x118 .\CortexM0p\ARM_GCC_541\Debug\main.o
 .debug_loc     0x00000118       0x35 .\CortexM0p\ARM_GCC_541\Debug\cyfitter_cfg.o
 .debug_loc     0x0000014d      0x14f .\CortexM0p\ARM_GCC_541\Debug\Cm0plusStart.o
 .debug_loc     0x0000029c     0x162b .\CortexM0p\ARM_GCC_541\Debug\wk1.a(CyLib.o)
 .debug_loc     0x000018c7      0xa88 .\CortexM0p\ARM_GCC_541\Debug\wk1.a(CyLFClk.o)
 .debug_loc     0x0000234f      0x47c .\CortexM0p\ARM_GCC_541\Debug\wk1.a(CapSense_Control.o)
 .debug_loc     0x000027cb      0x54d .\CortexM0p\ARM_GCC_541\Debug\wk1.a(CapSense_Processing.o)
 .debug_loc     0x00002d18      0x4a8 .\CortexM0p\ARM_GCC_541\Debug\wk1.a(CapSense_Structure.o)
 .debug_loc     0x000031c0      0x176 .\CortexM0p\ARM_GCC_541\Debug\wk1.a(CapSense_Tuner.o)
 .debug_loc     0x00003336      0x63c .\CortexM0p\ARM_GCC_541\Debug\wk1.a(CapSense_Filter.o)
 .debug_loc     0x00003972      0xc43 .\CortexM0p\ARM_GCC_541\Debug\wk1.a(CapSense_Sensing.o)
 .debug_loc     0x000045b5      0xeaa .\CortexM0p\ARM_GCC_541\Debug\wk1.a(CapSense_SensingCSD_LL.o)
 .debug_loc     0x0000545f     0x1df0 .\CortexM0p\ARM_GCC_541\Debug\wk1.a(CapSense_SelfTest.o)
 .debug_loc     0x0000724f       0x7e .\CortexM0p\ARM_GCC_541\Debug\wk1.a(UART.o)
 .debug_loc     0x000072cd      0x223 .\CortexM0p\ARM_GCC_541\Debug\wk1.a(UART_UART.o)
 .debug_loc     0x000074f0       0x82 .\CortexM0p\ARM_GCC_541\Debug\wk1.a(CapSense_ISR.o)
 .debug_loc     0x00007572      0x1bd .\CortexM0p\ARM_GCC_541\Debug\wk1.a(CyFlash.o)
 .debug_loc     0x0000772f       0xcf .\CortexM0p\ARM_GCC_541\Debug\wk1.a(CapSense_INT.o)
 .debug_loc     0x000077fe       0x96 .\CortexM0p\ARM_GCC_541\Debug\wk1.a(UART_SPI_UART.o)
 .debug_loc     0x00007894      0x2ff C:\Program Files (x86)\Cypress\PSoC Creator\4.4\PSoC Creator\psoc\content\CyComponentLibrary\CyComponentLibrary.cylib\CapSense_P4_v7_0\PSoC4\Library\Capsense_P4Library_GCCp.a(CapSense_SmartSense_LL.o)

.debug_macinfo
 *(.debug_macinfo)

.debug_ranges   0x00000000      0xb38
 *(.debug_ranges)
 .debug_ranges  0x00000000       0x38 .\CortexM0p\ARM_GCC_541\Debug\main.o
 .debug_ranges  0x00000038       0x28 .\CortexM0p\ARM_GCC_541\Debug\cyfitter_cfg.o
 .debug_ranges  0x00000060       0x38 .\CortexM0p\ARM_GCC_541\Debug\Cm0plusStart.o
 .debug_ranges  0x00000098      0x220 .\CortexM0p\ARM_GCC_541\Debug\wk1.a(CyLib.o)
 .debug_ranges  0x000002b8      0x198 .\CortexM0p\ARM_GCC_541\Debug\wk1.a(CyLFClk.o)
 .debug_ranges  0x00000450       0x58 .\CortexM0p\ARM_GCC_541\Debug\wk1.a(CapSense_Control.o)
 .debug_ranges  0x000004a8       0x38 .\CortexM0p\ARM_GCC_541\Debug\wk1.a(CapSense_Processing.o)
 .debug_ranges  0x000004e0       0x40 .\CortexM0p\ARM_GCC_541\Debug\wk1.a(CapSense_Structure.o)
 .debug_ranges  0x00000520       0x18 .\CortexM0p\ARM_GCC_541\Debug\wk1.a(CapSense_Tuner.o)
 .debug_ranges  0x00000538       0x60 .\CortexM0p\ARM_GCC_541\Debug\wk1.a(CapSense_Filter.o)
 .debug_ranges  0x00000598       0xf0 .\CortexM0p\ARM_GCC_541\Debug\wk1.a(CapSense_Sensing.o)
 .debug_ranges  0x00000688       0xc0 .\CortexM0p\ARM_GCC_541\Debug\wk1.a(CapSense_SensingCSD_LL.o)
 .debug_ranges  0x00000748      0x1d8 .\CortexM0p\ARM_GCC_541\Debug\wk1.a(CapSense_SelfTest.o)
 .debug_ranges  0x00000920       0x48 .\CortexM0p\ARM_GCC_541\Debug\wk1.a(UART.o)
 .debug_ranges  0x00000968       0x80 .\CortexM0p\ARM_GCC_541\Debug\wk1.a(UART_UART.o)
 .debug_ranges  0x000009e8       0x70 .\CortexM0p\ARM_GCC_541\Debug\wk1.a(CapSense_ISR.o)
 .debug_ranges  0x00000a58       0x38 .\CortexM0p\ARM_GCC_541\Debug\wk1.a(CyFlash.o)
 .debug_ranges  0x00000a90       0x28 .\CortexM0p\ARM_GCC_541\Debug\wk1.a(CapSense_INT.o)
 .debug_ranges  0x00000ab8       0x50 .\CortexM0p\ARM_GCC_541\Debug\wk1.a(UART_SPI_UART.o)
 .debug_ranges  0x00000b08       0x30 C:\Program Files (x86)\Cypress\PSoC Creator\4.4\PSoC Creator\psoc\content\CyComponentLibrary\CyComponentLibrary.cylib\CapSense_P4_v7_0\PSoC4\Library\Capsense_P4Library_GCCp.a(CapSense_SmartSense_LL.o)

.comment        0x00000000       0x6e
 .comment       0x00000000       0x6e .\CortexM0p\ARM_GCC_541\Debug\main.o
                                 0x6f (size before relaxing)
 .comment       0x0000006e       0x6f .\CortexM0p\ARM_GCC_541\Debug\cyfitter_cfg.o
 .comment       0x0000006e       0x6f .\CortexM0p\ARM_GCC_541\Debug\cymetadata.o
 .comment       0x0000006e       0x6f .\CortexM0p\ARM_GCC_541\Debug\Cm0plusStart.o
 .comment       0x0000006e       0x6f .\CortexM0p\ARM_GCC_541\Debug\wk1.a(CyLib.o)
 .comment       0x0000006e       0x6f .\CortexM0p\ARM_GCC_541\Debug\wk1.a(CyLFClk.o)
 .comment       0x0000006e       0x6f .\CortexM0p\ARM_GCC_541\Debug\wk1.a(CapSense_Control.o)
 .comment       0x0000006e       0x6f .\CortexM0p\ARM_GCC_541\Debug\wk1.a(CapSense_Processing.o)
 .comment       0x0000006e       0x6f .\CortexM0p\ARM_GCC_541\Debug\wk1.a(CapSense_Structure.o)
 .comment       0x0000006e       0x6f .\CortexM0p\ARM_GCC_541\Debug\wk1.a(CapSense_Tuner.o)
 .comment       0x0000006e       0x6f .\CortexM0p\ARM_GCC_541\Debug\wk1.a(CapSense_Filter.o)
 .comment       0x0000006e       0x6f .\CortexM0p\ARM_GCC_541\Debug\wk1.a(CapSense_Sensing.o)
 .comment       0x0000006e       0x6f .\CortexM0p\ARM_GCC_541\Debug\wk1.a(CapSense_SensingCSD_LL.o)
 .comment       0x0000006e       0x6f .\CortexM0p\ARM_GCC_541\Debug\wk1.a(CapSense_SelfTest.o)
 .comment       0x0000006e       0x6f .\CortexM0p\ARM_GCC_541\Debug\wk1.a(UART.o)
 .comment       0x0000006e       0x6f .\CortexM0p\ARM_GCC_541\Debug\wk1.a(UART_UART.o)
 .comment       0x0000006e       0x6f .\CortexM0p\ARM_GCC_541\Debug\wk1.a(CapSense_ISR.o)
 .comment       0x0000006e       0x6f .\CortexM0p\ARM_GCC_541\Debug\wk1.a(CyFlash.o)
 .comment       0x0000006e       0x6f .\CortexM0p\ARM_GCC_541\Debug\wk1.a(CapSense_INT.o)
 .comment       0x0000006e       0x6f .\CortexM0p\ARM_GCC_541\Debug\wk1.a(UART_SPI_UART.o)
 .comment       0x0000006e       0x6f C:\Program Files (x86)\Cypress\PSoC Creator\4.4\PSoC Creator\psoc\content\CyComponentLibrary\CyComponentLibrary.cylib\CapSense_P4_v7_0\PSoC4\Library\Capsense_P4Library_GCCp.a(CapSense_SmartSense_LL.o)

.debug_weaknames
 *(.debug_weaknames)

.debug_funcnames
 *(.debug_funcnames)

.debug_typenames
 *(.debug_typenames)

.debug_varnames
 *(.debug_varnames)

.note.gnu.arm.ident
 *(.note.gnu.arm.ident)

.ARM.attributes
                0x00000000       0x28
 *(.ARM.attributes)
 .ARM.attributes
                0x00000000       0x1e c:/program files (x86)/cypress/psoc creator/4.4/psoc creator/import/gnu/arm/5.4.1/bin/../lib/gcc/arm-none-eabi/5.4.1/armv6-m/crti.o
 .ARM.attributes
                0x0000001e       0x2c c:/program files (x86)/cypress/psoc creator/4.4/psoc creator/import/gnu/arm/5.4.1/bin/../lib/gcc/arm-none-eabi/5.4.1/armv6-m/crtbegin.o
 .ARM.attributes
                0x0000004a       0x1b c:/program files (x86)/cypress/psoc creator/4.4/psoc creator/import/gnu/arm/5.4.1/bin/../lib/gcc/arm-none-eabi/5.4.1/../../../../arm-none-eabi/lib/armv6-m/crt0.o
 .ARM.attributes
                0x00000065       0x32 .\CortexM0p\ARM_GCC_541\Debug\main.o
 .ARM.attributes
                0x00000097       0x32 .\CortexM0p\ARM_GCC_541\Debug\cyfitter_cfg.o
 .ARM.attributes
                0x000000c9       0x32 .\CortexM0p\ARM_GCC_541\Debug\cymetadata.o
 .ARM.attributes
                0x000000fb       0x32 .\CortexM0p\ARM_GCC_541\Debug\Cm0plusStart.o
 .ARM.attributes
                0x0000012d       0x32 .\CortexM0p\ARM_GCC_541\Debug\wk1.a(CyLib.o)
 .ARM.attributes
                0x0000015f       0x32 .\CortexM0p\ARM_GCC_541\Debug\wk1.a(CyLFClk.o)
 .ARM.attributes
                0x00000191       0x32 .\CortexM0p\ARM_GCC_541\Debug\wk1.a(CapSense_Control.o)
 .ARM.attributes
                0x000001c3       0x32 .\CortexM0p\ARM_GCC_541\Debug\wk1.a(CapSense_Processing.o)
 .ARM.attributes
                0x000001f5       0x32 .\CortexM0p\ARM_GCC_541\Debug\wk1.a(CapSense_Structure.o)
 .ARM.attributes
                0x00000227       0x32 .\CortexM0p\ARM_GCC_541\Debug\wk1.a(CapSense_Tuner.o)
 .ARM.attributes
                0x00000259       0x32 .\CortexM0p\ARM_GCC_541\Debug\wk1.a(CapSense_Filter.o)
 .ARM.attributes
                0x0000028b       0x32 .\CortexM0p\ARM_GCC_541\Debug\wk1.a(CapSense_Sensing.o)
 .ARM.attributes
                0x000002bd       0x32 .\CortexM0p\ARM_GCC_541\Debug\wk1.a(CapSense_SensingCSD_LL.o)
 .ARM.attributes
                0x000002ef       0x32 .\CortexM0p\ARM_GCC_541\Debug\wk1.a(CapSense_SelfTest.o)
 .ARM.attributes
                0x00000321       0x32 .\CortexM0p\ARM_GCC_541\Debug\wk1.a(UART.o)
 .ARM.attributes
                0x00000353       0x32 .\CortexM0p\ARM_GCC_541\Debug\wk1.a(UART_UART.o)
 .ARM.attributes
                0x00000385       0x32 .\CortexM0p\ARM_GCC_541\Debug\wk1.a(CapSense_ISR.o)
 .ARM.attributes
                0x000003b7       0x22 .\CortexM0p\ARM_GCC_541\Debug\wk1.a(CyBootAsmGnu.o)
 .ARM.attributes
                0x000003d9       0x32 .\CortexM0p\ARM_GCC_541\Debug\wk1.a(CyFlash.o)
 .ARM.attributes
                0x0000040b       0x32 .\CortexM0p\ARM_GCC_541\Debug\wk1.a(CapSense_INT.o)
 .ARM.attributes
                0x0000043d       0x32 .\CortexM0p\ARM_GCC_541\Debug\wk1.a(UART_SPI_UART.o)
 .ARM.attributes
                0x0000046f       0x32 C:\Program Files (x86)\Cypress\PSoC Creator\4.4\PSoC Creator\psoc\content\CyComponentLibrary\CyComponentLibrary.cylib\CapSense_P4_v7_0\PSoC4\Library\Capsense_P4Library_GCCp.a(CapSense_SmartSense_LL.o)
 .ARM.attributes
                0x000004a1       0x1e c:/program files (x86)/cypress/psoc creator/4.4/psoc creator/import/gnu/arm/5.4.1/bin/../lib/gcc/arm-none-eabi/5.4.1/armv6-m\libgcc.a(_udivsi3.o)
 .ARM.attributes
                0x000004bf       0x1e c:/program files (x86)/cypress/psoc creator/4.4/psoc creator/import/gnu/arm/5.4.1/bin/../lib/gcc/arm-none-eabi/5.4.1/armv6-m\libgcc.a(_divsi3.o)
 .ARM.attributes
                0x000004dd       0x1e c:/program files (x86)/cypress/psoc creator/4.4/psoc creator/import/gnu/arm/5.4.1/bin/../lib/gcc/arm-none-eabi/5.4.1/armv6-m\libgcc.a(_dvmd_tls.o)
 .ARM.attributes
                0x000004fb       0x1e c:/program files (x86)/cypress/psoc creator/4.4/psoc creator/import/gnu/arm/5.4.1/bin/../lib/gcc/arm-none-eabi/5.4.1/armv6-m\libgcc.a(_aeabi_uldivmod.o)
 .ARM.attributes
                0x00000519       0x2c c:/program files (x86)/cypress/psoc creator/4.4/psoc creator/import/gnu/arm/5.4.1/bin/../lib/gcc/arm-none-eabi/5.4.1/armv6-m\libgcc.a(_muldi3.o)
 .ARM.attributes
                0x00000545       0x2c c:/program files (x86)/cypress/psoc creator/4.4/psoc creator/import/gnu/arm/5.4.1/bin/../lib/gcc/arm-none-eabi/5.4.1/armv6-m\libgcc.a(_udivmoddi4.o)
 .ARM.attributes
                0x00000571       0x1e c:/program files (x86)/cypress/psoc creator/4.4/psoc creator/import/gnu/arm/5.4.1/bin/../lib/gcc/arm-none-eabi/5.4.1/armv6-m\libgcc.a(_clzdi2.o)
 .ARM.attributes
                0x0000058f       0x1e c:/program files (x86)/cypress/psoc creator/4.4/psoc creator/import/gnu/arm/5.4.1/bin/../lib/gcc/arm-none-eabi/5.4.1/armv6-m\libgcc.a(_clzsi2.o)
 .ARM.attributes
                0x000005ad       0x2c c:/program files (x86)/cypress/psoc creator/4.4/psoc creator/import/gnu/arm/5.4.1/bin/../lib/gcc/arm-none-eabi/5.4.1/../../../../arm-none-eabi/lib/armv6-m\libg_nano.a(lib_a-errno.o)
 .ARM.attributes
                0x000005d9       0x2c c:/program files (x86)/cypress/psoc creator/4.4/psoc creator/import/gnu/arm/5.4.1/bin/../lib/gcc/arm-none-eabi/5.4.1/../../../../arm-none-eabi/lib/armv6-m\libg_nano.a(lib_a-exit.o)
 .ARM.attributes
                0x00000605       0x2c c:/program files (x86)/cypress/psoc creator/4.4/psoc creator/import/gnu/arm/5.4.1/bin/../lib/gcc/arm-none-eabi/5.4.1/../../../../arm-none-eabi/lib/armv6-m\libg_nano.a(lib_a-impure.o)
 .ARM.attributes
                0x00000631       0x2c c:/program files (x86)/cypress/psoc creator/4.4/psoc creator/import/gnu/arm/5.4.1/bin/../lib/gcc/arm-none-eabi/5.4.1/../../../../arm-none-eabi/lib/armv6-m\libg_nano.a(lib_a-init.o)
 .ARM.attributes
                0x0000065d       0x2c c:/program files (x86)/cypress/psoc creator/4.4/psoc creator/import/gnu/arm/5.4.1/bin/../lib/gcc/arm-none-eabi/5.4.1/../../../../arm-none-eabi/lib/armv6-m\libg_nano.a(lib_a-memcpy-stub.o)
 .ARM.attributes
                0x00000689       0x2c c:/program files (x86)/cypress/psoc creator/4.4/psoc creator/import/gnu/arm/5.4.1/bin/../lib/gcc/arm-none-eabi/5.4.1/../../../../arm-none-eabi/lib/armv6-m\libg_nano.a(lib_a-memset.o)
 .ARM.attributes
                0x000006b5       0x2c c:/program files (x86)/cypress/psoc creator/4.4/psoc creator/import/gnu/arm/5.4.1/bin/../lib/gcc/arm-none-eabi/5.4.1/../../../../arm-none-eabi/lib/armv6-m\libg_nano.a(lib_a-sprintf.o)
 .ARM.attributes
                0x000006e1       0x2c c:/program files (x86)/cypress/psoc creator/4.4/psoc creator/import/gnu/arm/5.4.1/bin/../lib/gcc/arm-none-eabi/5.4.1/../../../../arm-none-eabi/lib/armv6-m\libg_nano.a(lib_a-nano-svfprintf.o)
 .ARM.attributes
                0x0000070d       0x2c c:/program files (x86)/cypress/psoc creator/4.4/psoc creator/import/gnu/arm/5.4.1/bin/../lib/gcc/arm-none-eabi/5.4.1/../../../../arm-none-eabi/lib/armv6-m\libg_nano.a(lib_a-nano-vfprintf_i.o)
 .ARM.attributes
                0x00000739       0x2c c:/program files (x86)/cypress/psoc creator/4.4/psoc creator/import/gnu/arm/5.4.1/bin/../lib/gcc/arm-none-eabi/5.4.1/../../../../arm-none-eabi/lib/armv6-m\libg_nano.a(lib_a-memchr-stub.o)
 .ARM.attributes
                0x00000765       0x2c c:/program files (x86)/cypress/psoc creator/4.4/psoc creator/import/gnu/arm/5.4.1/bin/../lib/gcc/arm-none-eabi/5.4.1/../../../../arm-none-eabi/lib/armv6-m\libg_nano.a(lib_a-memmove.o)
 .ARM.attributes
                0x00000791       0x2c c:/program files (x86)/cypress/psoc creator/4.4/psoc creator/import/gnu/arm/5.4.1/bin/../lib/gcc/arm-none-eabi/5.4.1/../../../../arm-none-eabi/lib/armv6-m\libg_nano.a(lib_a-nano-freer.o)
 .ARM.attributes
                0x000007bd       0x2c c:/program files (x86)/cypress/psoc creator/4.4/psoc creator/import/gnu/arm/5.4.1/bin/../lib/gcc/arm-none-eabi/5.4.1/../../../../arm-none-eabi/lib/armv6-m\libg_nano.a(lib_a-nano-mallocr.o)
 .ARM.attributes
                0x000007e9       0x2c c:/program files (x86)/cypress/psoc creator/4.4/psoc creator/import/gnu/arm/5.4.1/bin/../lib/gcc/arm-none-eabi/5.4.1/../../../../arm-none-eabi/lib/armv6-m\libg_nano.a(lib_a-nano-reallocr.o)
 .ARM.attributes
                0x00000815       0x2c c:/program files (x86)/cypress/psoc creator/4.4/psoc creator/import/gnu/arm/5.4.1/bin/../lib/gcc/arm-none-eabi/5.4.1/../../../../arm-none-eabi/lib/armv6-m\libg_nano.a(lib_a-sbrkr.o)
 .ARM.attributes
                0x00000841       0x2c c:/program files (x86)/cypress/psoc creator/4.4/psoc creator/import/gnu/arm/5.4.1/bin/../lib/gcc/arm-none-eabi/5.4.1/../../../../arm-none-eabi/lib/armv6-m\libg_nano.a(lib_a-mlock.o)
 .ARM.attributes
                0x0000086d       0x2c c:/program files (x86)/cypress/psoc creator/4.4/psoc creator/import/gnu/arm/5.4.1/bin/../lib/gcc/arm-none-eabi/5.4.1/../../../../arm-none-eabi/lib/armv6-m\libg_nano.a(lib_a-nano-msizer.o)
 .ARM.attributes
                0x00000899       0x2c c:/program files (x86)/cypress/psoc creator/4.4/psoc creator/import/gnu/arm/5.4.1/bin/../lib/gcc/arm-none-eabi/5.4.1/../../../../arm-none-eabi/lib/armv6-m\libg_nano.a(lib_a-reent.o)
 .ARM.attributes
                0x000008c5       0x2c c:/program files (x86)/cypress/psoc creator/4.4/psoc creator/import/gnu/arm/5.4.1/bin/../lib/gcc/arm-none-eabi/5.4.1/armv6-m/crtend.o
 .ARM.attributes
                0x000008f1       0x1e c:/program files (x86)/cypress/psoc creator/4.4/psoc creator/import/gnu/arm/5.4.1/bin/../lib/gcc/arm-none-eabi/5.4.1/armv6-m/crtn.o

/DISCARD/
 *(.note.GNU-stack)
OUTPUT(\\Mac\Home\Documents\PSoC Creator\touch-panel\CC03\CC03_CSD\wk1.cydsn\CortexM0p\ARM_GCC_541\Debug\wk1.elf elf32-littlearm)
