ARM GAS  C:\Users\YUANFA~1\AppData\Local\Temp\cc2qVuBs.s 			page 1


   1              		.syntax unified
   2              		.cpu cortex-m0plus
   3              		.fpu softvfp
   4              		.eabi_attribute 20, 1
   5              		.eabi_attribute 21, 1
   6              		.eabi_attribute 23, 3
   7              		.eabi_attribute 24, 1
   8              		.eabi_attribute 25, 1
   9              		.eabi_attribute 26, 1
  10              		.eabi_attribute 30, 1
  11              		.eabi_attribute 34, 0
  12              		.eabi_attribute 18, 4
  13              		.thumb
  14              		.syntax unified
  15              		.file	"cyfitter_cfg.c"
  16              		.text
  17              	.Ltext0:
  18              		.cfi_sections	.debug_frame
  19              		.section	.psocinit,"ax",%progbits
  20              		.align	2
  21              		.code	16
  22              		.thumb_func
  23              		.type	ClockSetup, %function
  24              	ClockSetup:
  25              	.LFB4:
  26              		.file 1 "Generated_Source\\PSoC4\\cyfitter_cfg.c"
   1:Generated_Source\PSoC4/cyfitter_cfg.c **** 
   2:Generated_Source\PSoC4/cyfitter_cfg.c **** /*******************************************************************************
   3:Generated_Source\PSoC4/cyfitter_cfg.c **** * File Name: cyfitter_cfg.c
   4:Generated_Source\PSoC4/cyfitter_cfg.c **** * 
   5:Generated_Source\PSoC4/cyfitter_cfg.c **** * PSoC Creator  4.4
   6:Generated_Source\PSoC4/cyfitter_cfg.c **** *
   7:Generated_Source\PSoC4/cyfitter_cfg.c **** * Description:
   8:Generated_Source\PSoC4/cyfitter_cfg.c **** * This file contains device initialization code.
   9:Generated_Source\PSoC4/cyfitter_cfg.c **** * Except for the user defined sections in CyClockStartupError(), this file should not be modified.
  10:Generated_Source\PSoC4/cyfitter_cfg.c **** * This file is automatically generated by PSoC Creator.
  11:Generated_Source\PSoC4/cyfitter_cfg.c **** *
  12:Generated_Source\PSoC4/cyfitter_cfg.c **** ********************************************************************************
  13:Generated_Source\PSoC4/cyfitter_cfg.c **** * Copyright (c) 2007-2020 Cypress Semiconductor.  All rights reserved.
  14:Generated_Source\PSoC4/cyfitter_cfg.c **** * You may use this file only in accordance with the license, terms, conditions, 
  15:Generated_Source\PSoC4/cyfitter_cfg.c **** * disclaimers, and limitations in the end user license agreement accompanying 
  16:Generated_Source\PSoC4/cyfitter_cfg.c **** * the software package with which this file was provided.
  17:Generated_Source\PSoC4/cyfitter_cfg.c **** ********************************************************************************/
  18:Generated_Source\PSoC4/cyfitter_cfg.c **** 
  19:Generated_Source\PSoC4/cyfitter_cfg.c **** #include <string.h>
  20:Generated_Source\PSoC4/cyfitter_cfg.c **** #include "cytypes.h"
  21:Generated_Source\PSoC4/cyfitter_cfg.c **** #include "cydevice_trm.h"
  22:Generated_Source\PSoC4/cyfitter_cfg.c **** #include "cyfitter.h"
  23:Generated_Source\PSoC4/cyfitter_cfg.c **** #include "CyLib.h"
  24:Generated_Source\PSoC4/cyfitter_cfg.c **** #include "CyLFClk.h"
  25:Generated_Source\PSoC4/cyfitter_cfg.c **** #include "cyfitter_cfg.h"
  26:Generated_Source\PSoC4/cyfitter_cfg.c **** #include "cyapicallbacks.h"
  27:Generated_Source\PSoC4/cyfitter_cfg.c **** 
  28:Generated_Source\PSoC4/cyfitter_cfg.c **** 
  29:Generated_Source\PSoC4/cyfitter_cfg.c **** #if defined(__GNUC__) || defined(__ARMCC_VERSION)
  30:Generated_Source\PSoC4/cyfitter_cfg.c ****     #define CYPACKED 
  31:Generated_Source\PSoC4/cyfitter_cfg.c ****     #define CYPACKED_ATTR __attribute__ ((packed))
ARM GAS  C:\Users\YUANFA~1\AppData\Local\Temp\cc2qVuBs.s 			page 2


  32:Generated_Source\PSoC4/cyfitter_cfg.c ****     #define CYALIGNED __attribute__ ((aligned))
  33:Generated_Source\PSoC4/cyfitter_cfg.c ****     #define CY_CFG_UNUSED __attribute__ ((unused))
  34:Generated_Source\PSoC4/cyfitter_cfg.c ****     #ifndef CY_CFG_SECTION
  35:Generated_Source\PSoC4/cyfitter_cfg.c ****         #define CY_CFG_SECTION __attribute__ ((section(".psocinit")))
  36:Generated_Source\PSoC4/cyfitter_cfg.c ****     #endif
  37:Generated_Source\PSoC4/cyfitter_cfg.c ****     
  38:Generated_Source\PSoC4/cyfitter_cfg.c ****     #if defined(__ARMCC_VERSION)
  39:Generated_Source\PSoC4/cyfitter_cfg.c ****         #define CY_CFG_MEMORY_BARRIER() __memory_changed()
  40:Generated_Source\PSoC4/cyfitter_cfg.c ****     #else
  41:Generated_Source\PSoC4/cyfitter_cfg.c ****         #define CY_CFG_MEMORY_BARRIER() __sync_synchronize()
  42:Generated_Source\PSoC4/cyfitter_cfg.c ****     #endif
  43:Generated_Source\PSoC4/cyfitter_cfg.c ****     
  44:Generated_Source\PSoC4/cyfitter_cfg.c **** #elif defined(__ICCARM__)
  45:Generated_Source\PSoC4/cyfitter_cfg.c ****     #include <intrinsics.h>
  46:Generated_Source\PSoC4/cyfitter_cfg.c **** 
  47:Generated_Source\PSoC4/cyfitter_cfg.c ****     #define CYPACKED __packed
  48:Generated_Source\PSoC4/cyfitter_cfg.c ****     #define CYPACKED_ATTR 
  49:Generated_Source\PSoC4/cyfitter_cfg.c ****     #define CYALIGNED _Pragma("data_alignment=4")
  50:Generated_Source\PSoC4/cyfitter_cfg.c ****     #define CY_CFG_UNUSED _Pragma("diag_suppress=Pe177")
  51:Generated_Source\PSoC4/cyfitter_cfg.c ****     #define CY_CFG_SECTION _Pragma("location=\".psocinit\"")
  52:Generated_Source\PSoC4/cyfitter_cfg.c ****     
  53:Generated_Source\PSoC4/cyfitter_cfg.c ****     #define CY_CFG_MEMORY_BARRIER() __DMB()
  54:Generated_Source\PSoC4/cyfitter_cfg.c ****     
  55:Generated_Source\PSoC4/cyfitter_cfg.c **** #else
  56:Generated_Source\PSoC4/cyfitter_cfg.c ****     #error Unsupported toolchain
  57:Generated_Source\PSoC4/cyfitter_cfg.c **** #endif
  58:Generated_Source\PSoC4/cyfitter_cfg.c **** 
  59:Generated_Source\PSoC4/cyfitter_cfg.c **** #ifndef CYCODE
  60:Generated_Source\PSoC4/cyfitter_cfg.c ****     #define CYCODE
  61:Generated_Source\PSoC4/cyfitter_cfg.c **** #endif
  62:Generated_Source\PSoC4/cyfitter_cfg.c **** #ifndef CYDATA
  63:Generated_Source\PSoC4/cyfitter_cfg.c ****     #define CYDATA
  64:Generated_Source\PSoC4/cyfitter_cfg.c **** #endif
  65:Generated_Source\PSoC4/cyfitter_cfg.c **** #ifndef CYFAR
  66:Generated_Source\PSoC4/cyfitter_cfg.c ****     #define CYFAR
  67:Generated_Source\PSoC4/cyfitter_cfg.c **** #endif
  68:Generated_Source\PSoC4/cyfitter_cfg.c **** #ifndef CYXDATA
  69:Generated_Source\PSoC4/cyfitter_cfg.c ****     #define CYXDATA
  70:Generated_Source\PSoC4/cyfitter_cfg.c **** #endif
  71:Generated_Source\PSoC4/cyfitter_cfg.c **** 
  72:Generated_Source\PSoC4/cyfitter_cfg.c **** 
  73:Generated_Source\PSoC4/cyfitter_cfg.c **** CY_CFG_UNUSED
  74:Generated_Source\PSoC4/cyfitter_cfg.c **** static void CYMEMZERO(void *s, size_t n);
  75:Generated_Source\PSoC4/cyfitter_cfg.c **** CY_CFG_UNUSED
  76:Generated_Source\PSoC4/cyfitter_cfg.c **** static void CYMEMZERO(void *s, size_t n)
  77:Generated_Source\PSoC4/cyfitter_cfg.c **** {
  78:Generated_Source\PSoC4/cyfitter_cfg.c **** 	(void)memset(s, 0, n);
  79:Generated_Source\PSoC4/cyfitter_cfg.c **** }
  80:Generated_Source\PSoC4/cyfitter_cfg.c **** CY_CFG_UNUSED
  81:Generated_Source\PSoC4/cyfitter_cfg.c **** static void CYCONFIGCPY(void *dest, const void *src, size_t n);
  82:Generated_Source\PSoC4/cyfitter_cfg.c **** CY_CFG_UNUSED
  83:Generated_Source\PSoC4/cyfitter_cfg.c **** static void CYCONFIGCPY(void *dest, const void *src, size_t n)
  84:Generated_Source\PSoC4/cyfitter_cfg.c **** {
  85:Generated_Source\PSoC4/cyfitter_cfg.c **** 	(void)memcpy(dest, src, n);
  86:Generated_Source\PSoC4/cyfitter_cfg.c **** }
  87:Generated_Source\PSoC4/cyfitter_cfg.c **** CY_CFG_UNUSED
  88:Generated_Source\PSoC4/cyfitter_cfg.c **** static void CYCONFIGCPYCODE(void *dest, const void *src, size_t n);
ARM GAS  C:\Users\YUANFA~1\AppData\Local\Temp\cc2qVuBs.s 			page 3


  89:Generated_Source\PSoC4/cyfitter_cfg.c **** CY_CFG_UNUSED
  90:Generated_Source\PSoC4/cyfitter_cfg.c **** static void CYCONFIGCPYCODE(void *dest, const void *src, size_t n)
  91:Generated_Source\PSoC4/cyfitter_cfg.c **** {
  92:Generated_Source\PSoC4/cyfitter_cfg.c **** 	(void)memcpy(dest, src, n);
  93:Generated_Source\PSoC4/cyfitter_cfg.c **** }
  94:Generated_Source\PSoC4/cyfitter_cfg.c **** 
  95:Generated_Source\PSoC4/cyfitter_cfg.c **** 
  96:Generated_Source\PSoC4/cyfitter_cfg.c **** 
  97:Generated_Source\PSoC4/cyfitter_cfg.c **** 
  98:Generated_Source\PSoC4/cyfitter_cfg.c **** /* Clock startup error codes                                                   */
  99:Generated_Source\PSoC4/cyfitter_cfg.c **** #define CYCLOCKSTART_NO_ERROR    0u
 100:Generated_Source\PSoC4/cyfitter_cfg.c **** #define CYCLOCKSTART_XTAL_ERROR  1u
 101:Generated_Source\PSoC4/cyfitter_cfg.c **** #define CYCLOCKSTART_32KHZ_ERROR 2u
 102:Generated_Source\PSoC4/cyfitter_cfg.c **** #define CYCLOCKSTART_PLL_ERROR   3u
 103:Generated_Source\PSoC4/cyfitter_cfg.c **** #define CYCLOCKSTART_FLL_ERROR   4u
 104:Generated_Source\PSoC4/cyfitter_cfg.c **** #define CYCLOCKSTART_WCO_ERROR   5u
 105:Generated_Source\PSoC4/cyfitter_cfg.c **** 
 106:Generated_Source\PSoC4/cyfitter_cfg.c **** 
 107:Generated_Source\PSoC4/cyfitter_cfg.c **** #ifdef CY_NEED_CYCLOCKSTARTUPERROR
 108:Generated_Source\PSoC4/cyfitter_cfg.c **** /*******************************************************************************
 109:Generated_Source\PSoC4/cyfitter_cfg.c **** * Function Name: CyClockStartupError
 110:Generated_Source\PSoC4/cyfitter_cfg.c **** ********************************************************************************
 111:Generated_Source\PSoC4/cyfitter_cfg.c **** * Summary:
 112:Generated_Source\PSoC4/cyfitter_cfg.c **** *  If an error is encountered during clock configuration (crystal startup error,
 113:Generated_Source\PSoC4/cyfitter_cfg.c **** *  PLL lock error, etc.), the system will end up here.  Unless reimplemented by
 114:Generated_Source\PSoC4/cyfitter_cfg.c **** *  the customer, this function will stop in an infinite loop.
 115:Generated_Source\PSoC4/cyfitter_cfg.c **** *
 116:Generated_Source\PSoC4/cyfitter_cfg.c **** * Parameters:
 117:Generated_Source\PSoC4/cyfitter_cfg.c **** *   void
 118:Generated_Source\PSoC4/cyfitter_cfg.c **** *
 119:Generated_Source\PSoC4/cyfitter_cfg.c **** * Return:
 120:Generated_Source\PSoC4/cyfitter_cfg.c **** *   void
 121:Generated_Source\PSoC4/cyfitter_cfg.c **** *
 122:Generated_Source\PSoC4/cyfitter_cfg.c **** *******************************************************************************/
 123:Generated_Source\PSoC4/cyfitter_cfg.c **** CY_CFG_UNUSED
 124:Generated_Source\PSoC4/cyfitter_cfg.c **** static void CyClockStartupError(uint8 errorCode);
 125:Generated_Source\PSoC4/cyfitter_cfg.c **** CY_CFG_UNUSED
 126:Generated_Source\PSoC4/cyfitter_cfg.c **** static void CyClockStartupError(uint8 errorCode)
 127:Generated_Source\PSoC4/cyfitter_cfg.c **** {
 128:Generated_Source\PSoC4/cyfitter_cfg.c ****     /* To remove the compiler warning if errorCode not used.                */
 129:Generated_Source\PSoC4/cyfitter_cfg.c ****     errorCode = errorCode;
 130:Generated_Source\PSoC4/cyfitter_cfg.c **** 
 131:Generated_Source\PSoC4/cyfitter_cfg.c ****     /* If we have a clock startup error (bad MHz crystal, PLL lock, etc.),  */
 132:Generated_Source\PSoC4/cyfitter_cfg.c ****     /* we will end up here to allow the customer to implement something to  */
 133:Generated_Source\PSoC4/cyfitter_cfg.c ****     /* deal with the clock condition.                                       */
 134:Generated_Source\PSoC4/cyfitter_cfg.c **** 
 135:Generated_Source\PSoC4/cyfitter_cfg.c **** #ifdef CY_CFG_CLOCK_STARTUP_ERROR_CALLBACK
 136:Generated_Source\PSoC4/cyfitter_cfg.c ****     CY_CFG_Clock_Startup_ErrorCallback();
 137:Generated_Source\PSoC4/cyfitter_cfg.c **** #else
 138:Generated_Source\PSoC4/cyfitter_cfg.c ****     /*  If not using CY_CFG_CLOCK_STARTUP_ERROR_CALLBACK, place your clock startup code here. */
 139:Generated_Source\PSoC4/cyfitter_cfg.c ****     /* `#START CyClockStartupError` */
 140:Generated_Source\PSoC4/cyfitter_cfg.c **** 
 141:Generated_Source\PSoC4/cyfitter_cfg.c **** 
 142:Generated_Source\PSoC4/cyfitter_cfg.c **** 
 143:Generated_Source\PSoC4/cyfitter_cfg.c ****     /* `#END` */
 144:Generated_Source\PSoC4/cyfitter_cfg.c **** 
 145:Generated_Source\PSoC4/cyfitter_cfg.c ****     while(1) {}
ARM GAS  C:\Users\YUANFA~1\AppData\Local\Temp\cc2qVuBs.s 			page 4


 146:Generated_Source\PSoC4/cyfitter_cfg.c **** #endif /* CY_CFG_CLOCK_STARTUP_ERROR_CALLBACK */
 147:Generated_Source\PSoC4/cyfitter_cfg.c **** }
 148:Generated_Source\PSoC4/cyfitter_cfg.c **** #endif
 149:Generated_Source\PSoC4/cyfitter_cfg.c **** 
 150:Generated_Source\PSoC4/cyfitter_cfg.c **** 
 151:Generated_Source\PSoC4/cyfitter_cfg.c **** 
 152:Generated_Source\PSoC4/cyfitter_cfg.c **** /*******************************************************************************
 153:Generated_Source\PSoC4/cyfitter_cfg.c **** * Function Name: ClockSetup
 154:Generated_Source\PSoC4/cyfitter_cfg.c **** ********************************************************************************
 155:Generated_Source\PSoC4/cyfitter_cfg.c **** *
 156:Generated_Source\PSoC4/cyfitter_cfg.c **** * Summary:
 157:Generated_Source\PSoC4/cyfitter_cfg.c **** *   Performs the initialization of all of the clocks in the device based on the
 158:Generated_Source\PSoC4/cyfitter_cfg.c **** *   settings in the Clock tab of the DWR.  This includes enabling the requested
 159:Generated_Source\PSoC4/cyfitter_cfg.c **** *   clocks and setting the necessary dividers to produce the desired frequency. 
 160:Generated_Source\PSoC4/cyfitter_cfg.c **** *
 161:Generated_Source\PSoC4/cyfitter_cfg.c **** * Parameters:
 162:Generated_Source\PSoC4/cyfitter_cfg.c **** *   void
 163:Generated_Source\PSoC4/cyfitter_cfg.c **** *
 164:Generated_Source\PSoC4/cyfitter_cfg.c **** * Return:
 165:Generated_Source\PSoC4/cyfitter_cfg.c **** *   void
 166:Generated_Source\PSoC4/cyfitter_cfg.c **** *
 167:Generated_Source\PSoC4/cyfitter_cfg.c **** *******************************************************************************/
 168:Generated_Source\PSoC4/cyfitter_cfg.c **** static void ClockSetup(void);
 169:Generated_Source\PSoC4/cyfitter_cfg.c **** CY_CFG_SECTION
 170:Generated_Source\PSoC4/cyfitter_cfg.c **** static void ClockSetup(void)
 171:Generated_Source\PSoC4/cyfitter_cfg.c **** {
  27              		.loc 1 171 0
  28              		.cfi_startproc
  29              		@ args = 0, pretend = 0, frame = 0
  30              		@ frame_needed = 0, uses_anonymous_args = 0
  31 0000 70B5     		push	{r4, r5, r6, lr}
  32              		.cfi_def_cfa_offset 16
  33              		.cfi_offset 4, -16
  34              		.cfi_offset 5, -12
  35              		.cfi_offset 6, -8
  36              		.cfi_offset 14, -4
 172:Generated_Source\PSoC4/cyfitter_cfg.c **** 
 173:Generated_Source\PSoC4/cyfitter_cfg.c **** 	/* Set Flash Cycles based on max possible frequency in case a glitch occurs during ClockSetup(). *
 174:Generated_Source\PSoC4/cyfitter_cfg.c **** 	CY_SET_REG32((void CYXDATA *)(CYREG_CPUSS_FLASH_CTL), (0x0012u));
  37              		.loc 1 174 0
  38 0002 154C     		ldr	r4, .L2
  39 0004 1223     		movs	r3, #18
  40 0006 2360     		str	r3, [r4]
 175:Generated_Source\PSoC4/cyfitter_cfg.c **** 	/* Update IMO to new clock speed. */
 176:Generated_Source\PSoC4/cyfitter_cfg.c **** 	CySysClkWriteImoFreq(24u);
  41              		.loc 1 176 0
  42 0008 1820     		movs	r0, #24
  43 000a FFF7FEFF 		bl	CySysClkWriteImoFreq
  44              	.LVL0:
 177:Generated_Source\PSoC4/cyfitter_cfg.c **** 
 178:Generated_Source\PSoC4/cyfitter_cfg.c **** 	/* Setup phase aligned clocks */
 179:Generated_Source\PSoC4/cyfitter_cfg.c **** 	CY_SET_REG32((void *)CYREG_PERI_DIV_16_CTL0, 0x0000FE00u);
  45              		.loc 1 179 0
  46 000e FE22     		movs	r2, #254
  47 0010 1202     		lsls	r2, r2, #8
  48 0012 124B     		ldr	r3, .L2+4
  49 0014 1A60     		str	r2, [r3]
ARM GAS  C:\Users\YUANFA~1\AppData\Local\Temp\cc2qVuBs.s 			page 5


 180:Generated_Source\PSoC4/cyfitter_cfg.c **** 	CY_SET_REG32((void *)CYREG_PERI_DIV_CMD, 0x8000FF40u);
  50              		.loc 1 180 0
  51 0016 124B     		ldr	r3, .L2+8
  52 0018 124A     		ldr	r2, .L2+12
  53 001a 1A60     		str	r2, [r3]
 181:Generated_Source\PSoC4/cyfitter_cfg.c **** 	CY_SET_REG32((void *)CYREG_PERI_DIV_16_CTL1, 0x00001000u);
  54              		.loc 1 181 0
  55 001c 8021     		movs	r1, #128
  56 001e 4901     		lsls	r1, r1, #5
  57 0020 114A     		ldr	r2, .L2+16
  58 0022 1160     		str	r1, [r2]
 182:Generated_Source\PSoC4/cyfitter_cfg.c **** 	CY_SET_REG32((void *)CYREG_PERI_DIV_CMD, 0x8000FF41u);
  59              		.loc 1 182 0
  60 0024 114A     		ldr	r2, .L2+20
  61 0026 1A60     		str	r2, [r3]
 183:Generated_Source\PSoC4/cyfitter_cfg.c **** 
 184:Generated_Source\PSoC4/cyfitter_cfg.c **** 	/* CYDEV_CLK_SELECT Starting address: CYDEV_CLK_SELECT */
 185:Generated_Source\PSoC4/cyfitter_cfg.c **** 	CY_SET_REG32((void *)(CYREG_CLK_SELECT), 0x00000000u);
  62              		.loc 1 185 0
  63 0028 0025     		movs	r5, #0
  64 002a 114B     		ldr	r3, .L2+24
  65 002c 1D60     		str	r5, [r3]
 186:Generated_Source\PSoC4/cyfitter_cfg.c **** 
 187:Generated_Source\PSoC4/cyfitter_cfg.c **** 	/* CYDEV_PERI_PCLK_CTL5 Starting address: CYDEV_PERI_PCLK_CTL5 */
 188:Generated_Source\PSoC4/cyfitter_cfg.c **** 	CY_SET_REG32((void *)(CYREG_PERI_PCLK_CTL5), 0x00000040u);
  66              		.loc 1 188 0
  67 002e 4022     		movs	r2, #64
  68 0030 104B     		ldr	r3, .L2+28
  69 0032 1A60     		str	r2, [r3]
 189:Generated_Source\PSoC4/cyfitter_cfg.c **** 
 190:Generated_Source\PSoC4/cyfitter_cfg.c **** 	/* CYDEV_PERI_PCLK_CTL3 Starting address: CYDEV_PERI_PCLK_CTL3 */
 191:Generated_Source\PSoC4/cyfitter_cfg.c **** 	CY_SET_REG32((void *)(CYREG_PERI_PCLK_CTL3), 0x00000041u);
  70              		.loc 1 191 0
  71 0034 0132     		adds	r2, r2, #1
  72 0036 104B     		ldr	r3, .L2+32
  73 0038 1A60     		str	r2, [r3]
 192:Generated_Source\PSoC4/cyfitter_cfg.c **** 
 193:Generated_Source\PSoC4/cyfitter_cfg.c **** 	(void)CyIntSetVector(13u, &CySysTimerIsr);
  74              		.loc 1 193 0
  75 003a 1049     		ldr	r1, .L2+36
  76 003c 0D20     		movs	r0, #13
  77 003e FFF7FEFF 		bl	CyIntSetVector
  78              	.LVL1:
 194:Generated_Source\PSoC4/cyfitter_cfg.c **** 	CyIntEnable(13u);
  79              		.loc 1 194 0
  80 0042 0D20     		movs	r0, #13
  81 0044 FFF7FEFF 		bl	CyIntEnable
  82              	.LVL2:
 195:Generated_Source\PSoC4/cyfitter_cfg.c **** 	CY_SET_REG32((void *)(CYREG_WCO_WDT_CONFIG), 0x00000000u);
  83              		.loc 1 195 0
  84 0048 0D4B     		ldr	r3, .L2+40
  85 004a 1D60     		str	r5, [r3]
 196:Generated_Source\PSoC4/cyfitter_cfg.c **** 	CySysClkSetTimerSource(CY_SYS_CLK_TIMER_SRC_ILO);
  86              		.loc 1 196 0
  87 004c 0020     		movs	r0, #0
  88 004e FFF7FEFF 		bl	CySysClkSetTimerSource
  89              	.LVL3:
ARM GAS  C:\Users\YUANFA~1\AppData\Local\Temp\cc2qVuBs.s 			page 6


 197:Generated_Source\PSoC4/cyfitter_cfg.c **** 	/* Set Flash Cycles based on newly configured 24.00MHz HFCLK. */
 198:Generated_Source\PSoC4/cyfitter_cfg.c **** 	CY_SET_REG32((void CYXDATA *)(CYREG_CPUSS_FLASH_CTL), (0x0011u));
  90              		.loc 1 198 0
  91 0052 1123     		movs	r3, #17
  92 0054 2360     		str	r3, [r4]
 199:Generated_Source\PSoC4/cyfitter_cfg.c **** }
  93              		.loc 1 199 0
  94              		@ sp needed
  95 0056 70BD     		pop	{r4, r5, r6, pc}
  96              	.L3:
  97              		.align	2
  98              	.L2:
  99 0058 30001040 		.word	1074790448
 100 005c 00030140 		.word	1073808128
 101 0060 00000140 		.word	1073807360
 102 0064 40FF0080 		.word	-2147418304
 103 0068 04030140 		.word	1073808132
 104 006c 41FF0080 		.word	-2147418303
 105 0070 28000340 		.word	1073938472
 106 0074 14010140 		.word	1073807636
 107 0078 0C010140 		.word	1073807628
 108 007c 00000000 		.word	CySysTimerIsr
 109 0080 0C022240 		.word	1075970572
 110              		.cfi_endproc
 111              	.LFE4:
 112              		.size	ClockSetup, .-ClockSetup
 113              		.section	.text.SetAnalogRoutingPumps,"ax",%progbits
 114              		.align	2
 115              		.global	SetAnalogRoutingPumps
 116              		.code	16
 117              		.thumb_func
 118              		.type	SetAnalogRoutingPumps, %function
 119              	SetAnalogRoutingPumps:
 120              	.LFB6:
 200:Generated_Source\PSoC4/cyfitter_cfg.c **** 
 201:Generated_Source\PSoC4/cyfitter_cfg.c **** 
 202:Generated_Source\PSoC4/cyfitter_cfg.c **** /* Analog API Functions */
 203:Generated_Source\PSoC4/cyfitter_cfg.c **** 
 204:Generated_Source\PSoC4/cyfitter_cfg.c **** 
 205:Generated_Source\PSoC4/cyfitter_cfg.c **** /*******************************************************************************
 206:Generated_Source\PSoC4/cyfitter_cfg.c **** * Function Name: AnalogSetDefault
 207:Generated_Source\PSoC4/cyfitter_cfg.c **** ********************************************************************************
 208:Generated_Source\PSoC4/cyfitter_cfg.c **** *
 209:Generated_Source\PSoC4/cyfitter_cfg.c **** * Summary:
 210:Generated_Source\PSoC4/cyfitter_cfg.c **** *  Sets up the analog portions of the chip to default values based on chip
 211:Generated_Source\PSoC4/cyfitter_cfg.c **** *  configuration options from the project.
 212:Generated_Source\PSoC4/cyfitter_cfg.c **** *
 213:Generated_Source\PSoC4/cyfitter_cfg.c **** * Parameters:
 214:Generated_Source\PSoC4/cyfitter_cfg.c **** *  void
 215:Generated_Source\PSoC4/cyfitter_cfg.c **** *
 216:Generated_Source\PSoC4/cyfitter_cfg.c **** * Return:
 217:Generated_Source\PSoC4/cyfitter_cfg.c **** *  void
 218:Generated_Source\PSoC4/cyfitter_cfg.c **** *
 219:Generated_Source\PSoC4/cyfitter_cfg.c **** *******************************************************************************/
 220:Generated_Source\PSoC4/cyfitter_cfg.c **** static void AnalogSetDefault(void);
 221:Generated_Source\PSoC4/cyfitter_cfg.c **** static void AnalogSetDefault(void)
 222:Generated_Source\PSoC4/cyfitter_cfg.c **** {
ARM GAS  C:\Users\YUANFA~1\AppData\Local\Temp\cc2qVuBs.s 			page 7


 223:Generated_Source\PSoC4/cyfitter_cfg.c **** 	CY_SET_XTND_REG32((void CYFAR *)CYREG_HSIOM_AMUX_SPLIT_CTL0, 0x00000003u);
 224:Generated_Source\PSoC4/cyfitter_cfg.c **** 	CY_SET_XTND_REG32((void CYFAR *)CYREG_HSIOM_AMUX_SPLIT_CTL1, 0x00000003u);
 225:Generated_Source\PSoC4/cyfitter_cfg.c **** 	CY_SET_XTND_REG32((void CYFAR *)CYREG_CSD_SW_BYP_SEL, 0x00001000u);
 226:Generated_Source\PSoC4/cyfitter_cfg.c **** 	CY_SET_XTND_REG32((void CYFAR *)CYREG_CSD_SW_DSI_SEL, 0x00000011u);
 227:Generated_Source\PSoC4/cyfitter_cfg.c **** 	CY_SET_XTND_REG32((void CYFAR *)CYREG_CTBM0_DFT_CTRL, 0x00000003u);
 228:Generated_Source\PSoC4/cyfitter_cfg.c **** 	CY_SET_XTND_REG32((void CYFAR *)CYREG_PASS_DSAB_DSAB_CTRL, 0x00000020u);
 229:Generated_Source\PSoC4/cyfitter_cfg.c **** 	SetAnalogRoutingPumps(1);
 230:Generated_Source\PSoC4/cyfitter_cfg.c **** }
 231:Generated_Source\PSoC4/cyfitter_cfg.c **** 
 232:Generated_Source\PSoC4/cyfitter_cfg.c **** 
 233:Generated_Source\PSoC4/cyfitter_cfg.c **** /*******************************************************************************
 234:Generated_Source\PSoC4/cyfitter_cfg.c **** * Function Name: SetAnalogRoutingPumps
 235:Generated_Source\PSoC4/cyfitter_cfg.c **** ********************************************************************************
 236:Generated_Source\PSoC4/cyfitter_cfg.c **** *
 237:Generated_Source\PSoC4/cyfitter_cfg.c **** * Summary:
 238:Generated_Source\PSoC4/cyfitter_cfg.c **** * Enables or disables the analog pumps feeding analog routing switches.
 239:Generated_Source\PSoC4/cyfitter_cfg.c **** * Intended to be called at startup, based on the Vdda system configuration;
 240:Generated_Source\PSoC4/cyfitter_cfg.c **** * may be called during operation when the user informs us that the Vdda voltage crossed the pump th
 241:Generated_Source\PSoC4/cyfitter_cfg.c **** *
 242:Generated_Source\PSoC4/cyfitter_cfg.c **** * Parameters:
 243:Generated_Source\PSoC4/cyfitter_cfg.c **** *  enabled - 1 to enable the pumps, 0 to disable the pumps
 244:Generated_Source\PSoC4/cyfitter_cfg.c **** *
 245:Generated_Source\PSoC4/cyfitter_cfg.c **** * Return:
 246:Generated_Source\PSoC4/cyfitter_cfg.c **** *  void
 247:Generated_Source\PSoC4/cyfitter_cfg.c **** *
 248:Generated_Source\PSoC4/cyfitter_cfg.c **** *******************************************************************************/
 249:Generated_Source\PSoC4/cyfitter_cfg.c **** void SetAnalogRoutingPumps(uint8 enabled)
 250:Generated_Source\PSoC4/cyfitter_cfg.c **** {
 121              		.loc 1 250 0
 122              		.cfi_startproc
 123              		@ args = 0, pretend = 0, frame = 0
 124              		@ frame_needed = 0, uses_anonymous_args = 0
 125              		@ link register save eliminated.
 126              	.LVL4:
 251:Generated_Source\PSoC4/cyfitter_cfg.c **** 	uint32 regValue = CY_GET_XTND_REG32((void *)(CYREG_SAR_PUMP_CTRL));
 127              		.loc 1 251 0
 128 0000 0B4B     		ldr	r3, .L9
 129 0002 1B68     		ldr	r3, [r3]
 130              	.LVL5:
 252:Generated_Source\PSoC4/cyfitter_cfg.c **** 	if (enabled != 0u)
 131              		.loc 1 252 0
 132 0004 0028     		cmp	r0, #0
 133 0006 03D0     		beq	.L5
 253:Generated_Source\PSoC4/cyfitter_cfg.c **** 	{
 254:Generated_Source\PSoC4/cyfitter_cfg.c **** 		regValue |= 0x80000000u;
 134              		.loc 1 254 0
 135 0008 8022     		movs	r2, #128
 136 000a 1206     		lsls	r2, r2, #24
 137 000c 1343     		orrs	r3, r2
 138              	.LVL6:
 139 000e 01E0     		b	.L6
 140              	.L5:
 255:Generated_Source\PSoC4/cyfitter_cfg.c **** 	}
 256:Generated_Source\PSoC4/cyfitter_cfg.c **** 	else
 257:Generated_Source\PSoC4/cyfitter_cfg.c **** 	{
 258:Generated_Source\PSoC4/cyfitter_cfg.c **** 		regValue &= ~0x80000000u;
 141              		.loc 1 258 0
ARM GAS  C:\Users\YUANFA~1\AppData\Local\Temp\cc2qVuBs.s 			page 8


 142 0010 5B00     		lsls	r3, r3, #1
 143              	.LVL7:
 144 0012 5B08     		lsrs	r3, r3, #1
 145              	.LVL8:
 146              	.L6:
 259:Generated_Source\PSoC4/cyfitter_cfg.c **** 	}
 260:Generated_Source\PSoC4/cyfitter_cfg.c **** 	CY_SET_XTND_REG32((void *)(CYREG_SAR_PUMP_CTRL), regValue);
 147              		.loc 1 260 0
 148 0014 064A     		ldr	r2, .L9
 149 0016 1360     		str	r3, [r2]
 261:Generated_Source\PSoC4/cyfitter_cfg.c **** 	regValue = CY_GET_XTND_REG32((void *)(CYREG_CLK_SELECT));
 150              		.loc 1 261 0
 151 0018 064B     		ldr	r3, .L9+4
 152              	.LVL9:
 153 001a 1B68     		ldr	r3, [r3]
 154              	.LVL10:
 262:Generated_Source\PSoC4/cyfitter_cfg.c **** 	if (enabled != 0u)
 155              		.loc 1 262 0
 156 001c 0028     		cmp	r0, #0
 157 001e 02D0     		beq	.L7
 263:Generated_Source\PSoC4/cyfitter_cfg.c **** 	{
 264:Generated_Source\PSoC4/cyfitter_cfg.c **** 		regValue |= 0x00000020u;
 158              		.loc 1 264 0
 159 0020 2022     		movs	r2, #32
 160 0022 1343     		orrs	r3, r2
 161              	.LVL11:
 162 0024 01E0     		b	.L8
 163              	.L7:
 265:Generated_Source\PSoC4/cyfitter_cfg.c **** 	}
 266:Generated_Source\PSoC4/cyfitter_cfg.c **** 	else
 267:Generated_Source\PSoC4/cyfitter_cfg.c **** 	{
 268:Generated_Source\PSoC4/cyfitter_cfg.c **** 		regValue &= ~0x00000020u;
 164              		.loc 1 268 0
 165 0026 2022     		movs	r2, #32
 166 0028 9343     		bics	r3, r2
 167              	.LVL12:
 168              	.L8:
 269:Generated_Source\PSoC4/cyfitter_cfg.c **** 	}
 270:Generated_Source\PSoC4/cyfitter_cfg.c **** 	CY_SET_XTND_REG32((void *)(CYREG_CLK_SELECT), regValue);
 169              		.loc 1 270 0
 170 002a 024A     		ldr	r2, .L9+4
 171 002c 1360     		str	r3, [r2]
 271:Generated_Source\PSoC4/cyfitter_cfg.c **** }
 172              		.loc 1 271 0
 173              		@ sp needed
 174 002e 7047     		bx	lr
 175              	.L10:
 176              		.align	2
 177              	.L9:
 178 0030 80033A40 		.word	1077543808
 179 0034 28000340 		.word	1073938472
 180              		.cfi_endproc
 181              	.LFE6:
 182              		.size	SetAnalogRoutingPumps, .-SetAnalogRoutingPumps
 183              		.section	.text.AnalogSetDefault,"ax",%progbits
 184              		.align	2
 185              		.code	16
ARM GAS  C:\Users\YUANFA~1\AppData\Local\Temp\cc2qVuBs.s 			page 9


 186              		.thumb_func
 187              		.type	AnalogSetDefault, %function
 188              	AnalogSetDefault:
 189              	.LFB5:
 222:Generated_Source\PSoC4/cyfitter_cfg.c **** 	CY_SET_XTND_REG32((void CYFAR *)CYREG_HSIOM_AMUX_SPLIT_CTL0, 0x00000003u);
 190              		.loc 1 222 0
 191              		.cfi_startproc
 192              		@ args = 0, pretend = 0, frame = 0
 193              		@ frame_needed = 0, uses_anonymous_args = 0
 194 0000 10B5     		push	{r4, lr}
 195              		.cfi_def_cfa_offset 8
 196              		.cfi_offset 4, -8
 197              		.cfi_offset 14, -4
 223:Generated_Source\PSoC4/cyfitter_cfg.c **** 	CY_SET_XTND_REG32((void CYFAR *)CYREG_HSIOM_AMUX_SPLIT_CTL1, 0x00000003u);
 198              		.loc 1 223 0
 199 0002 0323     		movs	r3, #3
 200 0004 094A     		ldr	r2, .L12
 201 0006 1360     		str	r3, [r2]
 224:Generated_Source\PSoC4/cyfitter_cfg.c **** 	CY_SET_XTND_REG32((void CYFAR *)CYREG_CSD_SW_BYP_SEL, 0x00001000u);
 202              		.loc 1 224 0
 203 0008 094A     		ldr	r2, .L12+4
 204 000a 1360     		str	r3, [r2]
 225:Generated_Source\PSoC4/cyfitter_cfg.c **** 	CY_SET_XTND_REG32((void CYFAR *)CYREG_CSD_SW_DSI_SEL, 0x00000011u);
 205              		.loc 1 225 0
 206 000c 8021     		movs	r1, #128
 207 000e 4901     		lsls	r1, r1, #5
 208 0010 084A     		ldr	r2, .L12+8
 209 0012 1160     		str	r1, [r2]
 226:Generated_Source\PSoC4/cyfitter_cfg.c **** 	CY_SET_XTND_REG32((void CYFAR *)CYREG_CTBM0_DFT_CTRL, 0x00000003u);
 210              		.loc 1 226 0
 211 0014 1121     		movs	r1, #17
 212 0016 084A     		ldr	r2, .L12+12
 213 0018 1160     		str	r1, [r2]
 227:Generated_Source\PSoC4/cyfitter_cfg.c **** 	CY_SET_XTND_REG32((void CYFAR *)CYREG_PASS_DSAB_DSAB_CTRL, 0x00000020u);
 214              		.loc 1 227 0
 215 001a 084A     		ldr	r2, .L12+16
 216 001c 1360     		str	r3, [r2]
 228:Generated_Source\PSoC4/cyfitter_cfg.c **** 	SetAnalogRoutingPumps(1);
 217              		.loc 1 228 0
 218 001e 2022     		movs	r2, #32
 219 0020 074B     		ldr	r3, .L12+20
 220 0022 1A60     		str	r2, [r3]
 229:Generated_Source\PSoC4/cyfitter_cfg.c **** }
 221              		.loc 1 229 0
 222 0024 0120     		movs	r0, #1
 223 0026 FFF7FEFF 		bl	SetAnalogRoutingPumps
 224              	.LVL13:
 230:Generated_Source\PSoC4/cyfitter_cfg.c **** 
 225              		.loc 1 230 0
 226              		@ sp needed
 227 002a 10BD     		pop	{r4, pc}
 228              	.L13:
 229              		.align	2
 230              	.L12:
 231 002c 00210240 		.word	1073881344
 232 0030 04210240 		.word	1073881348
 233 0034 94022940 		.word	1076429460
ARM GAS  C:\Users\YUANFA~1\AppData\Local\Temp\cc2qVuBs.s 			page 10


 234 0038 C0022940 		.word	1076429504
 235 003c 30003040 		.word	1076887600
 236 0040 000E3F40 		.word	1077874176
 237              		.cfi_endproc
 238              	.LFE5:
 239              		.size	AnalogSetDefault, .-AnalogSetDefault
 240              		.section	.psocinit
 241              		.align	2
 242              		.global	cyfitter_cfg
 243              		.code	16
 244              		.thumb_func
 245              		.type	cyfitter_cfg, %function
 246              	cyfitter_cfg:
 247              	.LFB7:
 272:Generated_Source\PSoC4/cyfitter_cfg.c **** 
 273:Generated_Source\PSoC4/cyfitter_cfg.c **** 
 274:Generated_Source\PSoC4/cyfitter_cfg.c **** 
 275:Generated_Source\PSoC4/cyfitter_cfg.c **** 
 276:Generated_Source\PSoC4/cyfitter_cfg.c **** /*******************************************************************************
 277:Generated_Source\PSoC4/cyfitter_cfg.c **** * Function Name: cyfitter_cfg
 278:Generated_Source\PSoC4/cyfitter_cfg.c **** ********************************************************************************
 279:Generated_Source\PSoC4/cyfitter_cfg.c **** * Summary:
 280:Generated_Source\PSoC4/cyfitter_cfg.c **** *  This function is called by the start-up code for the selected device. It
 281:Generated_Source\PSoC4/cyfitter_cfg.c **** *  performs all of the necessary device configuration based on the design
 282:Generated_Source\PSoC4/cyfitter_cfg.c **** *  settings.  This includes settings from the Design Wide Resources (DWR) such
 283:Generated_Source\PSoC4/cyfitter_cfg.c **** *  as Clocks and Pins as well as any component configuration that is necessary.
 284:Generated_Source\PSoC4/cyfitter_cfg.c **** *
 285:Generated_Source\PSoC4/cyfitter_cfg.c **** * Parameters:
 286:Generated_Source\PSoC4/cyfitter_cfg.c **** *   void
 287:Generated_Source\PSoC4/cyfitter_cfg.c **** *
 288:Generated_Source\PSoC4/cyfitter_cfg.c **** * Return:
 289:Generated_Source\PSoC4/cyfitter_cfg.c **** *   void
 290:Generated_Source\PSoC4/cyfitter_cfg.c **** *
 291:Generated_Source\PSoC4/cyfitter_cfg.c **** *******************************************************************************/
 292:Generated_Source\PSoC4/cyfitter_cfg.c **** CY_CFG_SECTION
 293:Generated_Source\PSoC4/cyfitter_cfg.c **** void cyfitter_cfg(void)
 294:Generated_Source\PSoC4/cyfitter_cfg.c **** {
 248              		.loc 1 294 0
 249              		.cfi_startproc
 250              		@ args = 0, pretend = 0, frame = 0
 251              		@ frame_needed = 0, uses_anonymous_args = 0
 252 0084 10B5     		push	{r4, lr}
 253              		.cfi_def_cfa_offset 8
 254              		.cfi_offset 4, -8
 255              		.cfi_offset 14, -4
 295:Generated_Source\PSoC4/cyfitter_cfg.c **** 	/* Disable interrupts by default. Let user enable if/when they want. */
 296:Generated_Source\PSoC4/cyfitter_cfg.c **** 	CyGlobalIntDisable;
 256              		.loc 1 296 0
 257              		.syntax divided
 258              	@ 296 "Generated_Source\PSoC4\cyfitter_cfg.c" 1
 259 0086 72B6     		CPSID   i
 260              	@ 0 "" 2
 297:Generated_Source\PSoC4/cyfitter_cfg.c **** 
 298:Generated_Source\PSoC4/cyfitter_cfg.c **** 	{
 299:Generated_Source\PSoC4/cyfitter_cfg.c **** 		/* HSIOM Starting address: CYDEV_HSIOM_BASE */
 300:Generated_Source\PSoC4/cyfitter_cfg.c **** 		CY_SET_REG32((void *)(CYREG_HSIOM_PORT_SEL1), 0x06660666u);
 261              		.loc 1 300 0
ARM GAS  C:\Users\YUANFA~1\AppData\Local\Temp\cc2qVuBs.s 			page 11


 262              		.thumb
 263              		.syntax unified
 264 0088 1D4A     		ldr	r2, .L15
 265 008a 1E4B     		ldr	r3, .L15+4
 266 008c 1A60     		str	r2, [r3]
 301:Generated_Source\PSoC4/cyfitter_cfg.c **** 		CY_SET_REG32((void *)(CYREG_HSIOM_PORT_SEL2), 0x66600666u);
 267              		.loc 1 301 0
 268 008e 1E4A     		ldr	r2, .L15+8
 269 0090 1E4B     		ldr	r3, .L15+12
 270 0092 1A60     		str	r2, [r3]
 302:Generated_Source\PSoC4/cyfitter_cfg.c **** 		CY_SET_REG32((void *)(CYREG_HSIOM_PORT_SEL3), 0x0000EE00u);
 271              		.loc 1 302 0
 272 0094 EE22     		movs	r2, #238
 273 0096 1202     		lsls	r2, r2, #8
 274 0098 1D4B     		ldr	r3, .L15+16
 275 009a 1A60     		str	r2, [r3]
 303:Generated_Source\PSoC4/cyfitter_cfg.c **** 		CY_SET_REG32((void *)(CYREG_HSIOM_PORT_SEL4), 0x66660000u);
 276              		.loc 1 303 0
 277 009c 1D4A     		ldr	r2, .L15+20
 278 009e 1E4B     		ldr	r3, .L15+24
 279 00a0 1A60     		str	r2, [r3]
 304:Generated_Source\PSoC4/cyfitter_cfg.c **** 		CY_SET_REG32((void *)(CYREG_HSIOM_PORT_SEL5), 0x66000000u);
 280              		.loc 1 304 0
 281 00a2 CC22     		movs	r2, #204
 282 00a4 D205     		lsls	r2, r2, #23
 283 00a6 1D4B     		ldr	r3, .L15+28
 284 00a8 1A60     		str	r2, [r3]
 305:Generated_Source\PSoC4/cyfitter_cfg.c **** 		CY_SET_REG32((void *)(CYREG_HSIOM_PORT_SEL7), 0x00000099u);
 285              		.loc 1 305 0
 286 00aa 9922     		movs	r2, #153
 287 00ac 1C4B     		ldr	r3, .L15+32
 288 00ae 1A60     		str	r2, [r3]
 306:Generated_Source\PSoC4/cyfitter_cfg.c **** 
 307:Generated_Source\PSoC4/cyfitter_cfg.c **** 	}
 308:Generated_Source\PSoC4/cyfitter_cfg.c **** 
 309:Generated_Source\PSoC4/cyfitter_cfg.c **** 	/* Perform second pass device configuration. These items must be configured in specific order afte
 310:Generated_Source\PSoC4/cyfitter_cfg.c **** 	/* IOPINS0_1 Starting address: CYDEV_GPIO_PRT1_BASE */
 311:Generated_Source\PSoC4/cyfitter_cfg.c **** 	CY_SET_REG32((void *)(CYDEV_GPIO_PRT1_BASE), 0x00000077u);
 289              		.loc 1 311 0
 290 00b0 7723     		movs	r3, #119
 291 00b2 1C4A     		ldr	r2, .L15+36
 292 00b4 1360     		str	r3, [r2]
 312:Generated_Source\PSoC4/cyfitter_cfg.c **** 	CY_SET_REG32((void *)(CYREG_GPIO_PRT1_PC2), 0x00000077u);
 293              		.loc 1 312 0
 294 00b6 1C4A     		ldr	r2, .L15+40
 295 00b8 1360     		str	r3, [r2]
 313:Generated_Source\PSoC4/cyfitter_cfg.c **** 
 314:Generated_Source\PSoC4/cyfitter_cfg.c **** 	/* IOPINS0_2 Starting address: CYDEV_GPIO_PRT2_BASE */
 315:Generated_Source\PSoC4/cyfitter_cfg.c **** 	CY_SET_REG32((void *)(CYDEV_GPIO_PRT2_BASE), 0x000000C3u);
 296              		.loc 1 315 0
 297 00ba C322     		movs	r2, #195
 298 00bc 1B4B     		ldr	r3, .L15+44
 299 00be 1A60     		str	r2, [r3]
 316:Generated_Source\PSoC4/cyfitter_cfg.c **** 	CY_SET_REG32((void *)(CYREG_GPIO_PRT2_PC2), 0x000000E7u);
 300              		.loc 1 316 0
 301 00c0 2432     		adds	r2, r2, #36
 302 00c2 1B4B     		ldr	r3, .L15+48
ARM GAS  C:\Users\YUANFA~1\AppData\Local\Temp\cc2qVuBs.s 			page 12


 303 00c4 1A60     		str	r2, [r3]
 317:Generated_Source\PSoC4/cyfitter_cfg.c **** 
 318:Generated_Source\PSoC4/cyfitter_cfg.c **** 	/* IOPINS0_3 Starting address: CYDEV_GPIO_PRT3_BASE */
 319:Generated_Source\PSoC4/cyfitter_cfg.c **** 	CY_SET_REG32((void *)(CYREG_GPIO_PRT3_PC), 0x00000D80u);
 304              		.loc 1 319 0
 305 00c6 D822     		movs	r2, #216
 306 00c8 1201     		lsls	r2, r2, #4
 307 00ca 1A4B     		ldr	r3, .L15+52
 308 00cc 1A60     		str	r2, [r3]
 320:Generated_Source\PSoC4/cyfitter_cfg.c **** 
 321:Generated_Source\PSoC4/cyfitter_cfg.c **** 	/* IOPINS0_4 Starting address: CYDEV_GPIO_PRT4_BASE */
 322:Generated_Source\PSoC4/cyfitter_cfg.c **** 	CY_SET_REG32((void *)(CYDEV_GPIO_PRT4_BASE), 0x000000F0u);
 309              		.loc 1 322 0
 310 00ce F022     		movs	r2, #240
 311 00d0 194B     		ldr	r3, .L15+56
 312 00d2 1A60     		str	r2, [r3]
 323:Generated_Source\PSoC4/cyfitter_cfg.c **** 	CY_SET_REG32((void *)(CYREG_GPIO_PRT4_PC2), 0x000000FCu);
 313              		.loc 1 323 0
 314 00d4 0C32     		adds	r2, r2, #12
 315 00d6 194B     		ldr	r3, .L15+60
 316 00d8 1A60     		str	r2, [r3]
 324:Generated_Source\PSoC4/cyfitter_cfg.c **** 
 325:Generated_Source\PSoC4/cyfitter_cfg.c **** 	/* IOPINS0_5 Starting address: CYDEV_GPIO_PRT5_BASE */
 326:Generated_Source\PSoC4/cyfitter_cfg.c **** 	CY_SET_REG32((void *)(CYDEV_GPIO_PRT5_BASE), 0x000000C0u);
 317              		.loc 1 326 0
 318 00da C023     		movs	r3, #192
 319 00dc 184A     		ldr	r2, .L15+64
 320 00de 1360     		str	r3, [r2]
 327:Generated_Source\PSoC4/cyfitter_cfg.c **** 	CY_SET_REG32((void *)(CYREG_GPIO_PRT5_PC2), 0x000000C0u);
 321              		.loc 1 327 0
 322 00e0 184A     		ldr	r2, .L15+68
 323 00e2 1360     		str	r3, [r2]
 328:Generated_Source\PSoC4/cyfitter_cfg.c **** 
 329:Generated_Source\PSoC4/cyfitter_cfg.c **** 	/* IOPINS0_7 Starting address: CYDEV_GPIO_PRT7_BASE */
 330:Generated_Source\PSoC4/cyfitter_cfg.c **** 	CY_SET_REG32((void *)(CYDEV_GPIO_PRT7_BASE), 0x00000002u);
 324              		.loc 1 330 0
 325 00e4 BE3B     		subs	r3, r3, #190
 326 00e6 184A     		ldr	r2, .L15+72
 327 00e8 1360     		str	r3, [r2]
 331:Generated_Source\PSoC4/cyfitter_cfg.c **** 	CY_SET_REG32((void *)(CYREG_GPIO_PRT7_PC), 0x00000031u);
 328              		.loc 1 331 0
 329 00ea 3121     		movs	r1, #49
 330 00ec 174A     		ldr	r2, .L15+76
 331 00ee 1160     		str	r1, [r2]
 332:Generated_Source\PSoC4/cyfitter_cfg.c **** 	CY_SET_REG32((void *)(CYREG_GPIO_PRT7_PC2), 0x00000002u);
 332              		.loc 1 332 0
 333 00f0 174A     		ldr	r2, .L15+80
 334 00f2 1360     		str	r3, [r2]
 333:Generated_Source\PSoC4/cyfitter_cfg.c **** 
 334:Generated_Source\PSoC4/cyfitter_cfg.c **** 
 335:Generated_Source\PSoC4/cyfitter_cfg.c **** 	/* Setup clocks based on selections from Clock DWR */
 336:Generated_Source\PSoC4/cyfitter_cfg.c **** 	ClockSetup();
 335              		.loc 1 336 0
 336 00f4 FFF784FF 		bl	ClockSetup
 337              	.LVL14:
 337:Generated_Source\PSoC4/cyfitter_cfg.c **** 
 338:Generated_Source\PSoC4/cyfitter_cfg.c **** 	/* Perform basic analog initialization to defaults */
ARM GAS  C:\Users\YUANFA~1\AppData\Local\Temp\cc2qVuBs.s 			page 13


 339:Generated_Source\PSoC4/cyfitter_cfg.c **** 	AnalogSetDefault();
 338              		.loc 1 339 0
 339 00f8 FFF7FEFF 		bl	AnalogSetDefault
 340              	.LVL15:
 340:Generated_Source\PSoC4/cyfitter_cfg.c **** 
 341:Generated_Source\PSoC4/cyfitter_cfg.c **** }
 341              		.loc 1 341 0
 342              		@ sp needed
 343 00fc 10BD     		pop	{r4, pc}
 344              	.L16:
 345 00fe C046     		.align	2
 346              	.L15:
 347 0100 66066606 		.word	107349606
 348 0104 00010240 		.word	1073873152
 349 0108 66066066 		.word	1717569126
 350 010c 00020240 		.word	1073873408
 351 0110 00030240 		.word	1073873664
 352 0114 00006666 		.word	1717960704
 353 0118 00040240 		.word	1073873920
 354 011c 00050240 		.word	1073874176
 355 0120 00070240 		.word	1073874688
 356 0124 00010440 		.word	1074004224
 357 0128 18010440 		.word	1074004248
 358 012c 00020440 		.word	1074004480
 359 0130 18020440 		.word	1074004504
 360 0134 08030440 		.word	1074004744
 361 0138 00040440 		.word	1074004992
 362 013c 18040440 		.word	1074005016
 363 0140 00050440 		.word	1074005248
 364 0144 18050440 		.word	1074005272
 365 0148 00070440 		.word	1074005760
 366 014c 08070440 		.word	1074005768
 367 0150 18070440 		.word	1074005784
 368              		.cfi_endproc
 369              	.LFE7:
 370              		.size	cyfitter_cfg, .-cyfitter_cfg
 371              		.text
 372              	.Letext0:
 373              		.file 2 "Generated_Source\\PSoC4\\cytypes.h"
 374              		.file 3 "Generated_Source\\PSoC4\\CyLib.h"
 375              		.file 4 "Generated_Source\\PSoC4\\CyLFClk.h"
 376              		.section	.debug_info,"",%progbits
 377              	.Ldebug_info0:
 378 0000 BF010000 		.4byte	0x1bf
 379 0004 0400     		.2byte	0x4
 380 0006 00000000 		.4byte	.Ldebug_abbrev0
 381 000a 04       		.byte	0x4
 382 000b 01       		.uleb128 0x1
 383 000c 86010000 		.4byte	.LASF25
 384 0010 0C       		.byte	0xc
 385 0011 24020000 		.4byte	.LASF26
 386 0015 3D000000 		.4byte	.LASF27
 387 0019 00000000 		.4byte	.Ldebug_ranges0+0
 388 001d 00000000 		.4byte	0
 389 0021 00000000 		.4byte	.Ldebug_line0
 390 0025 02       		.uleb128 0x2
 391 0026 04       		.byte	0x4
ARM GAS  C:\Users\YUANFA~1\AppData\Local\Temp\cc2qVuBs.s 			page 14


 392 0027 05       		.byte	0x5
 393 0028 696E7400 		.ascii	"int\000"
 394 002c 03       		.uleb128 0x3
 395 002d 04       		.byte	0x4
 396 002e 07       		.byte	0x7
 397 002f 0A010000 		.4byte	.LASF0
 398 0033 03       		.uleb128 0x3
 399 0034 08       		.byte	0x8
 400 0035 05       		.byte	0x5
 401 0036 37010000 		.4byte	.LASF1
 402 003a 03       		.uleb128 0x3
 403 003b 08       		.byte	0x8
 404 003c 04       		.byte	0x4
 405 003d 7A010000 		.4byte	.LASF2
 406 0041 03       		.uleb128 0x3
 407 0042 01       		.byte	0x1
 408 0043 06       		.byte	0x6
 409 0044 18020000 		.4byte	.LASF3
 410 0048 03       		.uleb128 0x3
 411 0049 01       		.byte	0x1
 412 004a 08       		.byte	0x8
 413 004b A7000000 		.4byte	.LASF4
 414 004f 03       		.uleb128 0x3
 415 0050 02       		.byte	0x2
 416 0051 05       		.byte	0x5
 417 0052 52010000 		.4byte	.LASF5
 418 0056 03       		.uleb128 0x3
 419 0057 02       		.byte	0x2
 420 0058 07       		.byte	0x7
 421 0059 8E000000 		.4byte	.LASF6
 422 005d 03       		.uleb128 0x3
 423 005e 04       		.byte	0x4
 424 005f 05       		.byte	0x5
 425 0060 71010000 		.4byte	.LASF7
 426 0064 03       		.uleb128 0x3
 427 0065 04       		.byte	0x4
 428 0066 07       		.byte	0x7
 429 0067 B5000000 		.4byte	.LASF8
 430 006b 03       		.uleb128 0x3
 431 006c 08       		.byte	0x8
 432 006d 07       		.byte	0x7
 433 006e 17010000 		.4byte	.LASF9
 434 0072 03       		.uleb128 0x3
 435 0073 04       		.byte	0x4
 436 0074 07       		.byte	0x7
 437 0075 2E010000 		.4byte	.LASF10
 438 0079 03       		.uleb128 0x3
 439 007a 01       		.byte	0x1
 440 007b 08       		.byte	0x8
 441 007c 45010000 		.4byte	.LASF11
 442 0080 04       		.uleb128 0x4
 443 0081 C7000000 		.4byte	.LASF12
 444 0085 02       		.byte	0x2
 445 0086 FB01     		.2byte	0x1fb
 446 0088 48000000 		.4byte	0x48
 447 008c 04       		.uleb128 0x4
 448 008d 03010000 		.4byte	.LASF13
ARM GAS  C:\Users\YUANFA~1\AppData\Local\Temp\cc2qVuBs.s 			page 15


 449 0091 02       		.byte	0x2
 450 0092 FD01     		.2byte	0x1fd
 451 0094 64000000 		.4byte	0x64
 452 0098 03       		.uleb128 0x3
 453 0099 04       		.byte	0x4
 454 009a 04       		.byte	0x4
 455 009b A1000000 		.4byte	.LASF14
 456 009f 03       		.uleb128 0x3
 457 00a0 08       		.byte	0x8
 458 00a1 04       		.byte	0x4
 459 00a2 F0000000 		.4byte	.LASF15
 460 00a6 04       		.uleb128 0x4
 461 00a7 00000000 		.4byte	.LASF16
 462 00ab 02       		.byte	0x2
 463 00ac A702     		.2byte	0x2a7
 464 00ae B2000000 		.4byte	0xb2
 465 00b2 05       		.uleb128 0x5
 466 00b3 8C000000 		.4byte	0x8c
 467 00b7 06       		.uleb128 0x6
 468 00b8 83000000 		.4byte	.LASF17
 469 00bc 01       		.byte	0x1
 470 00bd AA       		.byte	0xaa
 471 00be 00000000 		.4byte	.LFB4
 472 00c2 84000000 		.4byte	.LFE4-.LFB4
 473 00c6 01       		.uleb128 0x1
 474 00c7 9C       		.byte	0x9c
 475 00c8 16010000 		.4byte	0x116
 476 00cc 07       		.uleb128 0x7
 477 00cd 0E000000 		.4byte	.LVL0
 478 00d1 96010000 		.4byte	0x196
 479 00d5 DF000000 		.4byte	0xdf
 480 00d9 08       		.uleb128 0x8
 481 00da 01       		.uleb128 0x1
 482 00db 50       		.byte	0x50
 483 00dc 01       		.uleb128 0x1
 484 00dd 48       		.byte	0x48
 485 00de 00       		.byte	0
 486 00df 07       		.uleb128 0x7
 487 00e0 42000000 		.4byte	.LVL1
 488 00e4 A1010000 		.4byte	0x1a1
 489 00e8 F2000000 		.4byte	0xf2
 490 00ec 08       		.uleb128 0x8
 491 00ed 01       		.uleb128 0x1
 492 00ee 50       		.byte	0x50
 493 00ef 01       		.uleb128 0x1
 494 00f0 3D       		.byte	0x3d
 495 00f1 00       		.byte	0
 496 00f2 07       		.uleb128 0x7
 497 00f3 48000000 		.4byte	.LVL2
 498 00f7 AC010000 		.4byte	0x1ac
 499 00fb 05010000 		.4byte	0x105
 500 00ff 08       		.uleb128 0x8
 501 0100 01       		.uleb128 0x1
 502 0101 50       		.byte	0x50
 503 0102 01       		.uleb128 0x1
 504 0103 3D       		.byte	0x3d
 505 0104 00       		.byte	0
ARM GAS  C:\Users\YUANFA~1\AppData\Local\Temp\cc2qVuBs.s 			page 16


 506 0105 09       		.uleb128 0x9
 507 0106 52000000 		.4byte	.LVL3
 508 010a B7010000 		.4byte	0x1b7
 509 010e 08       		.uleb128 0x8
 510 010f 01       		.uleb128 0x1
 511 0110 50       		.byte	0x50
 512 0111 02       		.uleb128 0x2
 513 0112 75       		.byte	0x75
 514 0113 00       		.sleb128 0
 515 0114 00       		.byte	0
 516 0115 00       		.byte	0
 517 0116 0A       		.uleb128 0xa
 518 0117 DA000000 		.4byte	.LASF19
 519 011b 01       		.byte	0x1
 520 011c F9       		.byte	0xf9
 521 011d 00000000 		.4byte	.LFB6
 522 0121 38000000 		.4byte	.LFE6-.LFB6
 523 0125 01       		.uleb128 0x1
 524 0126 9C       		.byte	0x9c
 525 0127 48010000 		.4byte	0x148
 526 012b 0B       		.uleb128 0xb
 527 012c 4A010000 		.4byte	.LASF28
 528 0130 01       		.byte	0x1
 529 0131 F9       		.byte	0xf9
 530 0132 80000000 		.4byte	0x80
 531 0136 01       		.uleb128 0x1
 532 0137 50       		.byte	0x50
 533 0138 0C       		.uleb128 0xc
 534 0139 4A020000 		.4byte	.LASF29
 535 013d 01       		.byte	0x1
 536 013e FB       		.byte	0xfb
 537 013f 8C000000 		.4byte	0x8c
 538 0143 00000000 		.4byte	.LLST0
 539 0147 00       		.byte	0
 540 0148 06       		.uleb128 0x6
 541 0149 06000000 		.4byte	.LASF18
 542 014d 01       		.byte	0x1
 543 014e DD       		.byte	0xdd
 544 014f 00000000 		.4byte	.LFB5
 545 0153 44000000 		.4byte	.LFE5-.LFB5
 546 0157 01       		.uleb128 0x1
 547 0158 9C       		.byte	0x9c
 548 0159 6D010000 		.4byte	0x16d
 549 015d 09       		.uleb128 0x9
 550 015e 2A000000 		.4byte	.LVL13
 551 0162 16010000 		.4byte	0x116
 552 0166 08       		.uleb128 0x8
 553 0167 01       		.uleb128 0x1
 554 0168 50       		.byte	0x50
 555 0169 01       		.uleb128 0x1
 556 016a 31       		.byte	0x31
 557 016b 00       		.byte	0
 558 016c 00       		.byte	0
 559 016d 0D       		.uleb128 0xd
 560 016e CD000000 		.4byte	.LASF20
 561 0172 01       		.byte	0x1
 562 0173 2501     		.2byte	0x125
ARM GAS  C:\Users\YUANFA~1\AppData\Local\Temp\cc2qVuBs.s 			page 17


 563 0175 84000000 		.4byte	.LFB7
 564 0179 D0000000 		.4byte	.LFE7-.LFB7
 565 017d 01       		.uleb128 0x1
 566 017e 9C       		.byte	0x9c
 567 017f 96010000 		.4byte	0x196
 568 0183 0E       		.uleb128 0xe
 569 0184 F8000000 		.4byte	.LVL14
 570 0188 B7000000 		.4byte	0xb7
 571 018c 0E       		.uleb128 0xe
 572 018d FC000000 		.4byte	.LVL15
 573 0191 48010000 		.4byte	0x148
 574 0195 00       		.byte	0
 575 0196 0F       		.uleb128 0xf
 576 0197 5C010000 		.4byte	.LASF21
 577 019b 5C010000 		.4byte	.LASF21
 578 019f 03       		.byte	0x3
 579 01a0 6C       		.byte	0x6c
 580 01a1 0F       		.uleb128 0xf
 581 01a2 2E000000 		.4byte	.LASF22
 582 01a6 2E000000 		.4byte	.LASF22
 583 01aa 03       		.byte	0x3
 584 01ab D0       		.byte	0xd0
 585 01ac 0F       		.uleb128 0xf
 586 01ad F7000000 		.4byte	.LASF23
 587 01b1 F7000000 		.4byte	.LASF23
 588 01b5 03       		.byte	0x3
 589 01b6 D6       		.byte	0xd6
 590 01b7 0F       		.uleb128 0xf
 591 01b8 17000000 		.4byte	.LASF24
 592 01bc 17000000 		.4byte	.LASF24
 593 01c0 04       		.byte	0x4
 594 01c1 9F       		.byte	0x9f
 595 01c2 00       		.byte	0
 596              		.section	.debug_abbrev,"",%progbits
 597              	.Ldebug_abbrev0:
 598 0000 01       		.uleb128 0x1
 599 0001 11       		.uleb128 0x11
 600 0002 01       		.byte	0x1
 601 0003 25       		.uleb128 0x25
 602 0004 0E       		.uleb128 0xe
 603 0005 13       		.uleb128 0x13
 604 0006 0B       		.uleb128 0xb
 605 0007 03       		.uleb128 0x3
 606 0008 0E       		.uleb128 0xe
 607 0009 1B       		.uleb128 0x1b
 608 000a 0E       		.uleb128 0xe
 609 000b 55       		.uleb128 0x55
 610 000c 17       		.uleb128 0x17
 611 000d 11       		.uleb128 0x11
 612 000e 01       		.uleb128 0x1
 613 000f 10       		.uleb128 0x10
 614 0010 17       		.uleb128 0x17
 615 0011 00       		.byte	0
 616 0012 00       		.byte	0
 617 0013 02       		.uleb128 0x2
 618 0014 24       		.uleb128 0x24
 619 0015 00       		.byte	0
ARM GAS  C:\Users\YUANFA~1\AppData\Local\Temp\cc2qVuBs.s 			page 18


 620 0016 0B       		.uleb128 0xb
 621 0017 0B       		.uleb128 0xb
 622 0018 3E       		.uleb128 0x3e
 623 0019 0B       		.uleb128 0xb
 624 001a 03       		.uleb128 0x3
 625 001b 08       		.uleb128 0x8
 626 001c 00       		.byte	0
 627 001d 00       		.byte	0
 628 001e 03       		.uleb128 0x3
 629 001f 24       		.uleb128 0x24
 630 0020 00       		.byte	0
 631 0021 0B       		.uleb128 0xb
 632 0022 0B       		.uleb128 0xb
 633 0023 3E       		.uleb128 0x3e
 634 0024 0B       		.uleb128 0xb
 635 0025 03       		.uleb128 0x3
 636 0026 0E       		.uleb128 0xe
 637 0027 00       		.byte	0
 638 0028 00       		.byte	0
 639 0029 04       		.uleb128 0x4
 640 002a 16       		.uleb128 0x16
 641 002b 00       		.byte	0
 642 002c 03       		.uleb128 0x3
 643 002d 0E       		.uleb128 0xe
 644 002e 3A       		.uleb128 0x3a
 645 002f 0B       		.uleb128 0xb
 646 0030 3B       		.uleb128 0x3b
 647 0031 05       		.uleb128 0x5
 648 0032 49       		.uleb128 0x49
 649 0033 13       		.uleb128 0x13
 650 0034 00       		.byte	0
 651 0035 00       		.byte	0
 652 0036 05       		.uleb128 0x5
 653 0037 35       		.uleb128 0x35
 654 0038 00       		.byte	0
 655 0039 49       		.uleb128 0x49
 656 003a 13       		.uleb128 0x13
 657 003b 00       		.byte	0
 658 003c 00       		.byte	0
 659 003d 06       		.uleb128 0x6
 660 003e 2E       		.uleb128 0x2e
 661 003f 01       		.byte	0x1
 662 0040 03       		.uleb128 0x3
 663 0041 0E       		.uleb128 0xe
 664 0042 3A       		.uleb128 0x3a
 665 0043 0B       		.uleb128 0xb
 666 0044 3B       		.uleb128 0x3b
 667 0045 0B       		.uleb128 0xb
 668 0046 27       		.uleb128 0x27
 669 0047 19       		.uleb128 0x19
 670 0048 11       		.uleb128 0x11
 671 0049 01       		.uleb128 0x1
 672 004a 12       		.uleb128 0x12
 673 004b 06       		.uleb128 0x6
 674 004c 40       		.uleb128 0x40
 675 004d 18       		.uleb128 0x18
 676 004e 9742     		.uleb128 0x2117
ARM GAS  C:\Users\YUANFA~1\AppData\Local\Temp\cc2qVuBs.s 			page 19


 677 0050 19       		.uleb128 0x19
 678 0051 01       		.uleb128 0x1
 679 0052 13       		.uleb128 0x13
 680 0053 00       		.byte	0
 681 0054 00       		.byte	0
 682 0055 07       		.uleb128 0x7
 683 0056 898201   		.uleb128 0x4109
 684 0059 01       		.byte	0x1
 685 005a 11       		.uleb128 0x11
 686 005b 01       		.uleb128 0x1
 687 005c 31       		.uleb128 0x31
 688 005d 13       		.uleb128 0x13
 689 005e 01       		.uleb128 0x1
 690 005f 13       		.uleb128 0x13
 691 0060 00       		.byte	0
 692 0061 00       		.byte	0
 693 0062 08       		.uleb128 0x8
 694 0063 8A8201   		.uleb128 0x410a
 695 0066 00       		.byte	0
 696 0067 02       		.uleb128 0x2
 697 0068 18       		.uleb128 0x18
 698 0069 9142     		.uleb128 0x2111
 699 006b 18       		.uleb128 0x18
 700 006c 00       		.byte	0
 701 006d 00       		.byte	0
 702 006e 09       		.uleb128 0x9
 703 006f 898201   		.uleb128 0x4109
 704 0072 01       		.byte	0x1
 705 0073 11       		.uleb128 0x11
 706 0074 01       		.uleb128 0x1
 707 0075 31       		.uleb128 0x31
 708 0076 13       		.uleb128 0x13
 709 0077 00       		.byte	0
 710 0078 00       		.byte	0
 711 0079 0A       		.uleb128 0xa
 712 007a 2E       		.uleb128 0x2e
 713 007b 01       		.byte	0x1
 714 007c 3F       		.uleb128 0x3f
 715 007d 19       		.uleb128 0x19
 716 007e 03       		.uleb128 0x3
 717 007f 0E       		.uleb128 0xe
 718 0080 3A       		.uleb128 0x3a
 719 0081 0B       		.uleb128 0xb
 720 0082 3B       		.uleb128 0x3b
 721 0083 0B       		.uleb128 0xb
 722 0084 27       		.uleb128 0x27
 723 0085 19       		.uleb128 0x19
 724 0086 11       		.uleb128 0x11
 725 0087 01       		.uleb128 0x1
 726 0088 12       		.uleb128 0x12
 727 0089 06       		.uleb128 0x6
 728 008a 40       		.uleb128 0x40
 729 008b 18       		.uleb128 0x18
 730 008c 9742     		.uleb128 0x2117
 731 008e 19       		.uleb128 0x19
 732 008f 01       		.uleb128 0x1
 733 0090 13       		.uleb128 0x13
ARM GAS  C:\Users\YUANFA~1\AppData\Local\Temp\cc2qVuBs.s 			page 20


 734 0091 00       		.byte	0
 735 0092 00       		.byte	0
 736 0093 0B       		.uleb128 0xb
 737 0094 05       		.uleb128 0x5
 738 0095 00       		.byte	0
 739 0096 03       		.uleb128 0x3
 740 0097 0E       		.uleb128 0xe
 741 0098 3A       		.uleb128 0x3a
 742 0099 0B       		.uleb128 0xb
 743 009a 3B       		.uleb128 0x3b
 744 009b 0B       		.uleb128 0xb
 745 009c 49       		.uleb128 0x49
 746 009d 13       		.uleb128 0x13
 747 009e 02       		.uleb128 0x2
 748 009f 18       		.uleb128 0x18
 749 00a0 00       		.byte	0
 750 00a1 00       		.byte	0
 751 00a2 0C       		.uleb128 0xc
 752 00a3 34       		.uleb128 0x34
 753 00a4 00       		.byte	0
 754 00a5 03       		.uleb128 0x3
 755 00a6 0E       		.uleb128 0xe
 756 00a7 3A       		.uleb128 0x3a
 757 00a8 0B       		.uleb128 0xb
 758 00a9 3B       		.uleb128 0x3b
 759 00aa 0B       		.uleb128 0xb
 760 00ab 49       		.uleb128 0x49
 761 00ac 13       		.uleb128 0x13
 762 00ad 02       		.uleb128 0x2
 763 00ae 17       		.uleb128 0x17
 764 00af 00       		.byte	0
 765 00b0 00       		.byte	0
 766 00b1 0D       		.uleb128 0xd
 767 00b2 2E       		.uleb128 0x2e
 768 00b3 01       		.byte	0x1
 769 00b4 3F       		.uleb128 0x3f
 770 00b5 19       		.uleb128 0x19
 771 00b6 03       		.uleb128 0x3
 772 00b7 0E       		.uleb128 0xe
 773 00b8 3A       		.uleb128 0x3a
 774 00b9 0B       		.uleb128 0xb
 775 00ba 3B       		.uleb128 0x3b
 776 00bb 05       		.uleb128 0x5
 777 00bc 27       		.uleb128 0x27
 778 00bd 19       		.uleb128 0x19
 779 00be 11       		.uleb128 0x11
 780 00bf 01       		.uleb128 0x1
 781 00c0 12       		.uleb128 0x12
 782 00c1 06       		.uleb128 0x6
 783 00c2 40       		.uleb128 0x40
 784 00c3 18       		.uleb128 0x18
 785 00c4 9742     		.uleb128 0x2117
 786 00c6 19       		.uleb128 0x19
 787 00c7 01       		.uleb128 0x1
 788 00c8 13       		.uleb128 0x13
 789 00c9 00       		.byte	0
 790 00ca 00       		.byte	0
ARM GAS  C:\Users\YUANFA~1\AppData\Local\Temp\cc2qVuBs.s 			page 21


 791 00cb 0E       		.uleb128 0xe
 792 00cc 898201   		.uleb128 0x4109
 793 00cf 00       		.byte	0
 794 00d0 11       		.uleb128 0x11
 795 00d1 01       		.uleb128 0x1
 796 00d2 31       		.uleb128 0x31
 797 00d3 13       		.uleb128 0x13
 798 00d4 00       		.byte	0
 799 00d5 00       		.byte	0
 800 00d6 0F       		.uleb128 0xf
 801 00d7 2E       		.uleb128 0x2e
 802 00d8 00       		.byte	0
 803 00d9 3F       		.uleb128 0x3f
 804 00da 19       		.uleb128 0x19
 805 00db 3C       		.uleb128 0x3c
 806 00dc 19       		.uleb128 0x19
 807 00dd 6E       		.uleb128 0x6e
 808 00de 0E       		.uleb128 0xe
 809 00df 03       		.uleb128 0x3
 810 00e0 0E       		.uleb128 0xe
 811 00e1 3A       		.uleb128 0x3a
 812 00e2 0B       		.uleb128 0xb
 813 00e3 3B       		.uleb128 0x3b
 814 00e4 0B       		.uleb128 0xb
 815 00e5 00       		.byte	0
 816 00e6 00       		.byte	0
 817 00e7 00       		.byte	0
 818              		.section	.debug_loc,"",%progbits
 819              	.Ldebug_loc0:
 820              	.LLST0:
 821 0000 04000000 		.4byte	.LVL5
 822 0004 12000000 		.4byte	.LVL7
 823 0008 0100     		.2byte	0x1
 824 000a 53       		.byte	0x53
 825 000b 14000000 		.4byte	.LVL8
 826 000f 1A000000 		.4byte	.LVL9
 827 0013 0100     		.2byte	0x1
 828 0015 53       		.byte	0x53
 829 0016 1A000000 		.4byte	.LVL9
 830 001a 1C000000 		.4byte	.LVL10
 831 001e 0200     		.2byte	0x2
 832 0020 72       		.byte	0x72
 833 0021 00       		.sleb128 0
 834 0022 1C000000 		.4byte	.LVL10
 835 0026 38000000 		.4byte	.LFE6
 836 002a 0100     		.2byte	0x1
 837 002c 53       		.byte	0x53
 838 002d 00000000 		.4byte	0
 839 0031 00000000 		.4byte	0
 840              		.section	.debug_aranges,"",%progbits
 841 0000 34000000 		.4byte	0x34
 842 0004 0200     		.2byte	0x2
 843 0006 00000000 		.4byte	.Ldebug_info0
 844 000a 04       		.byte	0x4
 845 000b 00       		.byte	0
 846 000c 0000     		.2byte	0
 847 000e 0000     		.2byte	0
ARM GAS  C:\Users\YUANFA~1\AppData\Local\Temp\cc2qVuBs.s 			page 22


 848 0010 00000000 		.4byte	.LFB4
 849 0014 84000000 		.4byte	.LFE4-.LFB4
 850 0018 00000000 		.4byte	.LFB6
 851 001c 38000000 		.4byte	.LFE6-.LFB6
 852 0020 00000000 		.4byte	.LFB5
 853 0024 44000000 		.4byte	.LFE5-.LFB5
 854 0028 84000000 		.4byte	.LFB7
 855 002c D0000000 		.4byte	.LFE7-.LFB7
 856 0030 00000000 		.4byte	0
 857 0034 00000000 		.4byte	0
 858              		.section	.debug_ranges,"",%progbits
 859              	.Ldebug_ranges0:
 860 0000 00000000 		.4byte	.LFB4
 861 0004 84000000 		.4byte	.LFE4
 862 0008 00000000 		.4byte	.LFB6
 863 000c 38000000 		.4byte	.LFE6
 864 0010 00000000 		.4byte	.LFB5
 865 0014 44000000 		.4byte	.LFE5
 866 0018 84000000 		.4byte	.LFB7
 867 001c 54010000 		.4byte	.LFE7
 868 0020 00000000 		.4byte	0
 869 0024 00000000 		.4byte	0
 870              		.section	.debug_line,"",%progbits
 871              	.Ldebug_line0:
 872 0000 D4000000 		.section	.debug_str,"MS",%progbits,1
 872      02006100 
 872      00000201 
 872      FB0E0D00 
 872      01010101 
 873              	.LASF16:
 874 0000 72656733 		.ascii	"reg32\000"
 874      3200
 875              	.LASF18:
 876 0006 416E616C 		.ascii	"AnalogSetDefault\000"
 876      6F675365 
 876      74446566 
 876      61756C74 
 876      00
 877              	.LASF24:
 878 0017 43795379 		.ascii	"CySysClkSetTimerSource\000"
 878      73436C6B 
 878      53657454 
 878      696D6572 
 878      536F7572 
 879              	.LASF22:
 880 002e 4379496E 		.ascii	"CyIntSetVector\000"
 880      74536574 
 880      56656374 
 880      6F7200
 881              	.LASF27:
 882 003d 5C5C4D61 		.ascii	"\\\\Mac\\Home\\Documents\\PSoC Creator\\touch-panel"
 882      635C486F 
 882      6D655C44 
 882      6F63756D 
 882      656E7473 
 883 006a 5C434330 		.ascii	"\\CC03\\CC03_CSX\\wk1.cydsn\000"
 883      335C4343 
ARM GAS  C:\Users\YUANFA~1\AppData\Local\Temp\cc2qVuBs.s 			page 23


 883      30335F43 
 883      53585C77 
 883      6B312E63 
 884              	.LASF17:
 885 0083 436C6F63 		.ascii	"ClockSetup\000"
 885      6B536574 
 885      757000
 886              	.LASF6:
 887 008e 73686F72 		.ascii	"short unsigned int\000"
 887      7420756E 
 887      7369676E 
 887      65642069 
 887      6E7400
 888              	.LASF14:
 889 00a1 666C6F61 		.ascii	"float\000"
 889      7400
 890              	.LASF4:
 891 00a7 756E7369 		.ascii	"unsigned char\000"
 891      676E6564 
 891      20636861 
 891      7200
 892              	.LASF8:
 893 00b5 6C6F6E67 		.ascii	"long unsigned int\000"
 893      20756E73 
 893      69676E65 
 893      6420696E 
 893      7400
 894              	.LASF12:
 895 00c7 75696E74 		.ascii	"uint8\000"
 895      3800
 896              	.LASF20:
 897 00cd 63796669 		.ascii	"cyfitter_cfg\000"
 897      74746572 
 897      5F636667 
 897      00
 898              	.LASF19:
 899 00da 53657441 		.ascii	"SetAnalogRoutingPumps\000"
 899      6E616C6F 
 899      67526F75 
 899      74696E67 
 899      50756D70 
 900              	.LASF15:
 901 00f0 646F7562 		.ascii	"double\000"
 901      6C6500
 902              	.LASF23:
 903 00f7 4379496E 		.ascii	"CyIntEnable\000"
 903      74456E61 
 903      626C6500 
 904              	.LASF13:
 905 0103 75696E74 		.ascii	"uint32\000"
 905      333200
 906              	.LASF0:
 907 010a 756E7369 		.ascii	"unsigned int\000"
 907      676E6564 
 907      20696E74 
 907      00
 908              	.LASF9:
ARM GAS  C:\Users\YUANFA~1\AppData\Local\Temp\cc2qVuBs.s 			page 24


 909 0117 6C6F6E67 		.ascii	"long long unsigned int\000"
 909      206C6F6E 
 909      6720756E 
 909      7369676E 
 909      65642069 
 910              	.LASF10:
 911 012e 73697A65 		.ascii	"sizetype\000"
 911      74797065 
 911      00
 912              	.LASF1:
 913 0137 6C6F6E67 		.ascii	"long long int\000"
 913      206C6F6E 
 913      6720696E 
 913      7400
 914              	.LASF11:
 915 0145 63686172 		.ascii	"char\000"
 915      00
 916              	.LASF28:
 917 014a 656E6162 		.ascii	"enabled\000"
 917      6C656400 
 918              	.LASF5:
 919 0152 73686F72 		.ascii	"short int\000"
 919      7420696E 
 919      7400
 920              	.LASF21:
 921 015c 43795379 		.ascii	"CySysClkWriteImoFreq\000"
 921      73436C6B 
 921      57726974 
 921      65496D6F 
 921      46726571 
 922              	.LASF7:
 923 0171 6C6F6E67 		.ascii	"long int\000"
 923      20696E74 
 923      00
 924              	.LASF2:
 925 017a 6C6F6E67 		.ascii	"long double\000"
 925      20646F75 
 925      626C6500 
 926              	.LASF25:
 927 0186 474E5520 		.ascii	"GNU C11 5.4.1 20160609 (release) [ARM/embedded-5-br"
 927      43313120 
 927      352E342E 
 927      31203230 
 927      31363036 
 928 01b9 616E6368 		.ascii	"anch revision 237715] -mcpu=cortex-m0plus -mthumb -"
 928      20726576 
 928      6973696F 
 928      6E203233 
 928      37373135 
 929 01ec 67202D4F 		.ascii	"g -Og -ffunction-sections -ffat-lto-objects\000"
 929      67202D66 
 929      66756E63 
 929      74696F6E 
 929      2D736563 
 930              	.LASF3:
 931 0218 7369676E 		.ascii	"signed char\000"
 931      65642063 
ARM GAS  C:\Users\YUANFA~1\AppData\Local\Temp\cc2qVuBs.s 			page 25


 931      68617200 
 932              	.LASF26:
 933 0224 47656E65 		.ascii	"Generated_Source\\PSoC4\\cyfitter_cfg.c\000"
 933      72617465 
 933      645F536F 
 933      75726365 
 933      5C50536F 
 934              	.LASF29:
 935 024a 72656756 		.ascii	"regValue\000"
 935      616C7565 
 935      00
 936              		.ident	"GCC: (GNU Tools for ARM Embedded Processors) 5.4.1 20160609 (release) [ARM/embedded-5-bran
