Archive member included to satisfy reference by file (symbol)

.\CortexM0p\ARM_GCC_541\Debug\wk1.a(CapSense_Control.o)
                              .\CortexM0p\ARM_GCC_541\Debug\main.o (CapSense_Start)
.\CortexM0p\ARM_GCC_541\Debug\wk1.a(CapSense_Processing.o)
                              .\CortexM0p\ARM_GCC_541\Debug\wk1.a(CapSense_Control.o) (CapSense_DpInitialize)
.\CortexM0p\ARM_GCC_541\Debug\wk1.a(CapSense_Structure.o)
                              .\CortexM0p\ARM_GCC_541\Debug\wk1.a(CapSense_Control.o) (CapSense_DsInitialize)
.\CortexM0p\ARM_GCC_541\Debug\wk1.a(CapSense_Tuner.o)
                              .\CortexM0p\ARM_GCC_541\Debug\wk1.a(CapSense_Control.o) (CapSense_TuInitialize)
.\CortexM0p\ARM_GCC_541\Debug\wk1.a(CapSense_Filter.o)
                              .\CortexM0p\ARM_GCC_541\Debug\wk1.a(CapSense_Control.o) (CapSense_FtInitialize)
.\CortexM0p\ARM_GCC_541\Debug\wk1.a(CapSense_Sensing.o)
                              .\CortexM0p\ARM_GCC_541\Debug\wk1.a(CapSense_Control.o) (CapSense_IsBusy)
.\CortexM0p\ARM_GCC_541\Debug\wk1.a(CapSense_SensingCSX_LL.o)
                              .\CortexM0p\ARM_GCC_541\Debug\wk1.a(CapSense_Sensing.o) (CapSense_CSXInitialize)
.\CortexM0p\ARM_GCC_541\Debug\wk1.a(CapSense_Centroid_LL.o)
                              .\CortexM0p\ARM_GCC_541\Debug\wk1.a(CapSense_Processing.o) (CapSense_DpFindLocalMaxDd)
.\CortexM0p\ARM_GCC_541\Debug\wk1.a(CapSense_SelfTest.o)
                              .\CortexM0p\ARM_GCC_541\Debug\wk1.a(CapSense_Sensing.o) (CapSense_BistDisableMode)
.\CortexM0p\ARM_GCC_541\Debug\wk1.a(UART.o)
                              .\CortexM0p\ARM_GCC_541\Debug\main.o (UART_Start)
.\CortexM0p\ARM_GCC_541\Debug\wk1.a(UART_UART.o)
                              .\CortexM0p\ARM_GCC_541\Debug\wk1.a(UART.o) (UART_UartInit)
.\CortexM0p\ARM_GCC_541\Debug\wk1.a(CapSense_ISR.o)
                              .\CortexM0p\ARM_GCC_541\Debug\wk1.a(CapSense_Sensing.o) (CapSense_ISR_StartEx)
.\CortexM0p\ARM_GCC_541\Debug\wk1.a(CyLib.o)
                              .\CortexM0p\ARM_GCC_541\Debug\cyfitter_cfg.o (CyIntEnable)
.\CortexM0p\ARM_GCC_541\Debug\wk1.a(CyLFClk.o)
                              .\CortexM0p\ARM_GCC_541\Debug\wk1.a(CyLib.o) (CySysClkWcoEnabled)
.\CortexM0p\ARM_GCC_541\Debug\wk1.a(CyBootAsmGnu.o)
                              .\CortexM0p\ARM_GCC_541\Debug\wk1.a(CapSense_SelfTest.o) (CyDelayCycles)
.\CortexM0p\ARM_GCC_541\Debug\wk1.a(UART_SPI_UART.o)
                              .\CortexM0p\ARM_GCC_541\Debug\wk1.a(UART_UART.o) (UART_SpiUartReadRxData)
.\CortexM0p\ARM_GCC_541\Debug\wk1.a(CyFlash.o)
                              .\CortexM0p\ARM_GCC_541\Debug\wk1.a(CyLib.o) (CySysFlashSetWaitCycles)
c:/program files (x86)/cypress/psoc creator/4.4/psoc creator/import/gnu/arm/5.4.1/bin/../lib/gcc/arm-none-eabi/5.4.1/armv6-m\libgcc.a(_udivsi3.o)
                              .\CortexM0p\ARM_GCC_541\Debug\wk1.a(CapSense_Sensing.o) (__aeabi_uidiv)
c:/program files (x86)/cypress/psoc creator/4.4/psoc creator/import/gnu/arm/5.4.1/bin/../lib/gcc/arm-none-eabi/5.4.1/armv6-m\libgcc.a(_divsi3.o)
                              .\CortexM0p\ARM_GCC_541\Debug\wk1.a(CapSense_Centroid_LL.o) (__aeabi_idiv)
c:/program files (x86)/cypress/psoc creator/4.4/psoc creator/import/gnu/arm/5.4.1/bin/../lib/gcc/arm-none-eabi/5.4.1/armv6-m\libgcc.a(_dvmd_tls.o)
                              c:/program files (x86)/cypress/psoc creator/4.4/psoc creator/import/gnu/arm/5.4.1/bin/../lib/gcc/arm-none-eabi/5.4.1/armv6-m\libgcc.a(_udivsi3.o) (__aeabi_idiv0)
c:/program files (x86)/cypress/psoc creator/4.4/psoc creator/import/gnu/arm/5.4.1/bin/../lib/gcc/arm-none-eabi/5.4.1/armv6-m\libgcc.a(_aeabi_uldivmod.o)
                              .\CortexM0p\ARM_GCC_541\Debug\wk1.a(CapSense_SelfTest.o) (__aeabi_uldivmod)
c:/program files (x86)/cypress/psoc creator/4.4/psoc creator/import/gnu/arm/5.4.1/bin/../lib/gcc/arm-none-eabi/5.4.1/armv6-m\libgcc.a(_muldi3.o)
                              .\CortexM0p\ARM_GCC_541\Debug\wk1.a(CapSense_SelfTest.o) (__aeabi_lmul)
c:/program files (x86)/cypress/psoc creator/4.4/psoc creator/import/gnu/arm/5.4.1/bin/../lib/gcc/arm-none-eabi/5.4.1/armv6-m\libgcc.a(_udivmoddi4.o)
                              c:/program files (x86)/cypress/psoc creator/4.4/psoc creator/import/gnu/arm/5.4.1/bin/../lib/gcc/arm-none-eabi/5.4.1/armv6-m\libgcc.a(_aeabi_uldivmod.o) (__udivmoddi4)
c:/program files (x86)/cypress/psoc creator/4.4/psoc creator/import/gnu/arm/5.4.1/bin/../lib/gcc/arm-none-eabi/5.4.1/armv6-m\libgcc.a(_clzdi2.o)
                              c:/program files (x86)/cypress/psoc creator/4.4/psoc creator/import/gnu/arm/5.4.1/bin/../lib/gcc/arm-none-eabi/5.4.1/armv6-m\libgcc.a(_udivmoddi4.o) (__clzdi2)
c:/program files (x86)/cypress/psoc creator/4.4/psoc creator/import/gnu/arm/5.4.1/bin/../lib/gcc/arm-none-eabi/5.4.1/armv6-m\libgcc.a(_clzsi2.o)
[...]
Memory Configuration

Name             Origin             Length             Attributes
rom              0x00000000         0x00020000         xr
ram              0x20000000         0x00004000         xrw
*default*        0x00000000         0xffffffff

Linker script and memory map

LOAD c:/program files (x86)/cypress/psoc creator/4.4/psoc creator/import/gnu/arm/5.4.1/bin/../lib/gcc/arm-none-eabi/5.4.1/armv6-m/crti.o
LOAD c:/program files (x86)/cypress/psoc creator/4.4/psoc creator/import/gnu/arm/5.4.1/bin/../lib/gcc/arm-none-eabi/5.4.1/armv6-m/crtbegin.o
LOAD c:/program files (x86)/cypress/psoc creator/4.4/psoc creator/import/gnu/arm/5.4.1/bin/../lib/gcc/arm-none-eabi/5.4.1/../../../../arm-none-eabi/lib/armv6-m/crt0.o
START GROUP
LOAD .\CortexM0p\ARM_GCC_541\Debug\main.o
LOAD .\CortexM0p\ARM_GCC_541\Debug\cyfitter_cfg.o
LOAD .\CortexM0p\ARM_GCC_541\Debug\cymetadata.o
LOAD .\CortexM0p\ARM_GCC_541\Debug\Cm0plusStart.o
LOAD .\CortexM0p\ARM_GCC_541\Debug\wk1.a
LOAD C:\Program Files (x86)\Cypress\PSoC Creator\4.4\PSoC Creator\psoc\content\CyComponentLibrary\CyComponentLibrary.cylib\CapSense_P4_v7_0\PSoC4\Library\Capsense_P4Library_GCCp.a
END GROUP
START GROUP
LOAD c:/program files (x86)/cypress/psoc creator/4.4/psoc creator/import/gnu/arm/5.4.1/bin/../lib/gcc/arm-none-eabi/5.4.1/armv6-m\libgcc.a
LOAD c:/program files (x86)/cypress/psoc creator/4.4/psoc creator/import/gnu/arm/5.4.1/bin/../lib/gcc/arm-none-eabi/5.4.1/../../../../arm-none-eabi/lib/armv6-m\libg_nano.a
LOAD c:/program files (x86)/cypress/psoc creator/4.4/psoc creator/import/gnu/arm/5.4.1/bin/../lib/gcc/arm-none-eabi/5.4.1/../../../../arm-none-eabi/lib/armv6-m\libc_nano.a
END GROUP
START GROUP
LOAD c:/program files (x86)/cypress/psoc creator/4.4/psoc creator/import/gnu/arm/5.4.1/bin/../lib/gcc/arm-none-eabi/5.4.1/armv6-m\libgcc.a
LOAD c:/program files (x86)/cypress/psoc creator/4.4/psoc creator/import/gnu/arm/5.4.1/bin/../lib/gcc/arm-none-eabi/5.4.1/../../../../arm-none-eabi/lib/armv6-m\libc_nano.a
END GROUP
LOAD c:/program files (x86)/cypress/psoc creator/4.4/psoc creator/import/gnu/arm/5.4.1/bin/../lib/gcc/arm-none-eabi/5.4.1/armv6-m/crtend.o
LOAD c:/program files (x86)/cypress/psoc creator/4.4/psoc creator/import/gnu/arm/5.4.1/bin/../lib/gcc/arm-none-eabi/5.4.1/armv6-m/crtn.o
START GROUP
LOAD c:/program files (x86)/cypress/psoc creator/4.4/psoc creator/import/gnu/arm/5.4.1/bin/../lib/gcc/arm-none-eabi/5.4.1/armv6-m\libgcc.a
LOAD c:/program files (x86)/cypress/psoc creator/4.4/psoc creator/import/gnu/arm/5.4.1/bin/../lib/gcc/arm-none-eabi/5.4.1/../../../../arm-none-eabi/lib/armv6-m\libc.a
LOAD c:/program files (x86)/cypress/psoc creator/4.4/psoc creator/import/gnu/arm/5.4.1/bin/../lib/gcc/arm-none-eabi/5.4.1/../../../../arm-none-eabi/lib/armv6-m\libnosys.a
END GROUP
                0x00000000                CY_APPL_ORIGIN = 0x0
                0x00000100                CY_FLASH_ROW_SIZE = 0x100
                0x00000001                CY_APPL_NUM = 0x1
                0x00000001                CY_APPL_MAX = 0x1
                0x00000040                CY_METADATA_SIZE = 0x40
                0x00000000                CY_APPL_LOADABLE = 0x0
                0x00000000                CY_CHECKSUM_EXCLUDE_SIZE = ALIGN (0x0, CY_FLASH_ROW_SIZE)
                0x00000000                CY_APP_FOR_STACK_AND_COPIER = 0x0
                [!provide]                PROVIDE (__cy_heap_start, _end)
                0x00000001                PROVIDE (__cy_region_num, ((__cy_regions_end - __cy_regions) / 0x10))
                0x20004000                PROVIDE (__cy_stack, (ORIGIN (ram) + LENGTH (ram)))
                [!provide]                PROVIDE (__cy_heap_end, (__cy_stack - 0x800))

.cybootloader   0x00000000        0x0
 *(.cybootloader)
                0x00000000                appl1_start = CY_APPL_ORIGIN?CY_APPL_ORIGIN:ALIGN (CY_FLASH_ROW_SIZE)
                0x0000ff00                appl2_start = (appl1_start + ALIGN ((((LENGTH (rom) - appl1_start) - (0x2 * CY_FLASH_ROW_SIZE)) / 0x2), CY_FLASH_ROW_SIZE))
                0x00000000                appl_start = (CY_APPL_NUM == 0x1)?appl1_start:appl2_start
                0x00000001                cy_project_type_bootloader = (appl_start == 0x0)?0x1:0x0
                0x00000000                cy_project_type_app_for_stack_and_copier = (CY_APP_FOR_STACK_AND_COPIER == 0x1)?0x1:0x0

.text           0x00000000     0x40a2
 CREATE_OBJECT_SYMBOLS
                0x00000000                PROVIDE (__cy_interrupt_vector, RomVectors)
 *(.romvectors)
 .romvectors    0x00000000       0x10 .\CortexM0p\ARM_GCC_541\Debug\Cm0plusStart.o
                0x00000000                RomVectors
                0x00000001                ASSERT ((. != __cy_interrupt_vector), No interrupt vector)
                0x00000001                ASSERT (CY_APPL_ORIGIN?(SIZEOF (.cybootloader) <= CY_APPL_ORIGIN):0x1, Wrong image location)
                0x00000010                PROVIDE (__cy_reset, Reset)
 *(.text.Reset)
 .text.Reset    0x00000010        0xc .\CortexM0p\ARM_GCC_541\Debug\Cm0plusStart.o
                0x00000010                Reset
                0x00000001                ASSERT ((. != __cy_reset), No reset code)
 *(.psocinit)
 .psocinit      0x0000001c      0x154 .\CortexM0p\ARM_GCC_541\Debug\cyfitter_cfg.o
                0x000000a0                cyfitter_cfg
                0x00000170                . = MAX (., 0x100)
 *(.text .text.* .gnu.linkonce.t.*)
 .text          0x00000170       0x60 c:/program files (x86)/cypress/psoc creator/4.4/psoc creator/import/gnu/arm/5.4.1/bin/../lib/gcc/arm-none-eabi/5.4.1/armv6-m/crtbegin.o
 .text.print    0x000001d0       0x14 .\CortexM0p\ARM_GCC_541\Debug\main.o
                0x000001d0                print
 .text.getCapacitanceValueCSD
                0x000001e4       0x30 .\CortexM0p\ARM_GCC_541\Debug\main.o
                0x000001e4                getCapacitanceValueCSD
 .text.getCapacitanceValueCSDDam
                0x00000214       0x10 .\CortexM0p\ARM_GCC_541\Debug\main.o
                0x00000214                getCapacitanceValueCSDDam
 .text.PrintAll
                0x00000224      0x130 .\CortexM0p\ARM_GCC_541\Debug\main.o
                0x00000224                PrintAll
 .text.main     0x00000354       0x2c .\CortexM0p\ARM_GCC_541\Debug\main.o
                0x00000354                main
 .text.SetAnalogRoutingPumps
                0x00000380       0x38 .\CortexM0p\ARM_GCC_541\Debug\cyfitter_cfg.o
                0x00000380                SetAnalogRoutingPumps
 .text.AnalogSetDefault
                0x000003b8       0x44 .\CortexM0p\ARM_GCC_541\Debug\cyfitter_cfg.o
 .text.IntDefaultHandler
                0x000003fc       0x10 .\CortexM0p\ARM_GCC_541\Debug\Cm0plusStart.o
                0x000003fc                IntDefaultHandler
 .text._sbrk    0x0000040c       0x30 .\CortexM0p\ARM_GCC_541\Debug\Cm0plusStart.o
                0x0000040c                _sbrk
 .text.Start_c  0x0000043c       0x48 .\CortexM0p\ARM_GCC_541\Debug\Cm0plusStart.o
                0x0000043c                Start_c
 .text.initialize_psoc
                0x00000484       0x40 .\CortexM0p\ARM_GCC_541\Debug\Cm0plusStart.o
                0x00000484                initialize_psoc
 .text.CapSense_Initialize
                0x000004c4       0x28 .\CortexM0p\ARM_GCC_541\Debug\wk1.a(CapSense_Control.o)
                0x000004c4                CapSense_Initialize
 .text.CapSense_Start
                0x000004ec       0x48 .\CortexM0p\ARM_GCC_541\Debug\wk1.a(CapSense_Control.o)
                0x000004ec                CapSense_Start
 .text.CapSense_ProcessAllWidgets
                0x00000534       0x5c .\CortexM0p\ARM_GCC_541\Debug\wk1.a(CapSense_Control.o)
                0x00000534                CapSense_ProcessAllWidgets
 .text.CapSense_DpInitialize
                0x00000590       0x64 .\CortexM0p\ARM_GCC_541\Debug\wk1.a(CapSense_Processing.o)
                0x00000590                CapSense_DpInitialize
 .text.CapSense_DpUpdateDifferences
                0x000005f4       0x18 .\CortexM0p\ARM_GCC_541\Debug\wk1.a(CapSense_Processing.o)
                0x000005f4                CapSense_DpUpdateDifferences
 .text.CapSense_DpProcessCsxWidgetRawCounts
                0x0000060c       0x40 .\CortexM0p\ARM_GCC_541\Debug\wk1.a(CapSense_Processing.o)
                0x0000060c                CapSense_DpProcessCsxWidgetRawCounts
 .text.CapSense_DpProcessCsxTouchpad
                0x0000064c       0x20 .\CortexM0p\ARM_GCC_541\Debug\wk1.a(CapSense_Processing.o)
                0x0000064c                CapSense_DpProcessCsxTouchpad
 .text.CapSense_DpProcessCsxWidgetStatus
                0x0000066c       0x54 .\CortexM0p\ARM_GCC_541\Debug\wk1.a(CapSense_Processing.o)
                0x0000066c                CapSense_DpProcessCsxWidgetStatus
 .text.CapSense_DsInitialize
                0x000006c0      0x118 .\CortexM0p\ARM_GCC_541\Debug\wk1.a(CapSense_Structure.o)
                0x000006c0                CapSense_DsInitialize
 .text.CapSense_TuInitialize
                0x000007d8       0x14 .\CortexM0p\ARM_GCC_541\Debug\wk1.a(CapSense_Tuner.o)
                0x000007d8                CapSense_TuInitialize
 .text.CapSense_FtInitialize
                0x000007ec        0x4 .\CortexM0p\ARM_GCC_541\Debug\wk1.a(CapSense_Filter.o)
                0x000007ec                CapSense_FtInitialize
 .text.CapSense_FtInitializeBaselineChannel
                0x000007f0       0x24 .\CortexM0p\ARM_GCC_541\Debug\wk1.a(CapSense_Filter.o)
                0x000007f0                CapSense_FtInitializeBaselineChannel
 .text.CapSense_FtInitializeBaseline
                0x00000814       0x20 .\CortexM0p\ARM_GCC_541\Debug\wk1.a(CapSense_Filter.o)
                0x00000814                CapSense_FtInitializeBaseline
 .text.CapSense_InitializeSensorBaseline
                0x00000834       0x2c .\CortexM0p\ARM_GCC_541\Debug\wk1.a(CapSense_Filter.o)
                0x00000834                CapSense_InitializeSensorBaseline
 .text.CapSense_InitializeWidgetBaseline
                0x00000860       0x28 .\CortexM0p\ARM_GCC_541\Debug\wk1.a(CapSense_Filter.o)
                0x00000860                CapSense_InitializeWidgetBaseline
 .text.CapSense_InitializeAllBaselines
                0x00000888       0x18 .\CortexM0p\ARM_GCC_541\Debug\wk1.a(CapSense_Filter.o)
                0x00000888                CapSense_InitializeAllBaselines
 .text.CapSense_FtIIR1stOrder
                0x000008a0       0x14 .\CortexM0p\ARM_GCC_541\Debug\wk1.a(CapSense_Filter.o)
                0x000008a0                CapSense_FtIIR1stOrder
 .text.CapSense_FtUpdateBaseline
                0x000008b4       0xb4 .\CortexM0p\ARM_GCC_541\Debug\wk1.a(CapSense_Filter.o)
                0x000008b4                CapSense_FtUpdateBaseline
 .text.CapSense_SsCalcLfsrSize
                0x00000968       0x84 .\CortexM0p\ARM_GCC_541\Debug\wk1.a(CapSense_Sensing.o)
 .text.CapSense_SsCalcLfsrScale
                0x000009ec       0x44 .\CortexM0p\ARM_GCC_541\Debug\wk1.a(CapSense_Sensing.o)
 .text.CapSense_SsSetWidgetTxClkSrc
                0x00000a30       0x28 .\CortexM0p\ARM_GCC_541\Debug\wk1.a(CapSense_Sensing.o)
 .text.CapSense_IsBusy
                0x00000a58       0x10 .\CortexM0p\ARM_GCC_541\Debug\wk1.a(CapSense_Sensing.o)
                0x00000a58                CapSense_IsBusy
 .text.CapSense_SetupWidget
                0x00000a68       0x4c .\CortexM0p\ARM_GCC_541\Debug\wk1.a(CapSense_Sensing.o)
                0x00000a68                CapSense_SetupWidget
 .text.CapSense_Scan
                0x00000ab4       0x2c .\CortexM0p\ARM_GCC_541\Debug\wk1.a(CapSense_Sensing.o)
                0x00000ab4                CapSense_Scan
 .text.CapSense_ScanAllWidgets
                0x00000ae0       0x3c .\CortexM0p\ARM_GCC_541\Debug\wk1.a(CapSense_Sensing.o)
                0x00000ae0                CapSense_ScanAllWidgets
 .text.CapSense_SsSetAllIOsState
                0x00000b1c       0x80 .\CortexM0p\ARM_GCC_541\Debug\wk1.a(CapSense_Sensing.o)
                0x00000b1c                CapSense_SsSetAllIOsState
 .text.CapSense_SsPostAllWidgetsScan
                0x00000b9c        0x4 .\CortexM0p\ARM_GCC_541\Debug\wk1.a(CapSense_Sensing.o)
                0x00000b9c                CapSense_SsPostAllWidgetsScan
 .text.CapSense_SsIsrInitialize
                0x00000ba0        0x8 .\CortexM0p\ARM_GCC_541\Debug\wk1.a(CapSense_Sensing.o)
                0x00000ba0                CapSense_SsIsrInitialize
 .text.CapSense_SsSetModClkClockDivider
                0x00000ba8       0x30 .\CortexM0p\ARM_GCC_541\Debug\wk1.a(CapSense_Sensing.o)
                0x00000ba8                CapSense_SsSetModClkClockDivider
 .text.CapSense_CalibrateWidget
                0x00000bd8       0x3c .\CortexM0p\ARM_GCC_541\Debug\wk1.a(CapSense_Sensing.o)
                0x00000bd8                CapSense_CalibrateWidget
 .text.CapSense_CalibrateAllWidgets
                0x00000c14       0x1c .\CortexM0p\ARM_GCC_541\Debug\wk1.a(CapSense_Sensing.o)
                0x00000c14                CapSense_CalibrateAllWidgets
 .text.CapSense_SsInitializeSourceSenseClk
                0x00000c30       0x2c .\CortexM0p\ARM_GCC_541\Debug\wk1.a(CapSense_Sensing.o)
                0x00000c30                CapSense_SsInitializeSourceSenseClk
 .text.CapSense_DischargeExtCapacitors
                0x00000c5c       0xd4 .\CortexM0p\ARM_GCC_541\Debug\wk1.a(CapSense_Sensing.o)
                0x00000c5c                CapSense_DischargeExtCapacitors
 .text.CapSense_WriteBitsSafe
                0x00000d30       0x1c .\CortexM0p\ARM_GCC_541\Debug\wk1.a(CapSense_Sensing.o)
                0x00000d30                CapSense_WriteBitsSafe
 .text.CapSense_SsDisableCSXMode
                0x00000d4c       0x28 .\CortexM0p\ARM_GCC_541\Debug\wk1.a(CapSense_Sensing.o)
 .text.CapSense_SsSwitchSensingMode
                0x00000d74       0x5c .\CortexM0p\ARM_GCC_541\Debug\wk1.a(CapSense_Sensing.o)
                0x00000d74                CapSense_SsSwitchSensingMode
 .text.CapSense_SsInitialize
                0x00000dd0       0x28 .\CortexM0p\ARM_GCC_541\Debug\wk1.a(CapSense_Sensing.o)
                0x00000dd0                CapSense_SsInitialize
 .text.CapSense_SsCSXCalibrateCheck
                0x00000df8       0x94 .\CortexM0p\ARM_GCC_541\Debug\wk1.a(CapSense_SensingCSX_LL.o)
 .text.CapSense_SsCalcCsxScanPeriod
                0x00000e8c        0xc .\CortexM0p\ARM_GCC_541\Debug\wk1.a(CapSense_SensingCSX_LL.o)
 .text.CapSense_SsCSXStartSample
                0x00000e98      0x154 .\CortexM0p\ARM_GCC_541\Debug\wk1.a(CapSense_SensingCSX_LL.o)
 .text.CapSense_CSXScanISR
                0x00000fec       0x90 .\CortexM0p\ARM_GCC_541\Debug\wk1.a(CapSense_SensingCSX_LL.o)
                0x00000fec                CapSense_CSXScanISR
 .text.CapSense_CSXInitialize
                0x0000107c      0x1f8 .\CortexM0p\ARM_GCC_541\Debug\wk1.a(CapSense_SensingCSX_LL.o)
                0x0000107c                CapSense_CSXInitialize
 .text.CapSense_CSXCalibrateWidget
                0x00001274      0x130 .\CortexM0p\ARM_GCC_541\Debug\wk1.a(CapSense_SensingCSX_LL.o)
                0x00001274                CapSense_CSXCalibrateWidget
 .text.CapSense_CSXConnectTx
                0x000013a4       0x28 .\CortexM0p\ARM_GCC_541\Debug\wk1.a(CapSense_SensingCSX_LL.o)
                0x000013a4                CapSense_CSXConnectTx
 .text.CapSense_CSXConnectRx
                0x000013cc       0x24 .\CortexM0p\ARM_GCC_541\Debug\wk1.a(CapSense_SensingCSX_LL.o)
                0x000013cc                CapSense_CSXConnectRx
 .text.CapSense_CSXScan
                0x000013f0       0x8c .\CortexM0p\ARM_GCC_541\Debug\wk1.a(CapSense_SensingCSX_LL.o)
                0x000013f0                CapSense_CSXScan
 .text.CapSense_CSXDisconnectTx
                0x0000147c       0x48 .\CortexM0p\ARM_GCC_541\Debug\wk1.a(CapSense_SensingCSX_LL.o)
                0x0000147c                CapSense_CSXDisconnectTx
 .text.CapSense_CSXDisconnectRx
                0x000014c4       0x50 .\CortexM0p\ARM_GCC_541\Debug\wk1.a(CapSense_SensingCSX_LL.o)
                0x000014c4                CapSense_CSXDisconnectRx
 .text.CapSense_SsCSXPostMultiScan
                0x00001514       0xd8 .\CortexM0p\ARM_GCC_541\Debug\wk1.a(CapSense_SensingCSX_LL.o)
 .text.CapSense_CSXElectrodeCheck
                0x000015ec       0x24 .\CortexM0p\ARM_GCC_541\Debug\wk1.a(CapSense_SensingCSX_LL.o)
                0x000015ec                CapSense_CSXElectrodeCheck
 .text.CapSense_CSXSetupWidget
                0x00001610       0x70 .\CortexM0p\ARM_GCC_541\Debug\wk1.a(CapSense_SensingCSX_LL.o)
                0x00001610                CapSense_CSXSetupWidget
 .text.CapSense_SsCSXGetTxClkDivider
                0x00001680       0x14 .\CortexM0p\ARM_GCC_541\Debug\wk1.a(CapSense_SensingCSX_LL.o)
                0x00001680                CapSense_SsCSXGetTxClkDivider
 .text.CapSense_TransferTouch
                0x00001694       0x4c .\CortexM0p\ARM_GCC_541\Debug\wk1.a(CapSense_Centroid_LL.o)
 .text.CapSense_NewTouch
                0x000016e0       0x70 .\CortexM0p\ARM_GCC_541\Debug\wk1.a(CapSense_Centroid_LL.o)
 .text.CapSense_CalcDistance
                0x00001750       0x38 .\CortexM0p\ARM_GCC_541\Debug\wk1.a(CapSense_Centroid_LL.o)
 .text.CapSense_FillDistanceMap
                0x00001788       0x80 .\CortexM0p\ARM_GCC_541\Debug\wk1.a(CapSense_Centroid_LL.o)
 .text.CapSense_CopyTouchRecord
                0x00001808       0x20 .\CortexM0p\ARM_GCC_541\Debug\wk1.a(CapSense_Centroid_LL.o)
 .text.CapSense_Hungarian
                0x00001828      0x1a0 .\CortexM0p\ARM_GCC_541\Debug\wk1.a(CapSense_Centroid_LL.o)
 .text.CapSense_DpFindLocalMaxDd
                0x000019c8      0x1a0 .\CortexM0p\ARM_GCC_541\Debug\wk1.a(CapSense_Centroid_LL.o)
                0x000019c8                CapSense_DpFindLocalMaxDd
 .text.CapSense_DpCalcTouchPadCentroid
                0x00001b68      0x1a4 .\CortexM0p\ARM_GCC_541\Debug\wk1.a(CapSense_Centroid_LL.o)
                0x00001b68                CapSense_DpCalcTouchPadCentroid
 .text.CapSense_DpTouchTracking
                0x00001d0c      0x34c .\CortexM0p\ARM_GCC_541\Debug\wk1.a(CapSense_Centroid_LL.o)
                0x00001d0c                CapSense_DpTouchTracking
 .text.CapSense_DpFilterTouchRecord
                0x00002058       0x6c .\CortexM0p\ARM_GCC_541\Debug\wk1.a(CapSense_Centroid_LL.o)
                0x00002058                CapSense_DpFilterTouchRecord
 .text.CapSense_DsCalculateCrc16
                0x000020c4       0x50 .\CortexM0p\ARM_GCC_541\Debug\wk1.a(CapSense_SelfTest.o)
 .text.CapSense_BistSetScanDuration
                0x00002114       0x40 .\CortexM0p\ARM_GCC_541\Debug\wk1.a(CapSense_SelfTest.o)
 .text.CapSense_BistPostSingleScan
                0x00002154       0x34 .\CortexM0p\ARM_GCC_541\Debug\wk1.a(CapSense_SelfTest.o)
                0x00002154                CapSense_BistPostSingleScan
 .text.CapSense_BistConfigClock
                0x00002188       0x10 .\CortexM0p\ARM_GCC_541\Debug\wk1.a(CapSense_SelfTest.o)
 .text.CapSense_BistSetIdac
                0x00002198       0x18 .\CortexM0p\ARM_GCC_541\Debug\wk1.a(CapSense_SelfTest.o)
 .text.CapSense_BistCmodPrecharge
                0x000021b0       0xa8 .\CortexM0p\ARM_GCC_541\Debug\wk1.a(CapSense_SelfTest.o)
 .text.CapSense_WaitEndOfScan
                0x00002258       0x28 .\CortexM0p\ARM_GCC_541\Debug\wk1.a(CapSense_SelfTest.o)
 .text.CapSense_BistSetIdacGain
                0x00002280       0x20 .\CortexM0p\ARM_GCC_541\Debug\wk1.a(CapSense_SelfTest.o)
 .text.CapSense_IscToBistIOConfig
                0x000022a0       0x28 .\CortexM0p\ARM_GCC_541\Debug\wk1.a(CapSense_SelfTest.o)
 .text.CapSense_BistDisableHwSnsShort
                0x000022c8       0x48 .\CortexM0p\ARM_GCC_541\Debug\wk1.a(CapSense_SelfTest.o)
 .text.CapSense_BistDisableHwSnsCap
                0x00002310       0x34 .\CortexM0p\ARM_GCC_541\Debug\wk1.a(CapSense_SelfTest.o)
 .text.CapSense_BistEnableHwSnsShort
                0x00002344       0x40 .\CortexM0p\ARM_GCC_541\Debug\wk1.a(CapSense_SelfTest.o)
 .text.CapSense_SetSnsPc
                0x00002384       0x24 .\CortexM0p\ARM_GCC_541\Debug\wk1.a(CapSense_SelfTest.o)
 .text.CapSense_SetAllSnsPcState
                0x000023a8       0x20 .\CortexM0p\ARM_GCC_541\Debug\wk1.a(CapSense_SelfTest.o)
 .text.CapSense_SetSnsHsiom
                0x000023c8       0x20 .\CortexM0p\ARM_GCC_541\Debug\wk1.a(CapSense_SelfTest.o)
 .text.CapSense_SetAllSnsHsiomState
                0x000023e8       0x20 .\CortexM0p\ARM_GCC_541\Debug\wk1.a(CapSense_SelfTest.o)
 .text.CapSense_SwitchAllIOState
                0x00002408       0x4c .\CortexM0p\ARM_GCC_541\Debug\wk1.a(CapSense_SelfTest.o)
 .text.CapSense_BistConnectSensor
                0x00002454       0x60 .\CortexM0p\ARM_GCC_541\Debug\wk1.a(CapSense_SelfTest.o)
 .text.CapSense_BistSetInactiveSensorConnection
                0x000024b4       0x94 .\CortexM0p\ARM_GCC_541\Debug\wk1.a(CapSense_SelfTest.o)
 .text.CapSense_SetSnsDr
                0x00002548       0x20 .\CortexM0p\ARM_GCC_541\Debug\wk1.a(CapSense_SelfTest.o)
 .text.CapSense_SetAllSnsDrState
                0x00002568       0x20 .\CortexM0p\ARM_GCC_541\Debug\wk1.a(CapSense_SelfTest.o)
 .text.CapSense_BistEnableVddaMeasurement
                0x00002588      0x120 .\CortexM0p\ARM_GCC_541\Debug\wk1.a(CapSense_SelfTest.o)
 .text.CapSense_BistEnableHwSnsCap
                0x000026a8      0x1d4 .\CortexM0p\ARM_GCC_541\Debug\wk1.a(CapSense_SelfTest.o)
 .text.CapSense_BistSwitchHwConfig
                0x0000287c       0x58 .\CortexM0p\ARM_GCC_541\Debug\wk1.a(CapSense_SelfTest.o)
 .text.CapSense_BistTriggerScan
                0x000028d4       0xe0 .\CortexM0p\ARM_GCC_541\Debug\wk1.a(CapSense_SelfTest.o)
 .text.CapSense_BistStartSample
                0x000029b4       0x34 .\CortexM0p\ARM_GCC_541\Debug\wk1.a(CapSense_SelfTest.o)
 .text.CapSense_GetCapacitanceExt
                0x000029e8      0x124 .\CortexM0p\ARM_GCC_541\Debug\wk1.a(CapSense_SelfTest.o)
 .text.CapSense_GetSensorCapacitanceExt
                0x00002b0c       0x38 .\CortexM0p\ARM_GCC_541\Debug\wk1.a(CapSense_SelfTest.o)
 .text.CapSense_BistDisableMode
                0x00002b44       0x1c .\CortexM0p\ARM_GCC_541\Debug\wk1.a(CapSense_SelfTest.o)
                0x00002b44                CapSense_BistDisableMode
 .text.CapSense_BistInitialize
                0x00002b60       0x14 .\CortexM0p\ARM_GCC_541\Debug\wk1.a(CapSense_SelfTest.o)
                0x00002b60                CapSense_BistInitialize
 .text.CapSense_DsUpdateWidgetCrc
                0x00002b74       0x24 .\CortexM0p\ARM_GCC_541\Debug\wk1.a(CapSense_SelfTest.o)
                0x00002b74                CapSense_DsUpdateWidgetCrc
 .text.CapSense_UpdateTestResultBaselineDuplication
                0x00002b98       0x44 .\CortexM0p\ARM_GCC_541\Debug\wk1.a(CapSense_SelfTest.o)
                0x00002b98                CapSense_UpdateTestResultBaselineDuplication
 .text.CapSense_GetSensorCapacitance
                0x00002bdc       0x68 .\CortexM0p\ARM_GCC_541\Debug\wk1.a(CapSense_SelfTest.o)
                0x00002bdc                CapSense_GetSensorCapacitance
 .text.UART_ScbModePostEnable
                0x00002c44        0x8 .\CortexM0p\ARM_GCC_541\Debug\wk1.a(UART.o)
 .text.UART_Init
                0x00002c4c        0x8 .\CortexM0p\ARM_GCC_541\Debug\wk1.a(UART.o)
                0x00002c4c                UART_Init
 .text.UART_Enable
                0x00002c54       0x18 .\CortexM0p\ARM_GCC_541\Debug\wk1.a(UART.o)
                0x00002c54                UART_Enable
 .text.UART_Start
                0x00002c6c       0x20 .\CortexM0p\ARM_GCC_541\Debug\wk1.a(UART.o)
                0x00002c6c                UART_Start
 .text.UART_UartInit
                0x00002c8c       0xa8 .\CortexM0p\ARM_GCC_541\Debug\wk1.a(UART_UART.o)
                0x00002c8c                UART_UartInit
 .text.UART_UartPostEnable
                0x00002d34       0x24 .\CortexM0p\ARM_GCC_541\Debug\wk1.a(UART_UART.o)
                0x00002d34                UART_UartPostEnable
 .text.UART_UartPutString
                0x00002d58       0x18 .\CortexM0p\ARM_GCC_541\Debug\wk1.a(UART_UART.o)
                0x00002d58                UART_UartPutString
 .text.CapSense_ISR_SetVector
                0x00002d70        0xc .\CortexM0p\ARM_GCC_541\Debug\wk1.a(CapSense_ISR.o)
                0x00002d70                CapSense_ISR_SetVector
 .text.CapSense_ISR_SetPriority
                0x00002d7c       0x20 .\CortexM0p\ARM_GCC_541\Debug\wk1.a(CapSense_ISR.o)
                0x00002d7c                CapSense_ISR_SetPriority
 .text.CapSense_ISR_Enable
                0x00002d9c       0x10 .\CortexM0p\ARM_GCC_541\Debug\wk1.a(CapSense_ISR.o)
                0x00002d9c                CapSense_ISR_Enable
 .text.CapSense_ISR_Disable
                0x00002dac       0x10 .\CortexM0p\ARM_GCC_541\Debug\wk1.a(CapSense_ISR.o)
                0x00002dac                CapSense_ISR_Disable
 .text.CapSense_ISR_StartEx
                0x00002dbc       0x1c .\CortexM0p\ARM_GCC_541\Debug\wk1.a(CapSense_ISR.o)
                0x00002dbc                CapSense_ISR_StartEx
 .text.CySysClkImoDisableWcoLock
                0x00002dd8       0x4c .\CortexM0p\ARM_GCC_541\Debug\wk1.a(CyLib.o)
                0x00002dd8                CySysClkImoDisableWcoLock
 .text.CySysClkImoGetWcoLock
                0x00002e24       0x14 .\CortexM0p\ARM_GCC_541\Debug\wk1.a(CyLib.o)
                0x00002e24                CySysClkImoGetWcoLock
 .text.CyIntEnable
                0x00002e38       0x14 .\CortexM0p\ARM_GCC_541\Debug\wk1.a(CyLib.o)
                0x00002e38                CyIntEnable
 .text.CyIntDisable
                0x00002e4c       0x14 .\CortexM0p\ARM_GCC_541\Debug\wk1.a(CyLib.o)
                0x00002e4c                CyIntDisable
 .text.CyIntClearPending
                0x00002e60       0x14 .\CortexM0p\ARM_GCC_541\Debug\wk1.a(CyLib.o)
                0x00002e60                CyIntClearPending
 .text.CyHalt   0x00002e74        0x4 .\CortexM0p\ARM_GCC_541\Debug\wk1.a(CyLib.o)
                0x00002e74                CyHalt
 .text.CyIntSetVector
                0x00002e78       0x24 .\CortexM0p\ARM_GCC_541\Debug\wk1.a(CyLib.o)
                0x00002e78                CyIntSetVector
 .text.CyDelay  0x00002e9c       0x30 .\CortexM0p\ARM_GCC_541\Debug\wk1.a(CyLib.o)
                0x00002e9c                CyDelay
 .text.CySysClkImoEnableWcoLock
                0x00002ecc       0xd0 .\CortexM0p\ARM_GCC_541\Debug\wk1.a(CyLib.o)
                0x00002ecc                CySysClkImoEnableWcoLock
 .text.CySysClkWriteImoFreq
                0x00002f9c       0xd8 .\CortexM0p\ARM_GCC_541\Debug\wk1.a(CyLib.o)
                0x00002f9c                CySysClkWriteImoFreq
 .text.CyDelayUs
                0x00003074       0x14 .\CortexM0p\ARM_GCC_541\Debug\wk1.a(CyLib.o)
                0x00003074                CyDelayUs
 .text.CySysClkGetTimerSource
                0x00003088       0x10 .\CortexM0p\ARM_GCC_541\Debug\wk1.a(CyLFClk.o)
 .text.CySysClkWcoEnabled
                0x00003098       0x14 .\CortexM0p\ARM_GCC_541\Debug\wk1.a(CyLFClk.o)
                0x00003098                CySysClkWcoEnabled
 .text.CySysWdtDisable
                0x000030ac       0x10 .\CortexM0p\ARM_GCC_541\Debug\wk1.a(CyLFClk.o)
                0x000030ac                CySysWdtDisable
 .text.CySysClkSetTimerSource
                0x000030bc       0x68 .\CortexM0p\ARM_GCC_541\Debug\wk1.a(CyLFClk.o)
                0x000030bc                CySysClkSetTimerSource
 .text.CySysTimerClearInterrupt
                0x00003124       0x2c .\CortexM0p\ARM_GCC_541\Debug\wk1.a(CyLFClk.o)
                0x00003124                CySysTimerClearInterrupt
 .text.CySysTimerIsr
                0x00003150       0xa4 .\CortexM0p\ARM_GCC_541\Debug\wk1.a(CyLFClk.o)
                0x00003150                CySysTimerIsr
 *fill*         0x000031f4        0x4 
 .text          0x000031f8       0x20 .\CortexM0p\ARM_GCC_541\Debug\wk1.a(CyBootAsmGnu.o)
                0x000031f8                CyDelayCycles
                0x0000320a                CyEnterCriticalSection
                0x00003212                CyExitCriticalSection
 .text.UART_SpiUartWriteTxData
                0x00003218       0x1c .\CortexM0p\ARM_GCC_541\Debug\wk1.a(UART_SPI_UART.o)
                0x00003218                UART_SpiUartWriteTxData
 .text.CySysFlashSetWaitCycles
                0x00003234       0x54 .\CortexM0p\ARM_GCC_541\Debug\wk1.a(CyFlash.o)
                0x00003234                CySysFlashSetWaitCycles
 .text          0x00003288      0x114 c:/program files (x86)/cypress/psoc creator/4.4/psoc creator/import/gnu/arm/5.4.1/bin/../lib/gcc/arm-none-eabi/5.4.1/armv6-m\libgcc.a(_udivsi3.o)
                0x00003288                __aeabi_uidiv
                0x00003288                __udivsi3
                0x00003394                __aeabi_uidivmod
 .text          0x0000339c      0x1d4 c:/program files (x86)/cypress/psoc creator/4.4/psoc creator/import/gnu/arm/5.4.1/bin/../lib/gcc/arm-none-eabi/5.4.1/armv6-m\libgcc.a(_divsi3.o)
                0x0000339c                __divsi3
                0x0000339c                __aeabi_idiv
                0x00003568                __aeabi_idivmod
 .text          0x00003570        0x4 c:/program files (x86)/cypress/psoc creator/4.4/psoc creator/import/gnu/arm/5.4.1/bin/../lib/gcc/arm-none-eabi/5.4.1/armv6-m\libgcc.a(_dvmd_tls.o)
                0x00003570                __aeabi_idiv0
                0x00003570                __aeabi_ldiv0
 .text          0x00003574       0x40 c:/program files (x86)/cypress/psoc creator/4.4/psoc creator/import/gnu/arm/5.4.1/bin/../lib/gcc/arm-none-eabi/5.4.1/armv6-m\libgcc.a(_aeabi_uldivmod.o)
                0x00003574                __aeabi_uldivmod
 .text          0x000035b4       0x58 c:/program files (x86)/cypress/psoc creator/4.4/psoc creator/import/gnu/arm/5.4.1/bin/../lib/gcc/arm-none-eabi/5.4.1/armv6-m\libgcc.a(_muldi3.o)
                0x000035b4                __muldi3
                0x000035b4                __aeabi_lmul
 .text          0x0000360c      0x180 c:/program files (x86)/cypress/psoc creator/4.4/psoc creator/import/gnu/arm/5.4.1/bin/../lib/gcc/arm-none-eabi/5.4.1/armv6-m\libgcc.a(_udivmoddi4.o)
                0x0000360c                __udivmoddi4
 .text          0x0000378c       0x18 c:/program files (x86)/cypress/psoc creator/4.4/psoc creator/import/gnu/arm/5.4.1/bin/../lib/gcc/arm-none-eabi/5.4.1/armv6-m\libgcc.a(_clzdi2.o)
                0x0000378c                __clzdi2
 .text          0x000037a4       0x3c c:/program files (x86)/cypress/psoc creator/4.4/psoc creator/import/gnu/arm/5.4.1/bin/../lib/gcc/arm-none-eabi/5.4.1/armv6-m\libgcc.a(_clzsi2.o)
                0x000037a4                __clzsi2
 .text.__errno  0x000037e0        0xc c:/program files (x86)/cypress/psoc creator/4.4/psoc creator/import/gnu/arm/5.4.1/bin/../lib/gcc/arm-none-eabi/5.4.1/../../../../arm-none-eabi/lib/armv6-m\libg_nano.a(lib_a-errno.o)
                0x000037e0                __errno
 .text.__libc_init_array
                0x000037ec       0x4c c:/program files (x86)/cypress/psoc creator/4.4/psoc creator/import/gnu/arm/5.4.1/bin/../lib/gcc/arm-none-eabi/5.4.1/../../../../arm-none-eabi/lib/armv6-m\libg_nano.a(lib_a-init.o)
                0x000037ec                __libc_init_array
 .text.memcpy   0x00003838       0x12 c:/program files (x86)/cypress/psoc creator/4.4/psoc creator/import/gnu/arm/5.4.1/bin/../lib/gcc/arm-none-eabi/5.4.1/../../../../arm-none-eabi/lib/armv6-m\libg_nano.a(lib_a-memcpy-stub.o)
                0x00003838                memcpy
 .text.memset   0x0000384a       0x10 c:/program files (x86)/cypress/psoc creator/4.4/psoc creator/import/gnu/arm/5.4.1/bin/../lib/gcc/arm-none-eabi/5.4.1/../../../../arm-none-eabi/lib/armv6-m\libg_nano.a(lib_a-memset.o)
                0x0000384a                memset
 *fill*         0x0000385a        0x2 
 .text.sprintf  0x0000385c       0x44 c:/program files (x86)/cypress/psoc creator/4.4/psoc creator/import/gnu/arm/5.4.1/bin/../lib/gcc/arm-none-eabi/5.4.1/../../../../arm-none-eabi/lib/armv6-m\libg_nano.a(lib_a-sprintf.o)
                0x0000385c                siprintf
                0x0000385c                sprintf
 .text.__ssputs_r
                0x000038a0       0xc4 c:/program files (x86)/cypress/psoc creator/4.4/psoc creator/import/gnu/arm/5.4.1/bin/../lib/gcc/arm-none-eabi/5.4.1/../../../../arm-none-eabi/lib/armv6-m\libg_nano.a(lib_a-nano-svfprintf.o)
                0x000038a0                __ssputs_r
 .text._svfprintf_r
                0x00003964      0x1fc c:/program files (x86)/cypress/psoc creator/4.4/psoc creator/import/gnu/arm/5.4.1/bin/../lib/gcc/arm-none-eabi/5.4.1/../../../../arm-none-eabi/lib/armv6-m\libg_nano.a(lib_a-nano-svfprintf.o)
                0x00003964                _svfiprintf_r
                0x00003964                _svfprintf_r
 .text._printf_common
                0x00003b60       0xdc c:/program files (x86)/cypress/psoc creator/4.4/psoc creator/import/gnu/arm/5.4.1/bin/../lib/gcc/arm-none-eabi/5.4.1/../../../../arm-none-eabi/lib/armv6-m\libg_nano.a(lib_a-nano-vfprintf_i.o)
                0x00003b60                _printf_common
 .text._printf_i
                0x00003c3c      0x244 c:/program files (x86)/cypress/psoc creator/4.4/psoc creator/import/gnu/arm/5.4.1/bin/../lib/gcc/arm-none-eabi/5.4.1/../../../../arm-none-eabi/lib/armv6-m\libg_nano.a(lib_a-nano-vfprintf_i.o)
                0x00003c3c                _printf_i
 .text.memchr   0x00003e80       0x16 c:/program files (x86)/cypress/psoc creator/4.4/psoc creator/import/gnu/arm/5.4.1/bin/../lib/gcc/arm-none-eabi/5.4.1/../../../../arm-none-eabi/lib/armv6-m\libg_nano.a(lib_a-memchr-stub.o)
                0x00003e80                memchr
 .text.memmove  0x00003e96       0x2a c:/program files (x86)/cypress/psoc creator/4.4/psoc creator/import/gnu/arm/5.4.1/bin/../lib/gcc/arm-none-eabi/5.4.1/../../../../arm-none-eabi/lib/armv6-m\libg_nano.a(lib_a-memmove.o)
                0x00003e96                memmove
 .text._free_r  0x00003ec0       0x98 c:/program files (x86)/cypress/psoc creator/4.4/psoc creator/import/gnu/arm/5.4.1/bin/../lib/gcc/arm-none-eabi/5.4.1/../../../../arm-none-eabi/lib/armv6-m\libg_nano.a(lib_a-nano-freer.o)
                0x00003ec0                _free_r
 .text._malloc_r
                0x00003f58       0xc0 c:/program files (x86)/cypress/psoc creator/4.4/psoc creator/import/gnu/arm/5.4.1/bin/../lib/gcc/arm-none-eabi/5.4.1/../../../../arm-none-eabi/lib/armv6-m\libg_nano.a(lib_a-nano-mallocr.o)
                0x00003f58                _malloc_r
 .text._realloc_r
                0x00004018       0x4c c:/program files (x86)/cypress/psoc creator/4.4/psoc creator/import/gnu/arm/5.4.1/bin/../lib/gcc/arm-none-eabi/5.4.1/../../../../arm-none-eabi/lib/armv6-m\libg_nano.a(lib_a-nano-reallocr.o)
                0x00004018                _realloc_r
 .text._sbrk_r  0x00004064       0x24 c:/program files (x86)/cypress/psoc creator/4.4/psoc creator/import/gnu/arm/5.4.1/bin/../lib/gcc/arm-none-eabi/5.4.1/../../../../arm-none-eabi/lib/armv6-m\libg_nano.a(lib_a-sbrkr.o)
                0x00004064                _sbrk_r
 .text.__malloc_lock
                0x00004088        0x2 c:/program files (x86)/cypress/psoc creator/4.4/psoc creator/import/gnu/arm/5.4.1/bin/../lib/gcc/arm-none-eabi/5.4.1/../../../../arm-none-eabi/lib/armv6-m\libg_nano.a(lib_a-mlock.o)
                0x00004088                __malloc_lock
 .text.__malloc_unlock
                0x0000408a        0x2 c:/program files (x86)/cypress/psoc creator/4.4/psoc creator/import/gnu/arm/5.4.1/bin/../lib/gcc/arm-none-eabi/5.4.1/../../../../arm-none-eabi/lib/armv6-m\libg_nano.a(lib_a-mlock.o)
                0x0000408a                __malloc_unlock
 .text._malloc_usable_size_r
                0x0000408c       0x16 c:/program files (x86)/cypress/psoc creator/4.4/psoc creator/import/gnu/arm/5.4.1/bin/../lib/gcc/arm-none-eabi/5.4.1/../../../../arm-none-eabi/lib/armv6-m\libg_nano.a(lib_a-nano-msizer.o)
                0x0000408c                _malloc_usable_size_r
 *(.plt)
 *(.gnu.warning)
 *(.glue_7t)
 .glue_7t       0x000040a2        0x0 linker stubs
 *(.glue_7)
 .glue_7        0x000040a2        0x0 linker stubs
 *(.vfp11_veneer)
 .vfp11_veneer  0x000040a2        0x0 linker stubs
 *(.bootloader)
 *(.ARM.extab* .gnu.linkonce.armextab.*)
 *(.gcc_except_table)

.v4_bx          0x000040a4        0x0
 .v4_bx         0x000040a4        0x0 linker stubs

.iplt           0x000040a4        0x0
 .iplt          0x000040a4        0x0 c:/program files (x86)/cypress/psoc creator/4.4/psoc creator/import/gnu/arm/5.4.1/bin/../lib/gcc/arm-none-eabi/5.4.1/armv6-m/crtbegin.o

.eh_frame_hdr
 *(.eh_frame_hdr)

.eh_frame       0x000040a4        0x4
 *(.eh_frame)
 .eh_frame      0x000040a4        0x0 c:/program files (x86)/cypress/psoc creator/4.4/psoc creator/import/gnu/arm/5.4.1/bin/../lib/gcc/arm-none-eabi/5.4.1/armv6-m/crtbegin.o
 .eh_frame      0x000040a4        0x4 c:/program files (x86)/cypress/psoc creator/4.4/psoc creator/import/gnu/arm/5.4.1/bin/../lib/gcc/arm-none-eabi/5.4.1/armv6-m/crtend.o
                [!provide]                PROVIDE (__exidx_start, .)

.ARM.exidx      0x000040a8        0x8
 *(.ARM.exidx* .gnu.linkonce.armexidx.*)
 .ARM.exidx     0x000040a8        0x8 c:/program files (x86)/cypress/psoc creator/4.4/psoc creator/import/gnu/arm/5.4.1/bin/../lib/gcc/arm-none-eabi/5.4.1/armv6-m\libgcc.a(_udivmoddi4.o)
                0x000040b0                __exidx_end = .

.rodata         0x000040b0      0x420
 *(.rodata .rodata.* .gnu.linkonce.r.*)
 .rodata.str1.4
                0x000040b0       0x5c .\CortexM0p\ARM_GCC_541\Debug\main.o
                                 0x5b (size before relaxing)
 .rodata        0x0000410c      0x2d8 .\CortexM0p\ARM_GCC_541\Debug\wk1.a(CapSense_Structure.o)
                0x0000411c                CapSense_ramIdacInit
                0x0000414c                CapSense_dsFlash
                0x00004184                CapSense_ramWidgetInit
                0x000041a0                CapSense_extCapMap
                0x000041a4                CapSense_ioList
 .rodata        0x000043e4       0x39 .\CortexM0p\ARM_GCC_541\Debug\wk1.a(CapSense_Sensing.o)
                0x000043e4                CapSense_idacGainTable
                0x0000441c                CapSense_scanFreqIndex
 *fill*         0x0000441d        0x3 
 .rodata        0x00004420       0x40 .\CortexM0p\ARM_GCC_541\Debug\wk1.a(CapSense_SelfTest.o)
                0x00004440                CapSense_BistIdacTable
 .rodata.str1.1
                0x00004460        0x2 c:/program files (x86)/cypress/psoc creator/4.4/psoc creator/import/gnu/arm/5.4.1/bin/../lib/gcc/arm-none-eabi/5.4.1/../../../../arm-none-eabi/lib/armv6-m\libg_nano.a(lib_a-impure.o)
 .rodata.str1.1
                0x00004462       0x11 c:/program files (x86)/cypress/psoc creator/4.4/psoc creator/import/gnu/arm/5.4.1/bin/../lib/gcc/arm-none-eabi/5.4.1/../../../../arm-none-eabi/lib/armv6-m\libg_nano.a(lib_a-nano-svfprintf.o)
 .rodata.str1.1
                0x00004473       0x22 c:/program files (x86)/cypress/psoc creator/4.4/psoc creator/import/gnu/arm/5.4.1/bin/../lib/gcc/arm-none-eabi/5.4.1/../../../../arm-none-eabi/lib/armv6-m\libg_nano.a(lib_a-nano-vfprintf_i.o)
                0x00004498                . = ALIGN (0x4)
 *fill*         0x00004495        0x3 
 *(.init)
 .init          0x00004498        0x4 c:/program files (x86)/cypress/psoc creator/4.4/psoc creator/import/gnu/arm/5.4.1/bin/../lib/gcc/arm-none-eabi/5.4.1/armv6-m/crti.o
                0x00004498                _init
 .init          0x0000449c        0x8 c:/program files (x86)/cypress/psoc creator/4.4/psoc creator/import/gnu/arm/5.4.1/bin/../lib/gcc/arm-none-eabi/5.4.1/armv6-m/crtn.o
                0x000044a4                . = ALIGN (0x4)
                0x000044a4                __preinit_array_start = .
 *(.preinit_array)
                0x000044a4                __preinit_array_end = .
                0x000044a4                . = ALIGN (0x4)
                0x000044a4                __init_array_start = .
 *(SORT(.init_array.*))
 *(.init_array)
 .init_array    0x000044a4        0x4 c:/program files (x86)/cypress/psoc creator/4.4/psoc creator/import/gnu/arm/5.4.1/bin/../lib/gcc/arm-none-eabi/5.4.1/armv6-m/crtbegin.o
 .init_array    0x000044a8        0x4 .\CortexM0p\ARM_GCC_541\Debug\Cm0plusStart.o
                0x000044ac                __init_array_end = .
                0x000044ac                . = ALIGN (0x4)
 *(.fini)
 .fini          0x000044ac        0x4 c:/program files (x86)/cypress/psoc creator/4.4/psoc creator/import/gnu/arm/5.4.1/bin/../lib/gcc/arm-none-eabi/5.4.1/armv6-m/crti.o
                0x000044ac                _fini
 .fini          0x000044b0        0x8 c:/program files (x86)/cypress/psoc creator/4.4/psoc creator/import/gnu/arm/5.4.1/bin/../lib/gcc/arm-none-eabi/5.4.1/armv6-m/crtn.o
                0x000044b8                . = ALIGN (0x4)
                0x000044b8                __fini_array_start = .
 *(.fini_array)
 .fini_array    0x000044b8        0x4 c:/program files (x86)/cypress/psoc creator/4.4/psoc creator/import/gnu/arm/5.4.1/bin/../lib/gcc/arm-none-eabi/5.4.1/armv6-m/crtbegin.o
 *(SORT(.fini_array.*))
                0x000044bc                __fini_array_end = .
                0x000044bc                . = ALIGN (0x4)
 *crtbegin.o(.ctors)
 *(EXCLUDE_FILE(*crtend.o) .ctors)
 *(SORT(.ctors.*))
 *crtend.o(.ctors)
                0x000044bc                . = ALIGN (0x4)
 *crtbegin.o(.dtors)
 *(EXCLUDE_FILE(*crtend.o) .dtors)
 *(SORT(.dtors.*))
 *crtend.o(.dtors)
                0x000044bc                . = ALIGN (0x4)
                0x000044bc                __cy_regions = .
                0x000044bc        0x4 LONG 0x44d0 __cy_region_init_ram
                0x000044c0        0x4 LONG 0x200000b0 __cy_region_start_data
                0x000044c4        0x4 LONG 0x90 __cy_region_init_size_ram
                0x000044c8        0x4 LONG 0x470 __cy_region_zero_size_ram
                0x000044cc                __cy_regions_end = .
                0x000044d0                . = ALIGN (0x8)
 *fill*         0x000044cc        0x4 
                0x000044d0                _etext = .

.cy_checksum_exclude
                0x000044d0        0x0
 *(.cy_checksum_exclude)

.ramvectors     0x20000000       0xb0
                0x20000000                __cy_region_start_ram = .
 *(.ramvectors)
 .ramvectors    0x20000000       0xb0 .\CortexM0p\ARM_GCC_541\Debug\Cm0plusStart.o
                0x20000000                CyRamVectors

.noinit
 *(.noinit)

.data           0x200000b0       0x90 load address 0x000044d0
                0x200000b0                __cy_region_start_data = .
 *(.jcr)
 .jcr           0x200000b0        0x0 c:/program files (x86)/cypress/psoc creator/4.4/psoc creator/import/gnu/arm/5.4.1/bin/../lib/gcc/arm-none-eabi/5.4.1/armv6-m/crtbegin.o
 .jcr           0x200000b0        0x4 c:/program files (x86)/cypress/psoc creator/4.4/psoc creator/import/gnu/arm/5.4.1/bin/../lib/gcc/arm-none-eabi/5.4.1/armv6-m/crtend.o
 *(.got.plt)
 *(.got)
 *(.shdata)
 *(.data .data.* .gnu.linkonce.d.*)
 .data          0x200000b4        0x4 .\CortexM0p\ARM_GCC_541\Debug\Cm0plusStart.o
 .data          0x200000b8        0x4 .\CortexM0p\ARM_GCC_541\Debug\wk1.a(CapSense_SensingCSX_LL.o)
                0x200000b8                CapSense_CSXPostScanApiPtr
 .data          0x200000bc        0x4 .\CortexM0p\ARM_GCC_541\Debug\wk1.a(CapSense_SelfTest.o)
 .data          0x200000c0       0x14 .\CortexM0p\ARM_GCC_541\Debug\wk1.a(CyLib.o)
                0x200000c0                CySysClkPumpConfig
                0x200000c4                cydelay32kMs
                0x200000c8                cydelayFreqKhz
                0x200000cc                cydelayFreqMhz
                0x200000d0                cydelayFreqHz
 .data          0x200000d4        0x4 .\CortexM0p\ARM_GCC_541\Debug\wk1.a(CyLFClk.o)
 .data.impure_data
                0x200000d8       0x60 c:/program files (x86)/cypress/psoc creator/4.4/psoc creator/import/gnu/arm/5.4.1/bin/../lib/gcc/arm-none-eabi/5.4.1/../../../../arm-none-eabi/lib/armv6-m\libg_nano.a(lib_a-impure.o)
 .data._impure_ptr
                0x20000138        0x4 c:/program files (x86)/cypress/psoc creator/4.4/psoc creator/import/gnu/arm/5.4.1/bin/../lib/gcc/arm-none-eabi/5.4.1/../../../../arm-none-eabi/lib/armv6-m\libg_nano.a(lib_a-impure.o)
                0x20000138                _impure_ptr
                0x20000140                . = ALIGN (0x8)
 *fill*         0x2000013c        0x4 
 *(.ram)
                0x20000140                _edata = .

.igot.plt       0x20000140        0x0 load address 0x00004560
 .igot.plt      0x20000140        0x0 c:/program files (x86)/cypress/psoc creator/4.4/psoc creator/import/gnu/arm/5.4.1/bin/../lib/gcc/arm-none-eabi/5.4.1/armv6-m/crtbegin.o

.bss            0x20000140      0x470 load address 0x00004560
                0x20000140                PROVIDE (__bss_start__, .)
 *(.shbss)
 *(.bss .bss.* .gnu.linkonce.b.*)
 .bss           0x20000140       0x1c c:/program files (x86)/cypress/psoc creator/4.4/psoc creator/import/gnu/arm/5.4.1/bin/../lib/gcc/arm-none-eabi/5.4.1/armv6-m/crtbegin.o
 .bss           0x2000015c        0x1 .\CortexM0p\ARM_GCC_541\Debug\wk1.a(CapSense_Control.o)
 *fill*         0x2000015d        0x3 
 .bss           0x20000160       0x3e .\CortexM0p\ARM_GCC_541\Debug\wk1.a(CapSense_Structure.o)
 *fill*         0x2000019e        0x2 
 .bss           0x200001a0        0x4 .\CortexM0p\ARM_GCC_541\Debug\wk1.a(CapSense_Tuner.o)
 .bss           0x200001a4        0xa .\CortexM0p\ARM_GCC_541\Debug\wk1.a(CapSense_Sensing.o)
                0x200001a4                CapSense_currentSenseMethod
                0x200001a5                CapSense_requestScanAllWidget
                0x200001a8                CapSense_curFlashWdgtPtr
                0x200001ac                CapSense_sensorIndex
                0x200001ad                CapSense_widgetIndex
 *fill*         0x200001ae        0x2 
 .bss           0x200001b0       0x12 .\CortexM0p\ARM_GCC_541\Debug\wk1.a(CapSense_SensingCSX_LL.o)
                0x200001b0                CapSense_csxScanPeriod
                0x200001b2                CapSense_csxRawCount
 *fill*         0x200001c2        0x2 
 .bss           0x200001c4       0xcf .\CortexM0p\ARM_GCC_541\Debug\wk1.a(CapSense_Centroid_LL.o)
 *fill*         0x20000293        0x1 
 .bss           0x20000294        0x5 .\CortexM0p\ARM_GCC_541\Debug\wk1.a(CapSense_SelfTest.o)
 *fill*         0x20000299        0x1 
 .bss           0x2000029a        0x4 .\CortexM0p\ARM_GCC_541\Debug\wk1.a(UART.o)
                0x2000029a                UART_initVar
                0x2000029c                UART_IntrTxMask
 *fill*         0x2000029e        0x2 
 .bss           0x200002a0       0x18 .\CortexM0p\ARM_GCC_541\Debug\wk1.a(CyLFClk.o)
 .bss.__malloc_sbrk_start
                0x200002b8        0x4 c:/program files (x86)/cypress/psoc creator/4.4/psoc creator/import/gnu/arm/5.4.1/bin/../lib/gcc/arm-none-eabi/5.4.1/../../../../arm-none-eabi/lib/armv6-m\libg_nano.a(lib_a-nano-mallocr.o)
                0x200002b8                __malloc_sbrk_start
 .bss.__malloc_free_list
                0x200002bc        0x4 c:/program files (x86)/cypress/psoc creator/4.4/psoc creator/import/gnu/arm/5.4.1/bin/../lib/gcc/arm-none-eabi/5.4.1/../../../../arm-none-eabi/lib/armv6-m\libg_nano.a(lib_a-nano-mallocr.o)
                0x200002bc                __malloc_free_list
 *(COMMON)
 COMMON         0x200002c0      0x2e4 .\CortexM0p\ARM_GCC_541\Debug\wk1.a(CapSense_Structure.o)
                0x200002c0                CapSense_dsRam
 COMMON         0x200005a4        0x8 .\CortexM0p\ARM_GCC_541\Debug\wk1.a(CapSense_Sensing.o)
                0x200005a4                CapSense_curRamSnsPtr
                0x200005a8                CapSense_curSnsIOPtr
 COMMON         0x200005ac        0x4 c:/program files (x86)/cypress/psoc creator/4.4/psoc creator/import/gnu/arm/5.4.1/bin/../lib/gcc/arm-none-eabi/5.4.1/../../../../arm-none-eabi/lib/armv6-m\libg_nano.a(lib_a-reent.o)
                0x200005ac                errno
                0x200005b0                . = ALIGN (0x8)
 *(.ram.b)
                0x200005b0                _end = .
                0x200005b0                __end = .
                0x200005b0                PROVIDE (end, .)
                0x200005b0                PROVIDE (__bss_end__, .)
                0x000044d0                __cy_region_init_ram = LOADADDR (.data)
                0x00000090                __cy_region_init_size_ram = (_edata - ADDR (.data))
                0x00000470                __cy_region_zero_size_ram = (_end - _edata)

.heap           0x200005b0       0x80 load address 0x00004560
                0x200005b0                . = _end
                0x20000630                . = (. + 0x80)
 *fill*         0x200005b0       0x80 
                0x20000630                __cy_heap_limit = .

.stack          0x20003800      0x800
                0x20003800                __cy_stack_limit = .
                0x20004000                . = (. + 0x800)
 *fill*         0x20003800      0x800 
                0x00000001                ASSERT ((__cy_stack_limit >= __cy_heap_limit), region RAM overflowed with stack)
                0x00000000                cy_checksum_exclude_size = (CY_APPL_LOADABLE == 0x1)?SIZEOF (.cy_checksum_exclude):0x0
                0x00000001                ASSERT ((cy_checksum_exclude_size <= CY_CHECKSUM_EXCLUDE_SIZE), CY_BOOT: Section .cy_checksum_exclude size exceedes specified limit.)
                0x0001ffc0                cyloadermeta_start = (cy_project_type_bootloader || cy_project_type_app_for_stack_and_copier)?(LENGTH (rom) - CY_METADATA_SIZE):0xf0000000

.cyloadermeta
 *(.cyloadermeta)
                0x0001ffc0                cyloadablemeta_start = cy_project_type_app_for_stack_and_copier?((LENGTH (rom) - CY_FLASH_ROW_SIZE) - CY_METADATA_SIZE):((LENGTH (rom) - (CY_FLASH_ROW_SIZE * (CY_APPL_NUM - 0x1))) - CY_METADATA_SIZE)

.cyloadablemeta
 *(.cyloadablemeta)

.cyflashprotect
                0x90400000       0x40
 *(.cyflashprotect)
 .cyflashprotect
                0x90400000       0x40 .\CortexM0p\ARM_GCC_541\Debug\cymetadata.o
                0x90400000                cy_meta_flashprotect

.cymeta         0x90500000        0xc
 *(.cymeta)
 .cymeta        0x90500000        0xc .\CortexM0p\ARM_GCC_541\Debug\cymetadata.o
                0x90500000                cy_metadata

.cychipprotect  0x90600000        0x1
 *(.cychipprotect)
 .cychipprotect
                0x90600000        0x1 .\CortexM0p\ARM_GCC_541\Debug\cymetadata.o
                0x90600000                cy_meta_chipprotect

.rel.dyn        0x00004560        0x0 load address 0x90600004
 .rel.iplt      0x00004560        0x0 c:/program files (x86)/cypress/psoc creator/4.4/psoc creator/import/gnu/arm/5.4.1/bin/../lib/gcc/arm-none-eabi/5.4.1/armv6-m/crtbegin.o

.stab
 *(.stab)

.stabstr
 *(.stabstr)

.debug
 *(.debug)

.line
 *(.line)

.debug_srcinfo
 *(.debug_srcinfo)

.debug_sfnames
 *(.debug_sfnames)

.debug_aranges  0x00000000      0xc68
 *(.debug_aranges)
 .debug_aranges
                0x00000000       0x50 .\CortexM0p\ARM_GCC_541\Debug\main.o
 .debug_aranges
                0x00000050       0x38 .\CortexM0p\ARM_GCC_541\Debug\cyfitter_cfg.o
 .debug_aranges
                0x00000088       0x18 .\CortexM0p\ARM_GCC_541\Debug\cymetadata.o
 .debug_aranges
                0x000000a0       0x48 .\CortexM0p\ARM_GCC_541\Debug\Cm0plusStart.o
 .debug_aranges
                0x000000e8       0x68 .\CortexM0p\ARM_GCC_541\Debug\wk1.a(CapSense_Control.o)
 .debug_aranges
                0x00000150       0x48 .\CortexM0p\ARM_GCC_541\Debug\wk1.a(CapSense_Processing.o)
 .debug_aranges
                0x00000198       0x58 .\CortexM0p\ARM_GCC_541\Debug\wk1.a(CapSense_Structure.o)
 .debug_aranges
                0x000001f0       0x28 .\CortexM0p\ARM_GCC_541\Debug\wk1.a(CapSense_Tuner.o)
 .debug_aranges
                0x00000218       0x70 .\CortexM0p\ARM_GCC_541\Debug\wk1.a(CapSense_Filter.o)
 .debug_aranges
                0x00000288       0xe0 .\CortexM0p\ARM_GCC_541\Debug\wk1.a(CapSense_Sensing.o)
 .debug_aranges
                0x00000368       0xa8 .\CortexM0p\ARM_GCC_541\Debug\wk1.a(CapSense_SensingCSX_LL.o)
 .debug_aranges
                0x00000410       0x68 .\CortexM0p\ARM_GCC_541\Debug\wk1.a(CapSense_Centroid_LL.o)
 .debug_aranges
                0x00000478      0x1e8 .\CortexM0p\ARM_GCC_541\Debug\wk1.a(CapSense_SelfTest.o)
 .debug_aranges
                0x00000660       0x58 .\CortexM0p\ARM_GCC_541\Debug\wk1.a(UART.o)
 .debug_aranges
                0x000006b8       0x90 .\CortexM0p\ARM_GCC_541\Debug\wk1.a(UART_UART.o)
 .debug_aranges
                0x00000748       0x80 .\CortexM0p\ARM_GCC_541\Debug\wk1.a(CapSense_ISR.o)
 .debug_aranges
                0x000007c8      0x230 .\CortexM0p\ARM_GCC_541\Debug\wk1.a(CyLib.o)
 .debug_aranges
                0x000009f8      0x1a8 .\CortexM0p\ARM_GCC_541\Debug\wk1.a(CyLFClk.o)
 .debug_aranges
                0x00000ba0       0x20 .\CortexM0p\ARM_GCC_541\Debug\wk1.a(CyBootAsmGnu.o)
 .debug_aranges
                0x00000bc0       0x60 .\CortexM0p\ARM_GCC_541\Debug\wk1.a(UART_SPI_UART.o)
 .debug_aranges
                0x00000c20       0x48 .\CortexM0p\ARM_GCC_541\Debug\wk1.a(CyFlash.o)

.debug_pubnames
 *(.debug_pubnames)

.debug_info     0x00000000     0xdfa2
 *(.debug_info .gnu.linkonce.wi.*)
 .debug_info    0x00000000      0x8bf .\CortexM0p\ARM_GCC_541\Debug\main.o
 .debug_info    0x000008bf      0x1c3 .\CortexM0p\ARM_GCC_541\Debug\cyfitter_cfg.o
 .debug_info    0x00000a82       0xf8 .\CortexM0p\ARM_GCC_541\Debug\cymetadata.o
 .debug_info    0x00000b7a      0x3a5 .\CortexM0p\ARM_GCC_541\Debug\Cm0plusStart.o
 .debug_info    0x00000f1f      0xdc4 .\CortexM0p\ARM_GCC_541\Debug\wk1.a(CapSense_Control.o)
 .debug_info    0x00001ce3      0xddd .\CortexM0p\ARM_GCC_541\Debug\wk1.a(CapSense_Processing.o)
 .debug_info    0x00002ac0      0xf59 .\CortexM0p\ARM_GCC_541\Debug\wk1.a(CapSense_Structure.o)
 .debug_info    0x00003a19      0x9d4 .\CortexM0p\ARM_GCC_541\Debug\wk1.a(CapSense_Tuner.o)
 .debug_info    0x000043ed      0x8e4 .\CortexM0p\ARM_GCC_541\Debug\wk1.a(CapSense_Filter.o)
 .debug_info    0x00004cd1     0x152a .\CortexM0p\ARM_GCC_541\Debug\wk1.a(CapSense_Sensing.o)
 .debug_info    0x000061fb     0x1377 .\CortexM0p\ARM_GCC_541\Debug\wk1.a(CapSense_SensingCSX_LL.o)
 .debug_info    0x00007572      0xde8 .\CortexM0p\ARM_GCC_541\Debug\wk1.a(CapSense_Centroid_LL.o)
 .debug_info    0x0000835a     0x2997 .\CortexM0p\ARM_GCC_541\Debug\wk1.a(CapSense_SelfTest.o)
 .debug_info    0x0000acf1      0x23a .\CortexM0p\ARM_GCC_541\Debug\wk1.a(UART.o)
 .debug_info    0x0000af2b      0x3b5 .\CortexM0p\ARM_GCC_541\Debug\wk1.a(UART_UART.o)
 .debug_info    0x0000b2e0      0x305 .\CortexM0p\ARM_GCC_541\Debug\wk1.a(CapSense_ISR.o)
 .debug_info    0x0000b5e5     0x15ea .\CortexM0p\ARM_GCC_541\Debug\wk1.a(CyLib.o)
 .debug_info    0x0000cbcf      0xd06 .\CortexM0p\ARM_GCC_541\Debug\wk1.a(CyLFClk.o)
 .debug_info    0x0000d8d5       0x94 .\CortexM0p\ARM_GCC_541\Debug\wk1.a(CyBootAsmGnu.o)
 .debug_info    0x0000d969      0x220 .\CortexM0p\ARM_GCC_541\Debug\wk1.a(UART_SPI_UART.o)
 .debug_info    0x0000db89      0x419 .\CortexM0p\ARM_GCC_541\Debug\wk1.a(CyFlash.o)

.debug_abbrev   0x00000000     0x245e
 *(.debug_abbrev)
 .debug_abbrev  0x00000000      0x1a8 .\CortexM0p\ARM_GCC_541\Debug\main.o
 .debug_abbrev  0x000001a8       0xe8 .\CortexM0p\ARM_GCC_541\Debug\cyfitter_cfg.o
 .debug_abbrev  0x00000290       0x5d .\CortexM0p\ARM_GCC_541\Debug\cymetadata.o
 .debug_abbrev  0x000002ed      0x1d0 .\CortexM0p\ARM_GCC_541\Debug\Cm0plusStart.o
 .debug_abbrev  0x000004bd      0x227 .\CortexM0p\ARM_GCC_541\Debug\wk1.a(CapSense_Control.o)
 .debug_abbrev  0x000006e4      0x237 .\CortexM0p\ARM_GCC_541\Debug\wk1.a(CapSense_Processing.o)
 .debug_abbrev  0x0000091b      0x246 .\CortexM0p\ARM_GCC_541\Debug\wk1.a(CapSense_Structure.o)
 .debug_abbrev  0x00000b61      0x182 .\CortexM0p\ARM_GCC_541\Debug\wk1.a(CapSense_Tuner.o)
 .debug_abbrev  0x00000ce3      0x21e .\CortexM0p\ARM_GCC_541\Debug\wk1.a(CapSense_Filter.o)
 .debug_abbrev  0x00000f01      0x233 .\CortexM0p\ARM_GCC_541\Debug\wk1.a(CapSense_Sensing.o)
 .debug_abbrev  0x00001134      0x307 .\CortexM0p\ARM_GCC_541\Debug\wk1.a(CapSense_SensingCSX_LL.o)
 .debug_abbrev  0x0000143b      0x264 .\CortexM0p\ARM_GCC_541\Debug\wk1.a(CapSense_Centroid_LL.o)
 .debug_abbrev  0x0000169f      0x2b1 .\CortexM0p\ARM_GCC_541\Debug\wk1.a(CapSense_SelfTest.o)
 .debug_abbrev  0x00001950       0xd5 .\CortexM0p\ARM_GCC_541\Debug\wk1.a(UART.o)
 .debug_abbrev  0x00001a25      0x132 .\CortexM0p\ARM_GCC_541\Debug\wk1.a(UART_UART.o)
 .debug_abbrev  0x00001b57      0x19a .\CortexM0p\ARM_GCC_541\Debug\wk1.a(CapSense_ISR.o)
 .debug_abbrev  0x00001cf1      0x265 .\CortexM0p\ARM_GCC_541\Debug\wk1.a(CyLib.o)
 .debug_abbrev  0x00001f56      0x207 .\CortexM0p\ARM_GCC_541\Debug\wk1.a(CyLFClk.o)
 .debug_abbrev  0x0000215d       0x14 .\CortexM0p\ARM_GCC_541\Debug\wk1.a(CyBootAsmGnu.o)
 .debug_abbrev  0x00002171      0x14f .\CortexM0p\ARM_GCC_541\Debug\wk1.a(UART_SPI_UART.o)
 .debug_abbrev  0x000022c0      0x19e .\CortexM0p\ARM_GCC_541\Debug\wk1.a(CyFlash.o)

.debug_line     0x00000000     0x3c75
 *(.debug_line)
 .debug_line    0x00000000      0x1b4 .\CortexM0p\ARM_GCC_541\Debug\main.o
 .debug_line    0x000001b4       0xd8 .\CortexM0p\ARM_GCC_541\Debug\cyfitter_cfg.o
 .debug_line    0x0000028c      0x141 .\CortexM0p\ARM_GCC_541\Debug\cymetadata.o
 .debug_line    0x000003cd      0x247 .\CortexM0p\ARM_GCC_541\Debug\Cm0plusStart.o
 .debug_line    0x00000614      0x23f .\CortexM0p\ARM_GCC_541\Debug\wk1.a(CapSense_Control.o)
 .debug_line    0x00000853      0x1b2 .\CortexM0p\ARM_GCC_541\Debug\wk1.a(CapSense_Processing.o)
 .debug_line    0x00000a05      0x247 .\CortexM0p\ARM_GCC_541\Debug\wk1.a(CapSense_Structure.o)
 .debug_line    0x00000c4c      0x11c .\CortexM0p\ARM_GCC_541\Debug\wk1.a(CapSense_Tuner.o)
 .debug_line    0x00000d68      0x1d1 .\CortexM0p\ARM_GCC_541\Debug\wk1.a(CapSense_Filter.o)
 .debug_line    0x00000f39      0x5a8 .\CortexM0p\ARM_GCC_541\Debug\wk1.a(CapSense_Sensing.o)
 .debug_line    0x000014e1      0x3b9 .\CortexM0p\ARM_GCC_541\Debug\wk1.a(CapSense_SensingCSX_LL.o)
 .debug_line    0x0000189a      0x42e .\CortexM0p\ARM_GCC_541\Debug\wk1.a(CapSense_Centroid_LL.o)
 .debug_line    0x00001cc8      0xa23 .\CortexM0p\ARM_GCC_541\Debug\wk1.a(CapSense_SelfTest.o)
 .debug_line    0x000026eb      0x108 .\CortexM0p\ARM_GCC_541\Debug\wk1.a(UART.o)
 .debug_line    0x000027f3      0x1cf .\CortexM0p\ARM_GCC_541\Debug\wk1.a(UART_UART.o)
 .debug_line    0x000029c2      0x158 .\CortexM0p\ARM_GCC_541\Debug\wk1.a(CapSense_ISR.o)
 .debug_line    0x00002b1a      0x837 .\CortexM0p\ARM_GCC_541\Debug\wk1.a(CyLib.o)
 .debug_line    0x00003351      0x5c1 .\CortexM0p\ARM_GCC_541\Debug\wk1.a(CyLFClk.o)
 .debug_line    0x00003912       0x68 .\CortexM0p\ARM_GCC_541\Debug\wk1.a(CyBootAsmGnu.o)
 .debug_line    0x0000397a      0x11a .\CortexM0p\ARM_GCC_541\Debug\wk1.a(UART_SPI_UART.o)
 .debug_line    0x00003a94      0x1e1 .\CortexM0p\ARM_GCC_541\Debug\wk1.a(CyFlash.o)

.debug_frame    0x00000000     0x27b0
 *(.debug_frame)
 .debug_frame   0x00000000       0xdc .\CortexM0p\ARM_GCC_541\Debug\main.o
 .debug_frame   0x000000dc       0x78 .\CortexM0p\ARM_GCC_541\Debug\cyfitter_cfg.o
 .debug_frame   0x00000154       0xbc .\CortexM0p\ARM_GCC_541\Debug\Cm0plusStart.o
 .debug_frame   0x00000210      0x124 .\CortexM0p\ARM_GCC_541\Debug\wk1.a(CapSense_Control.o)
 .debug_frame   0x00000334       0xd4 .\CortexM0p\ARM_GCC_541\Debug\wk1.a(CapSense_Processing.o)
 .debug_frame   0x00000408       0xec .\CortexM0p\ARM_GCC_541\Debug\wk1.a(CapSense_Structure.o)
 .debug_frame   0x000004f4       0x40 .\CortexM0p\ARM_GCC_541\Debug\wk1.a(CapSense_Tuner.o)
 .debug_frame   0x00000534      0x148 .\CortexM0p\ARM_GCC_541\Debug\wk1.a(CapSense_Filter.o)
 .debug_frame   0x0000067c      0x2e8 .\CortexM0p\ARM_GCC_541\Debug\wk1.a(CapSense_Sensing.o)
 .debug_frame   0x00000964      0x224 .\CortexM0p\ARM_GCC_541\Debug\wk1.a(CapSense_SensingCSX_LL.o)
 .debug_frame   0x00000b88      0x1a8 .\CortexM0p\ARM_GCC_541\Debug\wk1.a(CapSense_Centroid_LL.o)
 .debug_frame   0x00000d30      0x6e8 .\CortexM0p\ARM_GCC_541\Debug\wk1.a(CapSense_SelfTest.o)
 .debug_frame   0x00001418       0xd8 .\CortexM0p\ARM_GCC_541\Debug\wk1.a(UART.o)
 .debug_frame   0x000014f0      0x144 .\CortexM0p\ARM_GCC_541\Debug\wk1.a(UART_UART.o)
 .debug_frame   0x00001634      0x110 .\CortexM0p\ARM_GCC_541\Debug\wk1.a(CapSense_ISR.o)
 .debug_frame   0x00001744      0x678 .\CortexM0p\ARM_GCC_541\Debug\wk1.a(CyLib.o)
 .debug_frame   0x00001dbc      0x484 .\CortexM0p\ARM_GCC_541\Debug\wk1.a(CyLFClk.o)
 .debug_frame   0x00002240       0xb0 .\CortexM0p\ARM_GCC_541\Debug\wk1.a(UART_SPI_UART.o)
 .debug_frame   0x000022f0       0xa8 .\CortexM0p\ARM_GCC_541\Debug\wk1.a(CyFlash.o)
 .debug_frame   0x00002398       0x20 c:/program files (x86)/cypress/psoc creator/4.4/psoc creator/import/gnu/arm/5.4.1/bin/../lib/gcc/arm-none-eabi/5.4.1/armv6-m\libgcc.a(_udivsi3.o)
 .debug_frame   0x000023b8       0x20 c:/program files (x86)/cypress/psoc creator/4.4/psoc creator/import/gnu/arm/5.4.1/bin/../lib/gcc/arm-none-eabi/5.4.1/armv6-m\libgcc.a(_divsi3.o)
 .debug_frame   0x000023d8       0x34 c:/program files (x86)/cypress/psoc creator/4.4/psoc creator/import/gnu/arm/5.4.1/bin/../lib/gcc/arm-none-eabi/5.4.1/armv6-m\libgcc.a(_muldi3.o)
 .debug_frame   0x0000240c       0x3c c:/program files (x86)/cypress/psoc creator/4.4/psoc creator/import/gnu/arm/5.4.1/bin/../lib/gcc/arm-none-eabi/5.4.1/armv6-m\libgcc.a(_udivmoddi4.o)
 .debug_frame   0x00002448       0x20 c:/program files (x86)/cypress/psoc creator/4.4/psoc creator/import/gnu/arm/5.4.1/bin/../lib/gcc/arm-none-eabi/5.4.1/../../../../arm-none-eabi/lib/armv6-m\libg_nano.a(lib_a-errno.o)
 .debug_frame   0x00002468       0x28 c:/program files (x86)/cypress/psoc creator/4.4/psoc creator/import/gnu/arm/5.4.1/bin/../lib/gcc/arm-none-eabi/5.4.1/../../../../arm-none-eabi/lib/armv6-m\libg_nano.a(lib_a-exit.o)
 .debug_frame   0x00002490       0x2c c:/program files (x86)/cypress/psoc creator/4.4/psoc creator/import/gnu/arm/5.4.1/bin/../lib/gcc/arm-none-eabi/5.4.1/../../../../arm-none-eabi/lib/armv6-m\libg_nano.a(lib_a-init.o)
 .debug_frame   0x000024bc       0x28 c:/program files (x86)/cypress/psoc creator/4.4/psoc creator/import/gnu/arm/5.4.1/bin/../lib/gcc/arm-none-eabi/5.4.1/../../../../arm-none-eabi/lib/armv6-m\libg_nano.a(lib_a-memcpy-stub.o)
 .debug_frame   0x000024e4       0x20 c:/program files (x86)/cypress/psoc creator/4.4/psoc creator/import/gnu/arm/5.4.1/bin/../lib/gcc/arm-none-eabi/5.4.1/../../../../arm-none-eabi/lib/armv6-m\libg_nano.a(lib_a-memset.o)
 .debug_frame   0x00002504       0x50 c:/program files (x86)/cypress/psoc creator/4.4/psoc creator/import/gnu/arm/5.4.1/bin/../lib/gcc/arm-none-eabi/5.4.1/../../../../arm-none-eabi/lib/armv6-m\libg_nano.a(lib_a-sprintf.o)
 .debug_frame   0x00002554       0x74 c:/program files (x86)/cypress/psoc creator/4.4/psoc creator/import/gnu/arm/5.4.1/bin/../lib/gcc/arm-none-eabi/5.4.1/../../../../arm-none-eabi/lib/armv6-m\libg_nano.a(lib_a-nano-svfprintf.o)
 .debug_frame   0x000025c8       0x54 c:/program files (x86)/cypress/psoc creator/4.4/psoc creator/import/gnu/arm/5.4.1/bin/../lib/gcc/arm-none-eabi/5.4.1/../../../../arm-none-eabi/lib/armv6-m\libg_nano.a(lib_a-nano-vfprintf_i.o)
 .debug_frame   0x0000261c       0x20 c:/program files (x86)/cypress/psoc creator/4.4/psoc creator/import/gnu/arm/5.4.1/bin/../lib/gcc/arm-none-eabi/5.4.1/../../../../arm-none-eabi/lib/armv6-m\libg_nano.a(lib_a-memchr-stub.o)
 .debug_frame   0x0000263c       0x28 c:/program files (x86)/cypress/psoc creator/4.4/psoc creator/import/gnu/arm/5.4.1/bin/../lib/gcc/arm-none-eabi/5.4.1/../../../../arm-none-eabi/lib/armv6-m\libg_nano.a(lib_a-memmove.o)
 .debug_frame   0x00002664       0x2c c:/program files (x86)/cypress/psoc creator/4.4/psoc creator/import/gnu/arm/5.4.1/bin/../lib/gcc/arm-none-eabi/5.4.1/../../../../arm-none-eabi/lib/armv6-m\libg_nano.a(lib_a-nano-freer.o)
 .debug_frame   0x00002690       0x2c c:/program files (x86)/cypress/psoc creator/4.4/psoc creator/import/gnu/arm/5.4.1/bin/../lib/gcc/arm-none-eabi/5.4.1/../../../../arm-none-eabi/lib/armv6-m\libg_nano.a(lib_a-nano-mallocr.o)
 .debug_frame   0x000026bc       0x30 c:/program files (x86)/cypress/psoc creator/4.4/psoc creator/import/gnu/arm/5.4.1/bin/../lib/gcc/arm-none-eabi/5.4.1/../../../../arm-none-eabi/lib/armv6-m\libg_nano.a(lib_a-nano-reallocr.o)
 .debug_frame   0x000026ec       0x2c c:/program files (x86)/cypress/psoc creator/4.4/psoc creator/import/gnu/arm/5.4.1/bin/../lib/gcc/arm-none-eabi/5.4.1/../../../../arm-none-eabi/lib/armv6-m\libg_nano.a(lib_a-sbrkr.o)
 .debug_frame   0x00002718       0x30 c:/program files (x86)/cypress/psoc creator/4.4/psoc creator/import/gnu/arm/5.4.1/bin/../lib/gcc/arm-none-eabi/5.4.1/../../../../arm-none-eabi/lib/armv6-m\libg_nano.a(lib_a-mlock.o)
 .debug_frame   0x00002748       0x20 c:/program files (x86)/cypress/psoc creator/4.4/psoc creator/import/gnu/arm/5.4.1/bin/../lib/gcc/arm-none-eabi/5.4.1/../../../../arm-none-eabi/lib/armv6-m\libg_nano.a(lib_a-nano-msizer.o)
 .debug_frame   0x00002768       0x48 c:/program files (x86)/cypress/psoc creator/4.4/psoc creator/import/gnu/arm/5.4.1/bin/../lib/gcc/arm-none-eabi/5.4.1/../../../../arm-none-eabi/lib/armv6-m\libg_nano.a(lib_a-reent.o)

.debug_str      0x00000000     0x4322
 *(.debug_str)
 .debug_str     0x00000000      0x3c2 .\CortexM0p\ARM_GCC_541\Debug\main.o
                                0x402 (size before relaxing)
 .debug_str     0x000003c2       0xc9 .\CortexM0p\ARM_GCC_541\Debug\cyfitter_cfg.o
                                0x253 (size before relaxing)
 .debug_str     0x0000048b       0x63 .\CortexM0p\ARM_GCC_541\Debug\cymetadata.o
                                0x1d0 (size before relaxing)
 .debug_str     0x000004ee      0x155 .\CortexM0p\ARM_GCC_541\Debug\Cm0plusStart.o
                                0x317 (size before relaxing)
 .debug_str     0x00000643      0x9e5 .\CortexM0p\ARM_GCC_541\Debug\wk1.a(CapSense_Control.o)
                                0xbbe (size before relaxing)
 .debug_str     0x00001028      0x267 .\CortexM0p\ARM_GCC_541\Debug\wk1.a(CapSense_Processing.o)
                                0xc25 (size before relaxing)
 .debug_str     0x0000128f      0x281 .\CortexM0p\ARM_GCC_541\Debug\wk1.a(CapSense_Structure.o)
                                0xc1d (size before relaxing)
 .debug_str     0x00001510      0x171 .\CortexM0p\ARM_GCC_541\Debug\wk1.a(CapSense_Tuner.o)
                                0x992 (size before relaxing)
 .debug_str     0x00001681      0x1ba .\CortexM0p\ARM_GCC_541\Debug\wk1.a(CapSense_Filter.o)
                                0x74f (size before relaxing)
 .debug_str     0x0000183b      0x670 .\CortexM0p\ARM_GCC_541\Debug\wk1.a(CapSense_Sensing.o)
                               0x106e (size before relaxing)
 .debug_str     0x00001eab      0x314 .\CortexM0p\ARM_GCC_541\Debug\wk1.a(CapSense_SensingCSX_LL.o)
                                0xf4f (size before relaxing)
 .debug_str     0x000021bf      0x2bf .\CortexM0p\ARM_GCC_541\Debug\wk1.a(CapSense_Centroid_LL.o)
                                0x797 (size before relaxing)
 .debug_str     0x0000247e      0xaf5 .\CortexM0p\ARM_GCC_541\Debug\wk1.a(CapSense_SelfTest.o)
                               0x186a (size before relaxing)
 .debug_str     0x00002f73       0xf7 .\CortexM0p\ARM_GCC_541\Debug\wk1.a(UART.o)
                                0x29f (size before relaxing)
 .debug_str     0x0000306a      0x1d8 .\CortexM0p\ARM_GCC_541\Debug\wk1.a(UART_UART.o)
                                0x3d0 (size before relaxing)
 .debug_str     0x00003242      0x14b .\CortexM0p\ARM_GCC_541\Debug\wk1.a(CapSense_ISR.o)
                                0x354 (size before relaxing)
 .debug_str     0x0000338d      0x761 .\CortexM0p\ARM_GCC_541\Debug\wk1.a(CyLib.o)
                                0xa27 (size before relaxing)
 .debug_str     0x00003aee      0x634 .\CortexM0p\ARM_GCC_541\Debug\wk1.a(CyLFClk.o)
                                0x8a1 (size before relaxing)
 .debug_str     0x00004122       0xe3 .\CortexM0p\ARM_GCC_541\Debug\wk1.a(UART_SPI_UART.o)
                                0x2d6 (size before relaxing)
 .debug_str     0x00004205      0x11d .\CortexM0p\ARM_GCC_541\Debug\wk1.a(CyFlash.o)
                                0x32a (size before relaxing)

.debug_loc      0x00000000     0x8161
 *(.debug_loc)
 .debug_loc     0x00000000      0x15a .\CortexM0p\ARM_GCC_541\Debug\main.o
 .debug_loc     0x0000015a       0x35 .\CortexM0p\ARM_GCC_541\Debug\cyfitter_cfg.o
 .debug_loc     0x0000018f      0x14f .\CortexM0p\ARM_GCC_541\Debug\Cm0plusStart.o
 .debug_loc     0x000002de      0x466 .\CortexM0p\ARM_GCC_541\Debug\wk1.a(CapSense_Control.o)
 .debug_loc     0x00000744      0x48c .\CortexM0p\ARM_GCC_541\Debug\wk1.a(CapSense_Processing.o)
 .debug_loc     0x00000bd0      0x598 .\CortexM0p\ARM_GCC_541\Debug\wk1.a(CapSense_Structure.o)
 .debug_loc     0x00001168      0x176 .\CortexM0p\ARM_GCC_541\Debug\wk1.a(CapSense_Tuner.o)
 .debug_loc     0x000012de      0x608 .\CortexM0p\ARM_GCC_541\Debug\wk1.a(CapSense_Filter.o)
 .debug_loc     0x000018e6      0x964 .\CortexM0p\ARM_GCC_541\Debug\wk1.a(CapSense_Sensing.o)
 .debug_loc     0x0000224a      0x795 .\CortexM0p\ARM_GCC_541\Debug\wk1.a(CapSense_SensingCSX_LL.o)
 .debug_loc     0x000029df     0x1255 .\CortexM0p\ARM_GCC_541\Debug\wk1.a(CapSense_Centroid_LL.o)
 .debug_loc     0x00003c34     0x1f04 .\CortexM0p\ARM_GCC_541\Debug\wk1.a(CapSense_SelfTest.o)
 .debug_loc     0x00005b38       0x7e .\CortexM0p\ARM_GCC_541\Debug\wk1.a(UART.o)
 .debug_loc     0x00005bb6      0x223 .\CortexM0p\ARM_GCC_541\Debug\wk1.a(UART_UART.o)
 .debug_loc     0x00005dd9       0x82 .\CortexM0p\ARM_GCC_541\Debug\wk1.a(CapSense_ISR.o)
 .debug_loc     0x00005e5b     0x162b .\CortexM0p\ARM_GCC_541\Debug\wk1.a(CyLib.o)
 .debug_loc     0x00007486      0xa88 .\CortexM0p\ARM_GCC_541\Debug\wk1.a(CyLFClk.o)
 .debug_loc     0x00007f0e       0x96 .\CortexM0p\ARM_GCC_541\Debug\wk1.a(UART_SPI_UART.o)
 .debug_loc     0x00007fa4      0x1bd .\CortexM0p\ARM_GCC_541\Debug\wk1.a(CyFlash.o)

.debug_macinfo
 *(.debug_macinfo)

.debug_ranges   0x00000000      0xb00
 *(.debug_ranges)
 .debug_ranges  0x00000000       0x40 .\CortexM0p\ARM_GCC_541\Debug\main.o
 .debug_ranges  0x00000040       0x28 .\CortexM0p\ARM_GCC_541\Debug\cyfitter_cfg.o
 .debug_ranges  0x00000068       0x38 .\CortexM0p\ARM_GCC_541\Debug\Cm0plusStart.o
 .debug_ranges  0x000000a0       0x58 .\CortexM0p\ARM_GCC_541\Debug\wk1.a(CapSense_Control.o)
 .debug_ranges  0x000000f8       0x38 .\CortexM0p\ARM_GCC_541\Debug\wk1.a(CapSense_Processing.o)
 .debug_ranges  0x00000130       0x48 .\CortexM0p\ARM_GCC_541\Debug\wk1.a(CapSense_Structure.o)
 .debug_ranges  0x00000178       0x18 .\CortexM0p\ARM_GCC_541\Debug\wk1.a(CapSense_Tuner.o)
 .debug_ranges  0x00000190       0x60 .\CortexM0p\ARM_GCC_541\Debug\wk1.a(CapSense_Filter.o)
 .debug_ranges  0x000001f0       0xd0 .\CortexM0p\ARM_GCC_541\Debug\wk1.a(CapSense_Sensing.o)
 .debug_ranges  0x000002c0       0x98 .\CortexM0p\ARM_GCC_541\Debug\wk1.a(CapSense_SensingCSX_LL.o)
 .debug_ranges  0x00000358       0x58 .\CortexM0p\ARM_GCC_541\Debug\wk1.a(CapSense_Centroid_LL.o)
 .debug_ranges  0x000003b0      0x1d8 .\CortexM0p\ARM_GCC_541\Debug\wk1.a(CapSense_SelfTest.o)
 .debug_ranges  0x00000588       0x48 .\CortexM0p\ARM_GCC_541\Debug\wk1.a(UART.o)
 .debug_ranges  0x000005d0       0x80 .\CortexM0p\ARM_GCC_541\Debug\wk1.a(UART_UART.o)
 .debug_ranges  0x00000650       0x70 .\CortexM0p\ARM_GCC_541\Debug\wk1.a(CapSense_ISR.o)
 .debug_ranges  0x000006c0      0x220 .\CortexM0p\ARM_GCC_541\Debug\wk1.a(CyLib.o)
 .debug_ranges  0x000008e0      0x198 .\CortexM0p\ARM_GCC_541\Debug\wk1.a(CyLFClk.o)
 .debug_ranges  0x00000a78       0x50 .\CortexM0p\ARM_GCC_541\Debug\wk1.a(UART_SPI_UART.o)
 .debug_ranges  0x00000ac8       0x38 .\CortexM0p\ARM_GCC_541\Debug\wk1.a(CyFlash.o)

.comment        0x00000000       0x6e
 .comment       0x00000000       0x6e .\CortexM0p\ARM_GCC_541\Debug\main.o
                                 0x6f (size before relaxing)
 .comment       0x0000006e       0x6f .\CortexM0p\ARM_GCC_541\Debug\cyfitter_cfg.o
 .comment       0x0000006e       0x6f .\CortexM0p\ARM_GCC_541\Debug\cymetadata.o
 .comment       0x0000006e       0x6f .\CortexM0p\ARM_GCC_541\Debug\Cm0plusStart.o
 .comment       0x0000006e       0x6f .\CortexM0p\ARM_GCC_541\Debug\wk1.a(CapSense_Control.o)
 .comment       0x0000006e       0x6f .\CortexM0p\ARM_GCC_541\Debug\wk1.a(CapSense_Processing.o)
 .comment       0x0000006e       0x6f .\CortexM0p\ARM_GCC_541\Debug\wk1.a(CapSense_Structure.o)
 .comment       0x0000006e       0x6f .\CortexM0p\ARM_GCC_541\Debug\wk1.a(CapSense_Tuner.o)
 .comment       0x0000006e       0x6f .\CortexM0p\ARM_GCC_541\Debug\wk1.a(CapSense_Filter.o)
 .comment       0x0000006e       0x6f .\CortexM0p\ARM_GCC_541\Debug\wk1.a(CapSense_Sensing.o)
 .comment       0x0000006e       0x6f .\CortexM0p\ARM_GCC_541\Debug\wk1.a(CapSense_SensingCSX_LL.o)
 .comment       0x0000006e       0x6f .\CortexM0p\ARM_GCC_541\Debug\wk1.a(CapSense_Centroid_LL.o)
 .comment       0x0000006e       0x6f .\CortexM0p\ARM_GCC_541\Debug\wk1.a(CapSense_SelfTest.o)
 .comment       0x0000006e       0x6f .\CortexM0p\ARM_GCC_541\Debug\wk1.a(UART.o)
 .comment       0x0000006e       0x6f .\CortexM0p\ARM_GCC_541\Debug\wk1.a(UART_UART.o)
 .comment       0x0000006e       0x6f .\CortexM0p\ARM_GCC_541\Debug\wk1.a(CapSense_ISR.o)
 .comment       0x0000006e       0x6f .\CortexM0p\ARM_GCC_541\Debug\wk1.a(CyLib.o)
 .comment       0x0000006e       0x6f .\CortexM0p\ARM_GCC_541\Debug\wk1.a(CyLFClk.o)
 .comment       0x0000006e       0x6f .\CortexM0p\ARM_GCC_541\Debug\wk1.a(UART_SPI_UART.o)
 .comment       0x0000006e       0x6f .\CortexM0p\ARM_GCC_541\Debug\wk1.a(CyFlash.o)

.debug_weaknames
 *(.debug_weaknames)

.debug_funcnames
 *(.debug_funcnames)

.debug_typenames
 *(.debug_typenames)

.debug_varnames
 *(.debug_varnames)

.note.gnu.arm.ident
 *(.note.gnu.arm.ident)

.ARM.attributes
                0x00000000       0x28
 *(.ARM.attributes)
 .ARM.attributes
                0x00000000       0x1e c:/program files (x86)/cypress/psoc creator/4.4/psoc creator/import/gnu/arm/5.4.1/bin/../lib/gcc/arm-none-eabi/5.4.1/armv6-m/crti.o
 .ARM.attributes
                0x0000001e       0x2c c:/program files (x86)/cypress/psoc creator/4.4/psoc creator/import/gnu/arm/5.4.1/bin/../lib/gcc/arm-none-eabi/5.4.1/armv6-m/crtbegin.o
 .ARM.attributes
                0x0000004a       0x1b c:/program files (x86)/cypress/psoc creator/4.4/psoc creator/import/gnu/arm/5.4.1/bin/../lib/gcc/arm-none-eabi/5.4.1/../../../../arm-none-eabi/lib/armv6-m/crt0.o
 .ARM.attributes
                0x00000065       0x32 .\CortexM0p\ARM_GCC_541\Debug\main.o
 .ARM.attributes
                0x00000097       0x32 .\CortexM0p\ARM_GCC_541\Debug\cyfitter_cfg.o
 .ARM.attributes
                0x000000c9       0x32 .\CortexM0p\ARM_GCC_541\Debug\cymetadata.o
 .ARM.attributes
                0x000000fb       0x32 .\CortexM0p\ARM_GCC_541\Debug\Cm0plusStart.o
 .ARM.attributes
                0x0000012d       0x32 .\CortexM0p\ARM_GCC_541\Debug\wk1.a(CapSense_Control.o)
 .ARM.attributes
                0x0000015f       0x32 .\CortexM0p\ARM_GCC_541\Debug\wk1.a(CapSense_Processing.o)
 .ARM.attributes
                0x00000191       0x32 .\CortexM0p\ARM_GCC_541\Debug\wk1.a(CapSense_Structure.o)
 .ARM.attributes
                0x000001c3       0x32 .\CortexM0p\ARM_GCC_541\Debug\wk1.a(CapSense_Tuner.o)
 .ARM.attributes
                0x000001f5       0x32 .\CortexM0p\ARM_GCC_541\Debug\wk1.a(CapSense_Filter.o)
 .ARM.attributes
                0x00000227       0x32 .\CortexM0p\ARM_GCC_541\Debug\wk1.a(CapSense_Sensing.o)
 .ARM.attributes
                0x00000259       0x32 .\CortexM0p\ARM_GCC_541\Debug\wk1.a(CapSense_SensingCSX_LL.o)
 .ARM.attributes
                0x0000028b       0x32 .\CortexM0p\ARM_GCC_541\Debug\wk1.a(CapSense_Centroid_LL.o)
 .ARM.attributes
                0x000002bd       0x32 .\CortexM0p\ARM_GCC_541\Debug\wk1.a(CapSense_SelfTest.o)
 .ARM.attributes
                0x000002ef       0x32 .\CortexM0p\ARM_GCC_541\Debug\wk1.a(UART.o)
 .ARM.attributes
                0x00000321       0x32 .\CortexM0p\ARM_GCC_541\Debug\wk1.a(UART_UART.o)
 .ARM.attributes
                0x00000353       0x32 .\CortexM0p\ARM_GCC_541\Debug\wk1.a(CapSense_ISR.o)
 .ARM.attributes
                0x00000385       0x32 .\CortexM0p\ARM_GCC_541\Debug\wk1.a(CyLib.o)
 .ARM.attributes
                0x000003b7       0x32 .\CortexM0p\ARM_GCC_541\Debug\wk1.a(CyLFClk.o)
 .ARM.attributes
                0x000003e9       0x22 .\CortexM0p\ARM_GCC_541\Debug\wk1.a(CyBootAsmGnu.o)
 .ARM.attributes
                0x0000040b       0x32 .\CortexM0p\ARM_GCC_541\Debug\wk1.a(UART_SPI_UART.o)
 .ARM.attributes
                0x0000043d       0x32 .\CortexM0p\ARM_GCC_541\Debug\wk1.a(CyFlash.o)
 .ARM.attributes
                0x0000046f       0x1e c:/program files (x86)/cypress/psoc creator/4.4/psoc creator/import/gnu/arm/5.4.1/bin/../lib/gcc/arm-none-eabi/5.4.1/armv6-m\libgcc.a(_udivsi3.o)
 .ARM.attributes
                0x0000048d       0x1e c:/program files (x86)/cypress/psoc creator/4.4/psoc creator/import/gnu/arm/5.4.1/bin/../lib/gcc/arm-none-eabi/5.4.1/armv6-m\libgcc.a(_divsi3.o)
 .ARM.attributes
                0x000004ab       0x1e c:/program files (x86)/cypress/psoc creator/4.4/psoc creator/import/gnu/arm/5.4.1/bin/../lib/gcc/arm-none-eabi/5.4.1/armv6-m\libgcc.a(_dvmd_tls.o)
 .ARM.attributes
                0x000004c9       0x1e c:/program files (x86)/cypress/psoc creator/4.4/psoc creator/import/gnu/arm/5.4.1/bin/../lib/gcc/arm-none-eabi/5.4.1/armv6-m\libgcc.a(_aeabi_uldivmod.o)
 .ARM.attributes
                0x000004e7       0x2c c:/program files (x86)/cypress/psoc creator/4.4/psoc creator/import/gnu/arm/5.4.1/bin/../lib/gcc/arm-none-eabi/5.4.1/armv6-m\libgcc.a(_muldi3.o)
 .ARM.attributes
                0x00000513       0x2c c:/program files (x86)/cypress/psoc creator/4.4/psoc creator/import/gnu/arm/5.4.1/bin/../lib/gcc/arm-none-eabi/5.4.1/armv6-m\libgcc.a(_udivmoddi4.o)
 .ARM.attributes
                0x0000053f       0x1e c:/program files (x86)/cypress/psoc creator/4.4/psoc creator/import/gnu/arm/5.4.1/bin/../lib/gcc/arm-none-eabi/5.4.1/armv6-m\libgcc.a(_clzdi2.o)
 .ARM.attributes
                0x0000055d       0x1e c:/program files (x86)/cypress/psoc creator/4.4/psoc creator/import/gnu/arm/5.4.1/bin/../lib/gcc/arm-none-eabi/5.4.1/armv6-m\libgcc.a(_clzsi2.o)
 .ARM.attributes
                0x0000057b       0x2c c:/program files (x86)/cypress/psoc creator/4.4/psoc creator/import/gnu/arm/5.4.1/bin/../lib/gcc/arm-none-eabi/5.4.1/../../../../arm-none-eabi/lib/armv6-m\libg_nano.a(lib_a-errno.o)
 .ARM.attributes
                0x000005a7       0x2c c:/program files (x86)/cypress/psoc creator/4.4/psoc creator/import/gnu/arm/5.4.1/bin/../lib/gcc/arm-none-eabi/5.4.1/../../../../arm-none-eabi/lib/armv6-m\libg_nano.a(lib_a-exit.o)
 .ARM.attributes
                0x000005d3       0x2c c:/program files (x86)/cypress/psoc creator/4.4/psoc creator/import/gnu/arm/5.4.1/bin/../lib/gcc/arm-none-eabi/5.4.1/../../../../arm-none-eabi/lib/armv6-m\libg_nano.a(lib_a-impure.o)
 .ARM.attributes
                0x000005ff       0x2c c:/program files (x86)/cypress/psoc creator/4.4/psoc creator/import/gnu/arm/5.4.1/bin/../lib/gcc/arm-none-eabi/5.4.1/../../../../arm-none-eabi/lib/armv6-m\libg_nano.a(lib_a-init.o)
 .ARM.attributes
                0x0000062b       0x2c c:/program files (x86)/cypress/psoc creator/4.4/psoc creator/import/gnu/arm/5.4.1/bin/../lib/gcc/arm-none-eabi/5.4.1/../../../../arm-none-eabi/lib/armv6-m\libg_nano.a(lib_a-memcpy-stub.o)
 .ARM.attributes
                0x00000657       0x2c c:/program files (x86)/cypress/psoc creator/4.4/psoc creator/import/gnu/arm/5.4.1/bin/../lib/gcc/arm-none-eabi/5.4.1/../../../../arm-none-eabi/lib/armv6-m\libg_nano.a(lib_a-memset.o)
 .ARM.attributes
                0x00000683       0x2c c:/program files (x86)/cypress/psoc creator/4.4/psoc creator/import/gnu/arm/5.4.1/bin/../lib/gcc/arm-none-eabi/5.4.1/../../../../arm-none-eabi/lib/armv6-m\libg_nano.a(lib_a-sprintf.o)
 .ARM.attributes
                0x000006af       0x2c c:/program files (x86)/cypress/psoc creator/4.4/psoc creator/import/gnu/arm/5.4.1/bin/../lib/gcc/arm-none-eabi/5.4.1/../../../../arm-none-eabi/lib/armv6-m\libg_nano.a(lib_a-nano-svfprintf.o)
 .ARM.attributes
                0x000006db       0x2c c:/program files (x86)/cypress/psoc creator/4.4/psoc creator/import/gnu/arm/5.4.1/bin/../lib/gcc/arm-none-eabi/5.4.1/../../../../arm-none-eabi/lib/armv6-m\libg_nano.a(lib_a-nano-vfprintf_i.o)
 .ARM.attributes
                0x00000707       0x2c c:/program files (x86)/cypress/psoc creator/4.4/psoc creator/import/gnu/arm/5.4.1/bin/../lib/gcc/arm-none-eabi/5.4.1/../../../../arm-none-eabi/lib/armv6-m\libg_nano.a(lib_a-memchr-stub.o)
 .ARM.attributes
                0x00000733       0x2c c:/program files (x86)/cypress/psoc creator/4.4/psoc creator/import/gnu/arm/5.4.1/bin/../lib/gcc/arm-none-eabi/5.4.1/../../../../arm-none-eabi/lib/armv6-m\libg_nano.a(lib_a-memmove.o)
 .ARM.attributes
                0x0000075f       0x2c c:/program files (x86)/cypress/psoc creator/4.4/psoc creator/import/gnu/arm/5.4.1/bin/../lib/gcc/arm-none-eabi/5.4.1/../../../../arm-none-eabi/lib/armv6-m\libg_nano.a(lib_a-nano-freer.o)
 .ARM.attributes
                0x0000078b       0x2c c:/program files (x86)/cypress/psoc creator/4.4/psoc creator/import/gnu/arm/5.4.1/bin/../lib/gcc/arm-none-eabi/5.4.1/../../../../arm-none-eabi/lib/armv6-m\libg_nano.a(lib_a-nano-mallocr.o)
 .ARM.attributes
                0x000007b7       0x2c c:/program files (x86)/cypress/psoc creator/4.4/psoc creator/import/gnu/arm/5.4.1/bin/../lib/gcc/arm-none-eabi/5.4.1/../../../../arm-none-eabi/lib/armv6-m\libg_nano.a(lib_a-nano-reallocr.o)
 .ARM.attributes
                0x000007e3       0x2c c:/program files (x86)/cypress/psoc creator/4.4/psoc creator/import/gnu/arm/5.4.1/bin/../lib/gcc/arm-none-eabi/5.4.1/../../../../arm-none-eabi/lib/armv6-m\libg_nano.a(lib_a-sbrkr.o)
 .ARM.attributes
                0x0000080f       0x2c c:/program files (x86)/cypress/psoc creator/4.4/psoc creator/import/gnu/arm/5.4.1/bin/../lib/gcc/arm-none-eabi/5.4.1/../../../../arm-none-eabi/lib/armv6-m\libg_nano.a(lib_a-mlock.o)
 .ARM.attributes
                0x0000083b       0x2c c:/program files (x86)/cypress/psoc creator/4.4/psoc creator/import/gnu/arm/5.4.1/bin/../lib/gcc/arm-none-eabi/5.4.1/../../../../arm-none-eabi/lib/armv6-m\libg_nano.a(lib_a-nano-msizer.o)
 .ARM.attributes
                0x00000867       0x2c c:/program files (x86)/cypress/psoc creator/4.4/psoc creator/import/gnu/arm/5.4.1/bin/../lib/gcc/arm-none-eabi/5.4.1/../../../../arm-none-eabi/lib/armv6-m\libg_nano.a(lib_a-reent.o)
 .ARM.attributes
                0x00000893       0x2c c:/program files (x86)/cypress/psoc creator/4.4/psoc creator/import/gnu/arm/5.4.1/bin/../lib/gcc/arm-none-eabi/5.4.1/armv6-m/crtend.o
 .ARM.attributes
                0x000008bf       0x1e c:/program files (x86)/cypress/psoc creator/4.4/psoc creator/import/gnu/arm/5.4.1/bin/../lib/gcc/arm-none-eabi/5.4.1/armv6-m/crtn.o

/DISCARD/
 *(.note.GNU-stack)
OUTPUT(\\Mac\Home\Documents\PSoC Creator\touch-panel\CC03\CC03_CSX\wk1.cydsn\CortexM0p\ARM_GCC_541\Debug\wk1.elf elf32-littlearm)
